I/System.out( 2709): GPS来时间：2018~~~~9~~~~~~19~~~~~15~~~~~45~~~~~0
D/alarmDebug( 2512): setKernel, wakeup at 2131
I/test_install( 2709): 进入 StartReceiver
D/GpsLocationProvider( 2512): gps_ni_notify_callback
I/GpsLocationProvider( 2512): reportNiNotification: entered
I/GpsLocationProvider( 2512): notificationId: 43962, niType: 3, notifyFlags: 0, timeout: 0, defaultResponse: 3
I/GpsLocationProvider( 2512): requestorId: , text: , requestorIdEncoding: 0, textEncoding: 0
D/GpsNetInitiatedHandler( 2512): handleNiNotification notificationId: 43962 requestorId:  text: 
I/System.out( 2709): 安卓屏来请求：N_location_report_notify   参数：{"longitude":121.59492666666665,"gpsTime":1539935137000,"latitude":31.20935833333333,"gpsNum":7,"speed":0,"direction":352.8900146484375}
I/System.out( 2709): GPS来时间：2018~~~~9~~~~~~19~~~~~15~~~~~45~~~~~0
D/GpsLocationProvider( 2512): gps_ni_notify_callback
I/GpsLocationProvider( 2512): reportNiNotification: entered
I/GpsLocationProvider( 2512): notificationId: 43962, niType: 3, notifyFlags: 0, timeout: 0, defaultResponse: 3
I/GpsLocationProvider( 2512): requestorId: , text: , requestorIdEncoding: 0, textEncoding: 0
D/GpsNetInitiatedHandler( 2512): handleNiNotification notificationId: 43962 requestorId:  text: 
I/System.out( 2709): 安卓屏来请求：N_location_report_notify   参数：{"longitude":121.594925,"gpsTime":1539935138000,"latitude":31.20936,"gpsNum":7,"speed":0,"direction":352.8900146484375}
I/System.out( 2709): GPS来时间：2018~~~~9~~~~~~19~~~~~15~~~~~45~~~~~0
I/System.out( 2709): 安卓屏来请求：Q_device_status_query   参数：{}
I/System.out( 2709): data from 570：7e 07 06 07 00 eb 03 00 00 1b 00 00 00 09 03 04 fb 7e
I/System.out( 2709): 状态--alarmState1:0alarmState2:0
I/System.out( 2709): 设备状态：{"loginState":1,"meter":1,"hechengState":0,"gateway":1,"accState":0,"gps":9,"alermState":0,"gsm":3,"callingUpState":0,"net":4,"connectState":1}
I/System.out( 2709): 570CostTime[1543]:1
I/System.out( 2709): N_device_status_notify:updateTopView:true
I/System.out( 2709): N_device_status_notify:updateTopView:{"loginState":1,"meter":1,"hechengState":0,"gateway":1,"accState":0,"gps":9,"alermState":0,"gsm":3,"callingUpState":0,"net":4,"connectState":1}
I/System.out( 2709): javascriptNotify:setTopView:{"loginState":1,"meter":1,"hechengState":0,"gateway":1,"accState":0,"gps":9,"alermState":0,"gsm":3,"callingUpState":0,"net":4,"connectState":1}
I/chromium( 2709): [INFO:CONSOLE(1244)] "updateScreenDisplay:0", source: file:///android_asset/www/js/controllersBaoDing.js (1244)
I/System.out( 2709): data from 570：7e 12 07 1a 00 ec 03 00 00 00 00 00 00 f9 3b 59 04 3b bb 1d 01 00 00 a6 20 18 10 19 15 45 39 09 00 00 00 14 7e
I/System.out( 2709): 570CostTime[1810]:1
I/System.out( 2709): javascriptNotify:updateVehicleSpeed:{"state":0,"longitude":121.59486833333334,"gpsTime":"20181019154539","latitude":31.209485,"gpsNum":9,"speed":0,"direction":332}
D/GpsLocationProvider( 2512): gps_ni_notify_callback
I/GpsLocationProvider( 2512): reportNiNotification: entered
I/GpsLocationProvider( 2512): notificationId: 43962, niType: 3, notifyFlags: 0, timeout: 0, defaultResponse: 3
I/GpsLocationProvider( 2512): requestorId: , text: , requestorIdEncoding: 0, textEncoding: 0
D/GpsNetInitiatedHandler( 2512): handleNiNotification notificationId: 43962 requestorId:  text: 
I/System.out( 2709): 安卓屏来请求：N_location_report_notify   参数：{"longitude":121.594925,"gpsTime":1539935139000,"latitude":31.209363333333332,"gpsNum":7,"speed":0,"direction":352.8900146484375}
I/System.out( 2709): GPS来时间：2018~~~~9~~~~~~19~~~~~15~~~~~45~~~~~0
D/GpsLocationProvider( 2512): gps_ni_notify_callback
I/GpsLocationProvider( 2512): reportNiNotification: entered
I/GpsLocationProvider( 2512): notificationId: 43962, niType: 3, notifyFlags: 0, timeout: 0, defaultResponse: 3
I/GpsLocationProvider( 2512): requestorId: , text: , requestorIdEncoding: 0, textEncoding: 0
D/GpsNetInitiatedHandler( 2512): handleNiNotification notificationId: 43962 requestorId:  text: 
I/System.out( 2709): 安卓屏来请求：N_location_report_notify   参数：{"longitude":121.59492333333334,"gpsTime":1539935140000,"latitude":31.209366666666664,"gpsNum":7,"speed":0,"direction":352.8900146484375}
I/System.out( 2709): GPS来时间：2018~~~~9~~~~~~19~~~~~15~~~~~45~~~~~0
D/GpsLocationProvider( 2512): gps_ni_notify_callback
I/GpsLocationProvider( 2512): reportNiNotification: entered
I/GpsLocationProvider( 2512): notificationId: 43962, niType: 3, notifyFlags: 0, timeout: 0, defaultResponse: 3
I/GpsLocationProvider( 2512): requestorId: , text: , requestorIdEncoding: 0, textEncoding: 0
D/GpsNetInitiatedHandler( 2512): handleNiNotification notificationId: 43962 requestorId:  text: 
I/System.out( 2709): 安卓屏来请求：N_location_report_notify   参数：{"longitude":121.59492333333334,"gpsTime":1539935141000,"latitude":31.209366666666664,"gpsNum":7,"speed":0,"direction":352.8900146484375}
I/System.out( 2709): GPS来时间：2018~~~~9~~~~~~19~~~~~15~~~~~45~~~~~0
I/test_install( 2709): 进入 StartReceiver
D/alarmDebug( 2512): setKernel, wakeup at 2136
I/chromium( 2709): [INFO:CONSOLE(40)] "FleetyCordova.request", source: file:///android_asset/www/FleetyCordovaInterface.js (40)
I/System.out( 2709): level:info tag=FleetyCordovaPlugin message=action=h5Heart [{"head":{"id":334,"action":"h5Heart","time":1539935142537},"body":{}}]
I/System.out( 2709): heart update:2132280
I/FleetyCordovaPlugin( 2709): action=h5Heart [{"head":{"id":334,"action":"h5Heart","time":1539935142537},"body":{}}]
I/System.out( 2709): json:{"musicJson":{"maxMusic":32,"musicRatio":63,"currentMusic":20},"alarmJson":{"alarmRatio":71,"currentAlarm":6,"maxAlarm":7},"brightnessJson":{"currentBright":204,"maxBright":255,"brightRatio":80},"systemJson":{"systemRatio":71,"maxSystem":7,"currentSystem":5}}
D/GpsLocationProvider( 2512): gps_ni_notify_callback
I/GpsLocationProvider( 2512): reportNiNotification: entered
I/GpsLocationProvider( 2512): notificationId: 43962, niType: 3, notifyFlags: 0, timeout: 0, defaultResponse: 3
I/GpsLocationProvider( 2512): requestorId: , text: , requestorIdEncoding: 0, textEncoding: 0
D/GpsNetInitiatedHandler( 2512): handleNiNotification notificationId: 43962 requestorId:  text: 
I/System.out( 2709): 安卓屏来请求：N_location_report_notify   参数：{"longitude":121.59492166666665,"gpsTime":1539935142000,"latitude":31.209365000000002,"gpsNum":7,"speed":0,"direction":352.8900146484375}
I/System.out( 2709): GPS来时间：2018~~~~9~~~~~~19~~~~~15~~~~~45~~~~~0
D/hwcomposer( 1627): ### foce-gpu=1, force-frame:11111
D/hwcomposer( 1627): to force gpu, 0
D/hwcomposer( 1627): Force GPU Composer
D/GpsLocationProvider( 2512): gps_ni_notify_callback
I/GpsLocationProvider( 2512): reportNiNotification: entered
I/GpsLocationProvider( 2512): notificationId: 43962, niType: 3, notifyFlags: 0, timeout: 0, defaultResponse: 3
I/GpsLocationProvider( 2512): requestorId: , text: , requestorIdEncoding: 0, textEncoding: 0
D/GpsNetInitiatedHandler( 2512): handleNiNotification notificationId: 43962 requestorId:  text: 
I/System.out( 2709): 安卓屏来请求：N_location_report_notify   参数：{"longitude":121.59492,"gpsTime":1539935143000,"latitude":31.209363333333332,"gpsNum":7,"speed":0,"direction":352.8900146484375}
I/System.out( 2709): GPS来时间：2018~~~~9~~~~~~19~~~~~15~~~~~45~~~~~0
I/System.out( 2709): data from 570：7e 02 06 2e 00 ed 03 00 00 01 bb b6 d3 ad c4 fa b3 cb d7 f8 b1 be b4 ce b3 f6 d7 e2 b3 b5 a3 ac c7 eb c4 fa b6 d4 b1 be b4 ce b7 fe ce f1 bd f8 d0 d0 c6 c0 bc db 00 84 7e
I/System.out( 2709): isTTS:1
I/System.out( 2709): 570CostTime[1538]:1
I/System.out( 2709):  N_down_message_notify:{"content":"欢迎您乘坐本次出租车，请您对本次服务进行评价","isTTS":1}
I/System.out( 2709): music:aaaaaaaa-->N_down_message_notify-->{"content":"欢迎您乘坐本次出租车，请您对本次服务进行评价","level":1}
I/System.out( 2709): javascriptNotify:messageNotife:{"content":"欢迎您乘坐本次出租车，请您对本次服务进行评价","isTTS":1}
I/System.out( 2709): getTextBybetweenBIGASCII:欢迎您乘坐本次出租车，请您对本次服务进行评价
I/System.out( 2709): 安卓屏来请求：Q_device_status_query   参数：{}
I/System.out( 2709): -----N_tts_start_notify
I/chromium( 2709): [INFO:CONSOLE(4011)] "报文:{"content":"欢迎您乘坐本次出租车，请您对本次服务进行评价","isTTS":1}", source: file:///android_asset/www/js/controllersBaoDing.js (4011)
D/NaviInfo( 2937): Calling process is: com.iflytek.speechcloud:tts_service
D/NaviInfo( 2937): liuliang pid = 2937, name = com.iflytek.speechcloud:tts_service
D/LOGGER  ( 2937): luacFramework_GetEnv() [in]
D/LOGGER  ( 2937): luacFramework_GetEnv() [out]
V/audio_hw_primary( 1630): start_output_stream, line: 1956
D/audio_hw_primary( 1630): line:1766,select_output_device,adev->mode:0, AUDIO_MODE_RINGTONE:1, AUDIO_MODE_NORMAL:0
V/audio_hw_primary( 1630): normal mode, ****LINE:1783,FUNC:select_output_device, adev->out_device:2
V/audio_hw_primary( 1630): use AUDIO_CODEC to playback audio
D/alsa_pcm( 1630): ####@@@@@####@@@@config->raw_flag = 1#####%%
V/audio_hw_primary( 1630): do not use out resampler
V/audio_hw_primary( 1630): use AUDIO_SPDIF to playback audio
D/alsa_pcm( 1630): ####@@@@@####@@@@config->raw_flag = 1#####%%
V/audio_hw_primary( 1630): do not use out resampler
I/System.out( 2709): data from 570：7e 07 06 07 00 ee 03 00 00 0b 00 00 00 09 03 04 ee 7e 7e 21 06 6c 00 ef 03 00 00 20 41 54 38 34 34 00 00 00 00 00 00 00 00 00 00 00 00 00 00 00 00 33 35 30 31 30 33 31 39 36 38 30 34 30 34 30 32 33 38 00 18 10 19 15 38 15 42 00 00 00 00 00 00 00 00 00 03 00 01 00 00 00 20 00 00 00 01 00 20 09 20 18 10 19 15 45 43 52 50 21 03 00 01 00 22 0f 39 39 36 31 37 31 32 31 32 37 36 38 36 36 39 23 04 6b fb a6 22 00 00 00 00 00 00 00 ed 7e
I/System.out( 2709): 状态--alarmState1:0alarmState2:0
I/System.out( 2709): 设备状态：{"loginState":1,"meter":0,"hechengState":0,"gateway":1,"accState":0,"gps":9,"alermState":0,"gsm":3,"callingUpState":0,"net":4,"connectState":1}
I/System.out( 2709): 570CostTime[1543]:1
I/System.out( 2709): N_device_status_notify:updateTopView:true
I/System.out( 2709): N_device_status_notify:updateTopView:{"loginState":1,"meter":0,"hechengState":0,"gateway":1,"accState":0,"gps":9,"alermState":0,"gsm":3,"callingUpState":0,"net":4,"connectState":1}
I/System.out( 2709): javascriptNotify:setTopView:{"loginState":1,"meter":0,"hechengState":0,"gateway":1,"accState":0,"gps":9,"alermState":0,"gsm":3,"callingUpState":0,"net":4,"connectState":1}
I/chromium( 2709): [INFO:CONSOLE(1244)] "updateScreenDisplay:0", source: file:///android_asset/www/js/controllersBaoDing.js (1244)
I/System.out( 2709): 计时时间：00时  03分钟   
I/System.out( 2709): createTime:20 18 10 19 15 45 43 52 50-->20181019154543525
I/System.out( 2709): unionPrice:39 39 36 31 37 31 32 31 32 37 36 38 36 36 39-->996171212768669
I/System.out( 2709): businessId:581368683
I/System.out( 2709): plateNumber:AT844   businessLicenseNo:   certificateOfEmployment350103196804040238    boardingTime2018-10-19 15:38  alightingTime15:42   operatingMileage:000000   EmptyMileage0000    money000100   extraCharge:000000   time:0003   radioCallSurcharge
I/System.out( 2709): 570CostTime[1569]:12
I/System.out( 2709):  N_operational_data_notify:{"createTime":"20181019154543525","oldPrice":10,"extraCharge":"000000","businessLicenseNo":"","operatingMileage":0,"weChatQr":"","merId":"996171212768669","type":0,"certificateOfEmployment":"350103196804040238","timeH":"00","boardingTime":"2018-10-19 15:38","unionPrice":"0001000","time":"0003","timeM":"03","EmptyMileage":0,"money":10,"aliPay":"","plateNumber":"AT844","businessId":581368683,"trainNumber":2097152}
I/System.out( 2709):  N_operational_data_notify1json22:{"createTime":"20181019154543525","oldPrice":10,"extraCharge":"000000","businessLicenseNo":"","operatingMileage":0,"weChatQr":"","merId":"996171212768669","type":0,"certificateOfEmployment":"350103196804040238","timeH":"00","boardingTime":"2018-10-19 15:38","unionPrice":"0001000","time":"0003","timeM":"03","EmptyMileage":0,"money":10,"aliPay":"","plateNumber":"AT844","businessId":581368683,"trainNumber":2097152}
I/System.out( 2709): javascriptNotify:showRatedrModalByAndroid:{"createTime":"20181019154543525","oldPrice":10,"extraCharge":"000000","businessLicenseNo":"","operatingMileage":0,"weChatQr":"","merId":"996171212768669","type":0,"certificateOfEmployment":"350103196804040238","timeH":"00","boardingTime":"2018-10-19 15:38","unionPrice":"0001000","time":"0003","timeM":"03","EmptyMileage":0,"money":10,"aliPay":"","plateNumber":"AT844","businessId":581368683,"trainNumber":2097152}
I/System.out( 2709):  N_operational_data_notify1obj1:{"id":581368683,"type":1,"merId":"996171212768669","time":"20181019154543525"}
I/System.out( 2709): 安卓屏来请求：N_createUnionPayOrder_notify   参数：{"id":581368683,"type":1,"merId":"996171212768669","time":"20181019154543525"}
I/System.out( 2709):  N_operational_data_notify1json:{"createTime":"20181019154543525","oldPrice":10,"extraCharge":"000000","businessLicenseNo":"","operatingMileage":0,"weChatQr":"","merId":"996171212768669","type":0,"certificateOfEmployment":"350103196804040238","timeH":"00","boardingTime":"2018-10-19 15:38","unionPrice":"0001000","time":"0003","timeM":"03","EmptyMileage":0,"money":10,"aliPay":"","plateNumber":"AT844","businessId":581368683,"trainNumber":2097152}
I/System.out( 2709): start nqr
I/System.out( 2709): music:aaaaaaaa-->N_operational_data_notify-->{"content":"请扫描二维码或刷银联卡支付","level":1}
I/System.out( 2709): data from 570：7e 40 06 10 00 f0 03 00 00 f7 3b 59 04 39 bb 1d 01 f9 3b 59 04 3a bb 1d 01 a8 7e 7e 12 07 1a 00 f1 03 00 00 00 00 00 00 f9 3b 59 04 3a bb 1d 01 00 00 a6 20 18 10 19 15 45 43 09 00 00 00 72 7e 7e 07 06 07 00 f2 03 00 00 0b 00 00 00 09 03 04 f2 7e
I/System.out( 2709): 570CostTime[1600]:0
I/System.out( 2709): 570CostTime[1810]:1
I/System.out( 2709): 状态--alarmState1:0alarmState2:0
I/System.out( 2709): javascriptNotify:updateVehicleSpeed:{"state":0,"longitude":121.59486833333334,"gpsTime":"20181019154543","latitude":31.209483333333335,"gpsNum":9,"speed":0,"direction":332}
I/System.out( 2709): 设备状态：{"loginState":1,"meter":0,"hechengState":0,"gateway":1,"accState":0,"gps":9,"alermState":0,"gsm":3,"callingUpState":0,"net":4,"connectState":1}
I/System.out( 2709): 570CostTime[1543]:7
I/System.out( 2709): N_device_status_notify:updateTopView:true
I/System.out( 2709): N_device_status_notify:updateTopView:{"loginState":1,"meter":0,"hechengState":0,"gateway":1,"accState":0,"gps":9,"alermState":0,"gsm":3,"callingUpState":0,"net":4,"connectState":1}
I/System.out( 2709): javascriptNotify:setTopView:{"loginState":1,"meter":0,"hechengState":0,"gateway":1,"accState":0,"gps":9,"alermState":0,"gsm":3,"callingUpState":0,"net":4,"connectState":1}
I/ACP_SDK_LOG( 2709): ACP_SDK_LOG打印请求报文域 :
D/LOGGER  ( 2937): gethostbyname(scs.openspeech.cn) start
I/ACP_SDK_LOG( 2709): ACP_SDK_LOGtxnType-->01
I/ACP_SDK_LOG( 2709): ACP_SDK_LOGcurrencyCode-->156
I/ACP_SDK_LOG( 2709): ACP_SDK_LOGchannelType-->08
I/ACP_SDK_LOG( 2709): ACP_SDK_LOGmerId-->996171212768669
I/ACP_SDK_LOG( 2709): ACP_SDK_LOGtxnSubType-->07
I/ACP_SDK_LOG( 2709): ACP_SDK_LOGtxnAmt-->0001000
I/ACP_SDK_LOG( 2709): ACP_SDK_LOGversion-->5.1.0
I/ACP_SDK_LOG( 2709): ACP_SDK_LOGsignMethod-->01
I/ACP_SDK_LOG( 2709): ACP_SDK_LOGbackUrl-->http://www.tcinfo.cn/taxi/cupFront/backRcvResponse
I/ACP_SDK_LOG( 2709): ACP_SDK_LOGencoding-->UTF-8
I/ACP_SDK_LOG( 2709): ACP_SDK_LOGbizType-->000000
I/ACP_SDK_LOG( 2709): ACP_SDK_LOGorderId-->866920181019154543525
I/ACP_SDK_LOG( 2709): ACP_SDK_LOGtxnTime-->20181019154543
D/LOGGER  ( 2937): gethostbyname(scs.openspeech.cn) ret=0, errno=0, h_errno=166
I/ACP_SDK_LOG( 2709): ACP_SDK_LOGaccessType-->0
I/System.out( 2709): signMethod:01 version:5.1.0
I/chromium( 2709): [INFO:CONSOLE(1244)] "updateScreenDisplay:0", source: file:///android_asset/www/js/controllersBaoDing.js (1244)
I/[Gralloc]( 2709): ion_alloc from ion_client:134 via heap type DMA/CARVEOUT(mask:0x00000014) for 589824 Bytes cached buffer successfully, usage = 0x00000133
D/dalvikvm( 2709): GC_CONCURRENT freed 1393K, 39% free 4372K/7108K, paused 3ms+4ms, total 51ms
D/dalvikvm( 2709): WAIT_FOR_CONCURRENT_GC blocked 33ms
D/dalvikvm( 2709): WAIT_FOR_CONCURRENT_GC blocked 16ms
I/ACP_SDK_LOG( 2709): ACP_SDK_LOGre-add BC provider
I/ACP_SDK_LOG( 2709): ACP_SDK_LOG================= SYS INFO begin====================
I/ACP_SDK_LOG( 2709): ACP_SDK_LOGos_name:Linux
I/ACP_SDK_LOG( 2709): ACP_SDK_LOGos_arch:armv7l
I/ACP_SDK_LOG( 2709): ACP_SDK_LOGos_version:3.10.65
I/ACP_SDK_LOG( 2709): ACP_SDK_LOGjava_vm_specification_version:0.9
I/ACP_SDK_LOG( 2709): ACP_SDK_LOGjava_vm_specification_vendor:The Android Project
I/ACP_SDK_LOG( 2709): ACP_SDK_LOGjava_vm_specification_name:Dalvik Virtual Machine Specification
I/ACP_SDK_LOG( 2709): ACP_SDK_LOGjava_vm_version:1.6.0
I/ACP_SDK_LOG( 2709): ACP_SDK_LOGjava_vm_name:Dalvik
I/ACP_SDK_LOG( 2709): ACP_SDK_LOGjava.version:0
I/ACP_SDK_LOG( 2709): ACP_SDK_LOGjava.vm.vendor=[The Android Project]
I/ACP_SDK_LOG( 2709): ACP_SDK_LOGjava.version=[0]
I/ACP_SDK_LOG( 2709): ACP_SDK_LOGProviders List:
I/ACP_SDK_LOG( 2709): ACP_SDK_LOG1.AndroidOpenSSL
I/ACP_SDK_LOG( 2709): ACP_SDK_LOG2.DRLCertFactory
I/ACP_SDK_LOG( 2709): ACP_SDK_LOG3.Crypto
I/ACP_SDK_LOG( 2709): ACP_SDK_LOG4.HarmonyJSSE
I/ACP_SDK_LOG( 2709): ACP_SDK_LOG5.AndroidKeyStore
I/ACP_SDK_LOG( 2709): ACP_SDK_LOG6.BC
I/ACP_SDK_LOG( 2709): ACP_SDK_LOG================= SYS INFO end=====================
I/ACP_SDK_LOG( 2709): ACP_SDK_LOG加载签名证书==>/sdcard/CertFiles/signCert.pfx
I/[Gralloc]( 2709): ion_alloc from ion_client:134 via heap type DMA/CARVEOUT(mask:0x00000014) for 32768 Bytes cached buffer successfully, usage = 0x00000133
I/[Gralloc]( 2709): ion_alloc from ion_client:134 via heap type DMA/CARVEOUT(mask:0x00000014) for 32768 Bytes cached buffer successfully, usage = 0x00000133
I/[Gralloc]( 2709): ion_alloc from ion_client:134 via heap type DMA/CARVEOUT(mask:0x00000014) for 32768 Bytes cached buffer successfully, usage = 0x00000133
I/[Gralloc]( 2709): ion_alloc from ion_client:134 via heap type DMA/CARVEOUT(mask:0x00000014) for 32768 Bytes cached buffer successfully, usage = 0x00000133
I/[Gralloc]( 2709): ion_alloc from ion_client:134 via heap type DMA/CARVEOUT(mask:0x00000014) for 32768 Bytes cached buffer successfully, usage = 0x00000133
I/[Gralloc]( 2709): ion_alloc from ion_client:134 via heap type DMA/CARVEOUT(mask:0x00000014) for 589824 Bytes cached buffer successfully, usage = 0x00000133
D/GpsLocationProvider( 2512): gps_ni_notify_callback
I/GpsLocationProvider( 2512): reportNiNotification: entered
I/GpsLocationProvider( 2512): notificationId: 43962, niType: 3, notifyFlags: 0, timeout: 0, defaultResponse: 3
I/GpsLocationProvider( 2512): requestorId: , text: , requestorIdEncoding: 0, textEncoding: 0
D/GpsNetInitiatedHandler( 2512): handleNiNotification notificationId: 43962 requestorId:  text: 
I/System.out( 2709): 安卓屏来请求：N_location_report_notify   参数：{"longitude":121.59492,"gpsTime":1539935144000,"latitude":31.20936,"gpsNum":7,"speed":0,"direction":352.8900146484375}
I/System.out( 2709): GPS来时间：2018~~~~9~~~~~~19~~~~~15~~~~~45~~~~~0
I/[Gralloc]( 2709): ion_alloc from ion_client:134 via heap type DMA/CARVEOUT(mask:0x00000014) for 131072 Bytes cached buffer successfully, usage = 0x00000133
I/[Gralloc]( 2709): ion_alloc from ion_client:134 via heap type DMA/CARVEOUT(mask:0x00000014) for 131072 Bytes cached buffer successfully, usage = 0x00000133
I/[Gralloc]( 2709): ion_alloc from ion_client:134 via heap type DMA/CARVEOUT(mask:0x00000014) for 131072 Bytes cached buffer successfully, usage = 0x00000133
I/[Gralloc]( 2709): ion_alloc from ion_client:134 via heap type DMA/CARVEOUT(mask:0x00000014) for 131072 Bytes cached buffer successfully, usage = 0x00000133
I/[Gralloc]( 2709): ion_alloc from ion_client:134 via heap type DMA/CARVEOUT(mask:0x00000014) for 32768 Bytes cached buffer successfully, usage = 0x00000133
I/[Gralloc]( 2709): ion_alloc from ion_client:134 via heap type DMA/CARVEOUT(mask:0x00000014) for 32768 Bytes cached buffer successfully, usage = 0x00000133
I/[Gralloc]( 2709): ion_alloc from ion_client:134 via heap type DMA/CARVEOUT(mask:0x00000014) for 32768 Bytes cached buffer successfully, usage = 0x00000133
I/[Gralloc]( 2709): ion_alloc from ion_client:134 via heap type DMA/CARVEOUT(mask:0x00000014) for 32768 Bytes cached buffer successfully, usage = 0x00000133
I/[Gralloc]( 2709): ion_alloc from ion_client:134 via heap type DMA/CARVEOUT(mask:0x00000014) for 32768 Bytes cached buffer successfully, usage = 0x00000133
I/[Gralloc]( 2709): ion_alloc from ion_client:134 via heap type DMA/CARVEOUT(mask:0x00000014) for 32768 Bytes cached buffer successfully, usage = 0x00000133
I/[Gralloc]( 2709): ion_alloc from ion_client:134 via heap type DMA/CARVEOUT(mask:0x00000014) for 32768 Bytes cached buffer successfully, usage = 0x00000133
I/[Gralloc]( 2709): ion_alloc from ion_client:134 via heap type DMA/CARVEOUT(mask:0x00000014) for 32768 Bytes cached buffer successfully, usage = 0x00000133
D/dalvikvm( 2709): GC_CONCURRENT freed 1283K, 32% free 5130K/7448K, paused 2ms+11ms, total 56ms
D/dalvikvm( 2709): WAIT_FOR_CONCURRENT_GC blocked 9ms
I/[Gralloc]( 2709): ion_alloc from ion_client:134 via heap type DMA/CARVEOUT(mask:0x00000014) for 589824 Bytes cached buffer successfully, usage = 0x00000133
I/[Gralloc]( 2709): ion_alloc from ion_client:134 via heap type DMA/CARVEOUT(mask:0x00000014) for 131072 Bytes cached buffer successfully, usage = 0x00000133
I/[Gralloc]( 2709): ion_alloc from ion_client:134 via heap type DMA/CARVEOUT(mask:0x00000014) for 32768 Bytes cached buffer successfully, usage = 0x00000133
I/[Gralloc]( 2709): ion_alloc from ion_client:134 via heap type DMA/CARVEOUT(mask:0x00000014) for 32768 Bytes cached buffer successfully, usage = 0x00000133
I/[Gralloc]( 2709): ion_alloc from ion_client:134 via heap type DMA/CARVEOUT(mask:0x00000014) for 32768 Bytes cached buffer successfully, usage = 0x00000133
I/[Gralloc]( 2709): ion_alloc from ion_client:134 via heap type DMA/CARVEOUT(mask:0x00000014) for 589824 Bytes cached buffer successfully, usage = 0x00000133
I/[Gralloc]( 2709): ion_alloc from ion_client:134 via heap type DMA/CARVEOUT(mask:0x00000014) for 131072 Bytes cached buffer successfully, usage = 0x00000133
I/[Gralloc]( 2709): ion_alloc from ion_client:134 via heap type DMA/CARVEOUT(mask:0x00000014) for 32768 Bytes cached buffer successfully, usage = 0x00000133
I/[Gralloc]( 2709): ion_alloc from ion_client:134 via heap type DMA/CARVEOUT(mask:0x00000014) for 589824 Bytes cached buffer successfully, usage = 0x00000133
I/ACP_SDK_LOG( 2709): ACP_SDK_LOGLoad RSA CertPath=[/sdcard/CertFiles/signCert.pfx],Pwd=[123456],type=[PKCS12]
I/[Gralloc]( 2709): ion_alloc from ion_client:134 via heap type DMA/CARVEOUT(mask:0x00000014) for 131072 Bytes cached buffer successfully, usage = 0x00000133
I/[Gralloc]( 2709): ion_alloc from ion_client:134 via heap type DMA/CARVEOUT(mask:0x00000014) for 32768 Bytes cached buffer successfully, usage = 0x00000133
I/[Gralloc]( 2709): ion_alloc from ion_client:134 via heap type DMA/CARVEOUT(mask:0x00000014) for 32768 Bytes cached buffer successfully, usage = 0x00000133
I/[Gralloc]( 2709): ion_alloc from ion_client:134 via heap type DMA/CARVEOUT(mask:0x00000014) for 32768 Bytes cached buffer successfully, usage = 0x00000133
I/[Gralloc]( 2709): ion_alloc from ion_client:134 via heap type DMA/CARVEOUT(mask:0x00000014) for 32768 Bytes cached buffer successfully, usage = 0x00000133
I/[Gralloc]( 2709): ion_alloc from ion_client:134 via heap type DMA/CARVEOUT(mask:0x00000014) for 589824 Bytes cached buffer successfully, usage = 0x00000133
I/[Gralloc]( 2709): ion_alloc from ion_client:134 via heap type DMA/CARVEOUT(mask:0x00000014) for 131072 Bytes cached buffer successfully, usage = 0x00000133
I/[Gralloc]( 2709): ion_alloc from ion_client:134 via heap type DMA/CARVEOUT(mask:0x00000014) for 32768 Bytes cached buffer successfully, usage = 0x00000133
I/[Gralloc]( 2709): ion_alloc from ion_client:134 via heap type DMA/CARVEOUT(mask:0x00000014) for 32768 Bytes cached buffer successfully, usage = 0x00000133
I/[Gralloc]( 2709): ion_alloc from ion_client:134 via heap type DMA/CARVEOUT(mask:0x00000014) for 32768 Bytes cached buffer successfully, usage = 0x00000133
I/[Gralloc]( 2709): ion_alloc from ion_client:134 via heap type DMA/CARVEOUT(mask:0x00000014) for 32768 Bytes cached buffer successfully, usage = 0x00000133
D/dalvikvm( 2709): GC_CONCURRENT freed 1243K, 29% free 5841K/8144K, paused 3ms+4ms, total 51ms
I/[Gralloc]( 2709): ion_alloc from ion_client:134 via heap type DMA/CARVEOUT(mask:0x00000014) for 589824 Bytes cached buffer successfully, usage = 0x00000133
I/[Gralloc]( 2709): ion_alloc from ion_client:134 via heap type DMA/CARVEOUT(mask:0x00000014) for 131072 Bytes cached buffer successfully, usage = 0x00000133
I/[Gralloc]( 2709): ion_alloc from ion_client:134 via heap type DMA/CARVEOUT(mask:0x00000014) for 32768 Bytes cached buffer successfully, usage = 0x00000133
I/[Gralloc]( 2709): ion_alloc from ion_client:134 via heap type DMA/CARVEOUT(mask:0x00000014) for 589824 Bytes cached buffer successfully, usage = 0x00000133
I/[Gralloc]( 2709): ion_alloc from ion_client:134 via heap type DMA/CARVEOUT(mask:0x00000014) for 131072 Bytes cached buffer successfully, usage = 0x00000133
I/[Gralloc]( 2709): ion_alloc from ion_client:134 via heap type DMA/CARVEOUT(mask:0x00000014) for 32768 Bytes cached buffer successfully, usage = 0x00000133
I/[Gralloc]( 2709): ion_alloc from ion_client:134 via heap type DMA/CARVEOUT(mask:0x00000014) for 589824 Bytes cached buffer successfully, usage = 0x00000133
I/[Gralloc]( 2709): ion_alloc from ion_client:134 via heap type DMA/CARVEOUT(mask:0x00000014) for 131072 Bytes cached buffer successfully, usage = 0x00000133
I/[Gralloc]( 2709): ion_alloc from ion_client:134 via heap type DMA/CARVEOUT(mask:0x00000014) for 32768 Bytes cached buffer successfully, usage = 0x00000133
I/[Gralloc]( 2709): ion_alloc from ion_client:134 via heap type DMA/CARVEOUT(mask:0x00000014) for 32768 Bytes cached buffer successfully, usage = 0x00000133
I/[Gralloc]( 2709): ion_alloc from ion_client:134 via heap type DMA/CARVEOUT(mask:0x00000014) for 32768 Bytes cached buffer successfully, usage = 0x00000133
I/[Gralloc]( 2709): ion_alloc from ion_client:134 via heap type DMA/CARVEOUT(mask:0x00000014) for 32768 Bytes cached buffer successfully, usage = 0x00000133
I/[Gralloc]( 2709): ion_alloc from ion_client:134 via heap type DMA/CARVEOUT(mask:0x00000014) for 589824 Bytes cached buffer successfully, usage = 0x00000133
I/[Gralloc]( 2709): ion_alloc from ion_client:134 via heap type DMA/CARVEOUT(mask:0x00000014) for 131072 Bytes cached buffer successfully, usage = 0x00000133
I/[Gralloc]( 2709): ion_alloc from ion_client:134 via heap type DMA/CARVEOUT(mask:0x00000014) for 32768 Bytes cached buffer successfully, usage = 0x00000133
I/[Gralloc]( 2709): ion_alloc from ion_client:134 via heap type DMA/CARVEOUT(mask:0x00000014) for 32768 Bytes cached buffer successfully, usage = 0x00000133
I/[Gralloc]( 2709): ion_alloc from ion_client:134 via heap type DMA/CARVEOUT(mask:0x00000014) for 32768 Bytes cached buffer successfully, usage = 0x00000133
I/[Gralloc]( 2709): ion_alloc from ion_client:134 via heap type DMA/CARVEOUT(mask:0x00000014) for 32768 Bytes cached buffer successfully, usage = 0x00000133
I/ACP_SDK_LOG( 2709): ACP_SDK_LOGInitSignCert Successful. CertId=[74665515410]
I/[Gralloc]( 2709): ion_alloc from ion_client:134 via heap type DMA/CARVEOUT(mask:0x00000014) for 589824 Bytes cached buffer successfully, usage = 0x00000133
I/ACP_SDK_LOG( 2709): ACP_SDK_LOG加载中级证书==>/sdcard/CertFiles/middleCert.cer
I/ACP_SDK_LOG( 2709): ACP_SDK_LOG[/sdcard/CertFiles/middleCert.cer][CertId=68719476761]
I/ACP_SDK_LOG( 2709): ACP_SDK_LOGLoad MiddleCert Successful
I/ACP_SDK_LOG( 2709): ACP_SDK_LOG加载根证书==>/sdcard/CertFiles/rootCert.cer
I/[Gralloc]( 2709): ion_alloc from ion_client:134 via heap type DMA/CARVEOUT(mask:0x00000014) for 131072 Bytes cached buffer successfully, usage = 0x00000133
I/[Gralloc]( 2709): ion_alloc from ion_client:134 via heap type DMA/CARVEOUT(mask:0x00000014) for 32768 Bytes cached buffer successfully, usage = 0x00000133
I/ACP_SDK_LOG( 2709): ACP_SDK_LOG[/sdcard/CertFiles/rootCert.cer][CertId=405099140]
I/ACP_SDK_LOG( 2709): ACP_SDK_LOGLoad RootCert Successful
I/ACP_SDK_LOG( 2709): ACP_SDK_LOG加载敏感信息加密证书==>/sdcard/CertFiles/encryptCert.cer
I/[Gralloc]( 2709): ion_alloc from ion_client:134 via heap type DMA/CARVEOUT(mask:0x00000014) for 589824 Bytes cached buffer successfully, usage = 0x00000133
I/ACP_SDK_LOG( 2709): ACP_SDK_LOG[/sdcard/CertFiles/encryptCert.cer][CertId=69042905377]
I/ACP_SDK_LOG( 2709): ACP_SDK_LOGLoad EncryptCert Successful
I/ACP_SDK_LOG( 2709): ACP_SDK_LOGWARN: acpsdk.encryptTrackKey.modulus or acpsdk.encryptTrackKey.exponent is empty
I/ACP_SDK_LOG( 2709): ACP_SDK_LOG加载验证签名证书目录==>null 注：如果请求报文中version=5.1.0那么此验签证书目录使用不到，可以不需要设置（version=5.0.0必须设置）。
E/SDK_ERR_LOG( 2709): ACP_SDK_LOGWARN: acpsdk.validateCert.dir is empty
I/ACP_SDK_LOG( 2709): ACP_SDK_LOG待签名请求报文串:[accessType=0&backUrl=http://www.tcinfo.cn/taxi/cupFront/backRcvResponse&bizType=000000&certId=74665515410&channelType=08&currencyCode=156&encoding=UTF-8&merId=996171212768669&orderId=866920181019154543525&signMethod=01&txnAmt=0001000&txnSubType=07&txnTime=20181019154543&txnType=01&version=5.1.0]
I/System.out( 2709): 待签名请求报文串:[accessType=0&backUrl=http://www.tcinfo.cn/taxi/cupFront/backRcvResponse&bizType=000000&certId=74665515410&channelType=08&currencyCode=156&encoding=UTF-8&merId=996171212768669&orderId=866920181019154543525&signMethod=01&txnAmt=0001000&txnSubType=07&txnTime=20181019154543&txnType=01&version=5.1.0]
I/[Gralloc]( 2709): ion_alloc from ion_client:134 via heap type DMA/CARVEOUT(mask:0x00000014) for 131072 Bytes cached buffer successfully, usage = 0x00000133
I/[Gralloc]( 2709): ion_alloc from ion_client:134 via heap type DMA/CARVEOUT(mask:0x00000014) for 32768 Bytes cached buffer successfully, usage = 0x00000133
I/[Gralloc]( 2709): ion_alloc from ion_client:134 via heap type DMA/CARVEOUT(mask:0x00000014) for 589824 Bytes cached buffer successfully, usage = 0x00000133
I/ACP_SDK_LOG( 2709): ACP_SDK_LOG请求银联地址:http://www.tcinfo.cn/taxi/cupFront/backTransReq
I/System.out( 2709): card after-->{txnType=01, channelType=08, currencyCode=156, merId=996171212768669, txnSubType=07, version=5.1.0, txnAmt=0001000, signMethod=01, backUrl=http://www.tcinfo.cn/taxi/cupFront/backRcvResponse, certId=74665515410, encoding=UTF-8, bizType=000000, signature=X+nEOS2hqx5kzGXYsu41EweZX8pG7Q+tj6YO2sB9OsNylL+vZKqv6CCPgcqQKmAHkIBbU7AiEc+cWKr9nlEPayLX+n3L9pl5LWMDJjNsPoaqZGQszBWp/fY4xK/a4SkoyR2rhH1ftOt77MgYjaU2Njt/EkZTepATPPWB0kve1sXcQRvJaE++q8wxNdzUZp5+PaWn6htLWQdBpJwsFs+fCCIlGlPhlxacn5HLpJ1KRfUtUbT5ITLpnebu0KrTbuKucB6Twn/aiN6hTNHC4m7if3owsAjFANH8fLTRtcTwZ+iOVK1vkMmZlo+kZi5NEGJCnc1SG2hjPhJvh1aLWdwn8Q==, orderId=866920181019154543525, accessType=0, txnTime=20181019154543}
I/System.out( 2709): coder --> UTF-8
I/System.out( 2709): requestParam --> true-->16
I/System.out( 2709): value:txnType --> 01
I/System.out( 2709): value after:txnType=01&
I/System.out( 2709): value:channelType --> 08
I/System.out( 2709): value after:txnType=01&channelType=08&
I/System.out( 2709): value:currencyCode --> 156
I/System.out( 2709): value after:txnType=01&channelType=08&currencyCode=156&
I/System.out( 2709): value:merId --> 996171212768669
I/System.out( 2709): value after:txnType=01&channelType=08&currencyCode=156&merId=996171212768669&
I/System.out( 2709): value:txnSubType --> 07
I/System.out( 2709): value after:txnType=01&channelType=08&currencyCode=156&merId=996171212768669&txnSubType=07&
I/System.out( 2709): value:version --> 5.1.0
I/System.out( 2709): value after:txnType=01&channelType=08&currencyCode=156&merId=996171212768669&txnSubType=07&version=5.1.0&
I/System.out( 2709): value:txnAmt --> 0001000
I/System.out( 2709): value after:txnType=01&channelType=08&currencyCode=156&merId=996171212768669&txnSubType=07&version=5.1.0&txnAmt=0001000&
I/System.out( 2709): value:signMethod --> 01
I/System.out( 2709): value after:txnType=01&channelType=08&currencyCode=156&merId=996171212768669&txnSubType=07&version=5.1.0&txnAmt=0001000&signMethod=01&
I/System.out( 2709): value:backUrl --> http://www.tcinfo.cn/taxi/cupFront/backRcvResponse
I/System.out( 2709): value after:txnType=01&channelType=08&currencyCode=156&merId=996171212768669&txnSubType=07&version=5.1.0&txnAmt=0001000&signMethod=01&backUrl=http%3A%2F%2Fwww.tcinfo.cn%2Ftaxi%2FcupFront%2FbackRcvResponse&
I/System.out( 2709): value:certId --> 74665515410
I/System.out( 2709): value after:txnType=01&channelType=08&currencyCode=156&merId=996171212768669&txnSubType=07&version=5.1.0&txnAmt=0001000&signMethod=01&backUrl=http%3A%2F%2Fwww.tcinfo.cn%2Ftaxi%2FcupFront%2FbackRcvResponse&certId=74665515410&
I/System.out( 2709): value:encoding --> UTF-8
I/System.out( 2709): value after:txnType=01&channelType=08&currencyCode=156&merId=996171212768669&txnSubType=07&version=5.1.0&txnAmt=0001000&signMethod=01&backUrl=http%3A%2F%2Fwww.tcinfo.cn%2Ftaxi%2FcupFront%2FbackRcvResponse&certId=74665515410&encoding=UTF-8&
I/System.out( 2709): value:bizType --> 000000
I/System.out( 2709): value after:txnType=01&channelType=08&currencyCode=156&merId=996171212768669&txnSubType=07&version=5.1.0&txnAmt=0001000&signMethod=01&backUrl=http%3A%2F%2Fwww.tcinfo.cn%2Ftaxi%2FcupFront%2FbackRcvResponse&certId=74665515410&encoding=UTF-8&bizType=000000&
I/System.out( 2709): value:signature --> X+nEOS2hqx5kzGXYsu41EweZX8pG7Q+tj6YO2sB9OsNylL+vZKqv6CCPgcqQKmAHkIBbU7AiEc+cWKr9nlEPayLX+n3L9pl5LWMDJjNsPoaqZGQszBWp/fY4xK/a4SkoyR2rhH1ftOt77MgYjaU2Njt/EkZTepATPPWB0kve1sXcQRvJaE++q8wxNdzUZp5+PaWn6htLWQdBpJwsFs+fCCIlGlPhlxacn5HLpJ1KRfUtUbT5ITLpnebu0KrTbuKucB6Twn/aiN6hTNHC4m7if3owsAjFANH8fLTRtcTwZ+iOVK1vkMmZlo+kZi5NEGJCnc1SG2hjPhJvh1aLWdwn8Q==
I/System.out( 2709): value after:txnType=01&channelType=08&currencyCode=156&merId=996171212768669&txnSubType=07&version=5.1.0&txnAmt=0001000&signMethod=01&backUrl=http%3A%2F%2Fwww.tcinfo.cn%2Ftaxi%2FcupFront%2FbackRcvResponse&certId=74665515410&encoding=UTF-8&bizType=000000&signature=X%2BnEOS2hqx5kzGXYsu41EweZX8pG7Q%2Btj6YO2sB9OsNylL%2BvZKqv6CCPgcqQKmAHkIBbU7AiEc%2BcWKr9nlEPayLX%2Bn3L9pl5LWMDJjNsPoaqZGQszBWp%2FfY4xK%2Fa4SkoyR2rhH1ftOt77MgYjaU2Njt%2FEkZTepATPPWB0kve1sXcQRvJaE%2B%2Bq8wxNdzUZp5%2BPaWn6htLWQdBpJwsFs%2BfCCIlGlPhlxacn5HLpJ1KRfUtUbT5ITLpnebu0KrTbuKucB6Twn%2FaiN6hTNHC4m7if3owsAjFANH8fLTRtcTwZ%2BiOVK1vkMmZlo%2BkZi5NEGJCnc1SG2hjPhJvh1aLWdwn8Q%3D%3D&
I/System.out( 2709): value:orderId --> 866920181019154543525
I/System.out( 2709): value after:txnType=01&channelType=08&currencyCode=156&merId=996171212768669&txnSubType=07&version=5.1.0&txnAmt=0001000&signMethod=01&backUrl=http%3A%2F%2Fwww.tcinfo.cn%2Ftaxi%2FcupFront%2FbackRcvResponse&certId=74665515410&encoding=UTF-8&bizType=000000&signature=X%2BnEOS2hqx5kzGXYsu41EweZX8pG7Q%2Btj6YO2sB9OsNylL%2BvZKqv6CCPgcqQKmAHkIBbU7AiEc%2BcWKr9nlEPayLX%2Bn3L9pl5LWMDJjNsPoaqZGQszBWp%2FfY4xK%2Fa4SkoyR2rhH1ftOt77MgYjaU2Njt%2FEkZTepATPPWB0kve1sXcQRvJaE%2B%2Bq8wxNdzUZp5%2BPaWn6htLWQdBpJwsFs%2BfCCIlGlPhlxacn5HLpJ1KRfUtUbT5ITLpnebu0KrTbuKucB6Twn%2FaiN6hTNHC4m7if3owsAjFANH8fLTRtcTwZ%2BiOVK1vkMmZlo%2BkZi5NEGJCnc1SG2hjPhJvh1aLWdwn8Q%3D%3D&orderId=866920181019154543525&
I/System.out( 2709): value:accessType --> 0
I/System.out( 2709): value after:txnType=01&channelType=08&currencyCode=156&merId=996171212768669&txnSubType=07&version=5.1.0&txnAmt=0001000&signMethod=01&backUrl=http%3A%2F%2Fwww.tcinfo.cn%2Ftaxi%2FcupFront%2FbackRcvResponse&certId=74665515410&encoding=UTF-8&bizType=000000&signature=X%2BnEOS2hqx5kzGXYsu41EweZX8pG7Q%2Btj6YO2sB9OsNylL%2BvZKqv6CCPgcqQKmAHkIBbU7AiEc%2BcWKr9nlEPayLX%2Bn3L9pl5LWMDJjNsPoaqZGQszBWp%2FfY4xK%2Fa4SkoyR2rhH1ftOt77MgYjaU2Njt%2FEkZTepATPPWB0kve1sXcQRvJaE%2B%2Bq8wxNdzUZp5%2BPaWn6htLWQdBpJwsFs%2BfCCIlGlPhlxacn5HLpJ1KRfUtUbT5ITLpnebu0KrTbuKucB6Twn%2FaiN6hTNHC4m7if3owsAjFANH8fLTRtcTwZ%2BiOVK1vkMmZlo%2BkZi5NEGJCnc1SG2hjPhJvh1aLWdwn8Q%3D%3D&orderId=866920181019154543525&accessType=0&
I/System.out( 2709): value:txnTime --> 20181019154543
I/System.out( 2709): value after:txnType=01&channelType=08&currencyCode=156&merId=996171212768669&txnSubType=07&version=5.1.0&txnAmt=0001000&signMethod=01&backUrl=http%3A%2F%2Fwww.tcinfo.cn%2Ftaxi%2FcupFront%2FbackRcvResponse&certId=74665515410&encoding=UTF-8&bizType=000000&signature=X%2BnEOS2hqx5kzGXYsu41EweZX8pG7Q%2Btj6YO2sB9OsNylL%2BvZKqv6CCPgcqQKmAHkIBbU7AiEc%2BcWKr9nlEPayLX%2Bn3L9pl5LWMDJjNsPoaqZGQszBWp%2FfY4xK%2Fa4SkoyR2rhH1ftOt77MgYjaU2Njt%2FEkZTepATPPWB0kve1sXcQRvJaE%2B%2Bq8wxNdzUZp5%2BPaWn6htLWQdBpJwsFs%2BfCCIlGlPhlxacn5HLpJ1KRfUtUbT5ITLpnebu0KrTbuKucB6Twn%2FaiN6hTNHC4m7if3owsAjFANH8fLTRtcTwZ%2BiOVK1vkMmZlo%2BkZi5NEGJCnc1SG2hjPhJvh1aLWdwn8Q%3D%3D&orderId=866920181019154543525&accessType=0&txnTime=20181019154543&
I/ACP_SDK_LOG( 2709): ACP_SDK_LOGRequest Message:[txnType=01&channelType=08&currencyCode=156&merId=996171212768669&txnSubType=07&version=5.1.0&txnAmt=0001000&signMethod=01&backUrl=http%3A%2F%2Fwww.tcinfo.cn%2Ftaxi%2FcupFront%2FbackRcvResponse&certId=74665515410&encoding=UTF-8&bizType=000000&signature=X%2BnEOS2hqx5kzGXYsu41EweZX8pG7Q%2Btj6YO2sB9OsNylL%2BvZKqv6CCPgcqQKmAHkIBbU7AiEc%2BcWKr9nlEPayLX%2Bn3L9pl5LWMDJjNsPoaqZGQszBWp%2FfY4xK%2Fa4SkoyR2rhH1ftOt77MgYjaU2Njt%2FEkZTepATPPWB0kve1sXcQRvJaE%2B%2Bq8wxNdzUZp5%2BPaWn6htLWQdBpJwsFs%2BfCCIlGlPhlxacn5HLpJ1KRfUtUbT5ITLpnebu0KrTbuKucB6Twn%2FaiN6hTNHC4m7if3owsAjFANH8fLTRtcTwZ%2BiOVK1vkMmZlo%2BkZi5NEGJCnc1SG2hjPhJvh1aLWdwn8Q%3D%3D&orderId=866920181019154543525&accessType=0&txnTime=20181019154543]
I/System.out( 2709): sssssss---->txnType=01&channelType=08&currencyCode=156&merId=996171212768669&txnSubType=07&version=5.1.0&txnAmt=0001000&signMethod=01&backUrl=http%3A%2F%2Fwww.tcinfo.cn%2Ftaxi%2FcupFront%2FbackRcvResponse&certId=74665515410&encoding=UTF-8&bizType=000000&signature=X%2BnEOS2hqx5kzGXYsu41EweZX8pG7Q%2Btj6YO2sB9OsNylL%2BvZKqv6CCPgcqQKmAHkIBbU7AiEc%2BcWKr9nlEPayLX%2Bn3L9pl5LWMDJjNsPoaqZGQszBWp%2FfY4xK%2Fa4SkoyR2rhH1ftOt77MgYjaU2Njt%2FEkZTepATPPWB0kve1sXcQRvJaE%2B%2Bq8wxNdzUZp5%2BPaWn6htLWQdBpJwsFs%2BfCCIlGlPhlxacn5HLpJ1KRfUtUbT5ITLpnebu0KrTbuKucB6Twn%2FaiN6hTNHC4m7if3owsAjFANH8fLTRtcTwZ%2BiOVK1vkMmZlo%2BkZi5NEGJCnc1SG2hjPhJvh1aLWdwn8Q%3D%3D&orderId=866920181019154543525&accessType=0&txnTime=20181019154543
I/ACP_SDK_LOG( 2709): ACP_SDK_LOG请求报文:[txnType=01&channelType=08&currencyCode=156&merId=996171212768669&txnSubType=07&version=5.1.0&txnAmt=0001000&signMethod=01&backUrl=http%3A%2F%2Fwww.tcinfo.cn%2Ftaxi%2FcupFront%2FbackRcvResponse&certId=74665515410&encoding=UTF-8&bizType=000000&signature=X%2BnEOS2hqx5kzGXYsu41EweZX8pG7Q%2Btj6YO2sB9OsNylL%2BvZKqv6CCPgcqQKmAHkIBbU7AiEc%2BcWKr9nlEPayLX%2Bn3L9pl5LWMDJjNsPoaqZGQszBWp%2FfY4xK%2Fa4SkoyR2rhH1ftOt77MgYjaU2Njt%2FEkZTepATPPWB0kve1sXcQRvJaE%2B%2Bq8wxNdzUZp5%2BPaWn6htLWQdBpJwsFs%2BfCCIlGlPhlxacn5HLpJ1KRfUtUbT5ITLpnebu0KrTbuKucB6Twn%2FaiN6hTNHC4m7if3owsAjFANH8fLTRtcTwZ%2BiOVK1vkMmZlo%2BkZi5NEGJCnc1SG2hjPhJvh1aLWdwn8Q%3D%3D&orderId=866920181019154543525&accessType=0&txnTime=20181019154543]
I/System.out( 2709): sendData : txnType=01&channelType=08&currencyCode=156&merId=996171212768669&txnSubType=07&version=5.1.0&txnAmt=0001000&signMethod=01&backUrl=http%3A%2F%2Fwww.tcinfo.cn%2Ftaxi%2FcupFront%2FbackRcvResponse&certId=74665515410&encoding=UTF-8&bizType=000000&signature=X%2BnEOS2hqx5kzGXYsu41EweZX8pG7Q%2Btj6YO2sB9OsNylL%2BvZKqv6CCPgcqQKmAHkIBbU7AiEc%2BcWKr9nlEPayLX%2Bn3L9pl5LWMDJjNsPoaqZGQszBWp%2FfY4xK%2Fa4SkoyR2rhH1ftOt77MgYjaU2Njt%2FEkZTepATPPWB0kve1sXcQRvJaE%2B%2Bq8wxNdzUZp5%2BPaWn6htLWQdBpJwsFs%2BfCCIlGlPhlxacn5HLpJ1KRfUtUbT5ITLpnebu0KrTbuKucB6Twn%2FaiN6hTNHC4m7if3owsAjFANH8fLTRtcTwZ%2BiOVK1vkMmZlo%2BkZi5NEGJCnc1SG2hjPhJvh1aLWdwn8Q%3D%3D&orderId=866920181019154543525&accessType=0&txnTime=20181019154543
I/[Gralloc]( 2709): ion_alloc from ion_client:134 via heap type DMA/CARVEOUT(mask:0x00000014) for 131072 Bytes cached buffer successfully, usage = 0x00000133
I/[Gralloc]( 2709): ion_alloc from ion_client:134 via heap type DMA/CARVEOUT(mask:0x00000014) for 32768 Bytes cached buffer successfully, usage = 0x00000133
I/[Gralloc]( 2709): ion_alloc from ion_client:134 via heap type DMA/CARVEOUT(mask:0x00000014) for 589824 Bytes cached buffer successfully, usage = 0x00000133
I/[Gralloc]( 2709): ion_alloc from ion_client:134 via heap type DMA/CARVEOUT(mask:0x00000014) for 131072 Bytes cached buffer successfully, usage = 0x00000133
I/[Gralloc]( 2709): ion_alloc from ion_client:134 via heap type DMA/CARVEOUT(mask:0x00000014) for 32768 Bytes cached buffer successfully, usage = 0x00000133
D/GpsLocationProvider( 2512): gps_ni_notify_callback
I/GpsLocationProvider( 2512): reportNiNotification: entered
I/GpsLocationProvider( 2512): notificationId: 43962, niType: 3, notifyFlags: 0, timeout: 0, defaultResponse: 3
I/GpsLocationProvider( 2512): requestorId: , text: , requestorIdEncoding: 0, textEncoding: 0
D/GpsNetInitiatedHandler( 2512): handleNiNotification notificationId: 43962 requestorId:  text: 
I/System.out( 2709): 安卓屏来请求：N_location_report_notify   参数：{"longitude":121.59491833333335,"gpsTime":1539935145000,"latitude":31.20935833333333,"gpsNum":7,"speed":0,"direction":352.79998779296875}
I/System.out( 2709): GPS来时间：2018~~~~9~~~~~~19~~~~~15~~~~~45~~~~~0
I/[Gralloc]( 2709): ion_alloc from ion_client:134 via heap type DMA/CARVEOUT(mask:0x00000014) for 589824 Bytes cached buffer successfully, usage = 0x00000133
I/[Gralloc]( 2709): ion_alloc from ion_client:134 via heap type DMA/CARVEOUT(mask:0x00000014) for 131072 Bytes cached buffer successfully, usage = 0x00000133
I/[Gralloc]( 2709): ion_alloc from ion_client:134 via heap type DMA/CARVEOUT(mask:0x00000014) for 32768 Bytes cached buffer successfully, usage = 0x00000133
I/[Gralloc]( 2709): ion_alloc from ion_client:134 via heap type DMA/CARVEOUT(mask:0x00000014) for 589824 Bytes cached buffer successfully, usage = 0x00000133
I/[Gralloc]( 2709): ion_alloc from ion_client:134 via heap type DMA/CARVEOUT(mask:0x00000014) for 131072 Bytes cached buffer successfully, usage = 0x00000133
I/[Gralloc]( 2709): ion_alloc from ion_client:134 via heap type DMA/CARVEOUT(mask:0x00000014) for 32768 Bytes cached buffer successfully, usage = 0x00000133
I/[Gralloc]( 2709): ion_alloc from ion_client:134 via heap type DMA/CARVEOUT(mask:0x00000014) for 589824 Bytes cached buffer successfully, usage = 0x00000133
I/[Gralloc]( 2709): ion_alloc from ion_client:134 via heap type DMA/CARVEOUT(mask:0x00000014) for 131072 Bytes cached buffer successfully, usage = 0x00000133
I/[Gralloc]( 2709): ion_alloc from ion_client:134 via heap type DMA/CARVEOUT(mask:0x00000014) for 32768 Bytes cached buffer successfully, usage = 0x00000133
I/[Gralloc]( 2709): ion_alloc from ion_client:134 via heap type DMA/CARVEOUT(mask:0x00000014) for 589824 Bytes cached buffer successfully, usage = 0x00000133
I/[Gralloc]( 2709): ion_alloc from ion_client:134 via heap type DMA/CARVEOUT(mask:0x00000014) for 131072 Bytes cached buffer successfully, usage = 0x00000133
I/[Gralloc]( 2709): ion_alloc from ion_client:134 via heap type DMA/CARVEOUT(mask:0x00000014) for 32768 Bytes cached buffer successfully, usage = 0x00000133
I/[Gralloc]( 2709): ion_alloc from ion_client:134 via heap type DMA/CARVEOUT(mask:0x00000014) for 589824 Bytes cached buffer successfully, usage = 0x00000133
I/[Gralloc]( 2709): ion_alloc from ion_client:134 via heap type DMA/CARVEOUT(mask:0x00000014) for 131072 Bytes cached buffer successfully, usage = 0x00000133
I/[Gralloc]( 2709): ion_alloc from ion_client:134 via heap type DMA/CARVEOUT(mask:0x00000014) for 32768 Bytes cached buffer successfully, usage = 0x00000133
I/[Gralloc]( 2709): ion_alloc from ion_client:134 via heap type DMA/CARVEOUT(mask:0x00000014) for 589824 Bytes cached buffer successfully, usage = 0x00000133
I/[Gralloc]( 2709): ion_alloc from ion_client:134 via heap type DMA/CARVEOUT(mask:0x00000014) for 131072 Bytes cached buffer successfully, usage = 0x00000133
I/[Gralloc]( 2709): ion_alloc from ion_client:134 via heap type DMA/CARVEOUT(mask:0x00000014) for 32768 Bytes cached buffer successfully, usage = 0x00000133
I/[Gralloc]( 2709): ion_alloc from ion_client:134 via heap type DMA/CARVEOUT(mask:0x00000014) for 589824 Bytes cached buffer successfully, usage = 0x00000133
I/ACP_SDK_LOG( 2709): ACP_SDK_LOGHTTP Return Status-Code:[200]
I/ACP_SDK_LOG( 2709): ACP_SDK_LOGResponse message:[signPubKeyCert=-----BEGIN CERTIFICATE-----
I/ACP_SDK_LOG( 2709): MIIEIDCCAwigAwIBAgIFEDRVM3AwDQYJKoZIhvcNAQEFBQAwITELMAkGA1UEBhMC
I/ACP_SDK_LOG( 2709): Q04xEjAQBgNVBAoTCUNGQ0EgT0NBMTAeFw0xNTEwMjcwOTA2MjlaFw0yMDEwMjIw
I/ACP_SDK_LOG( 2709): OTU4MjJaMIGWMQswCQYDVQQGEwJjbjESMBAGA1UEChMJQ0ZDQSBPQ0ExMRYwFAYD
I/ACP_SDK_LOG( 2709): VQQLEw1Mb2NhbCBSQSBPQ0ExMRQwEgYDVQQLEwtFbnRlcnByaXNlczFFMEMGA1UE
I/ACP_SDK_LOG( 2709): Aww8MDQxQDgzMTAwMDAwMDAwODMwNDBA5Lit5Zu96ZO26IGU6IKh5Lu95pyJ6ZmQ
I/ACP_SDK_LOG( 2709): 5YWs5Y+4QDAwMDE2NDkzMIIBIjANBgkqhkiG9w0BAQEFAAOCAQ8AMIIBCgKCAQEA
I/ACP_SDK_LOG( 2709): tXclo3H4pB+Wi4wSd0DGwnyZWni7+22Tkk6lbXQErMNHPk84c8DnjT8CW8jIfv3z
I/ACP_SDK_LOG( 2709): d5NBpvG3O3jQ/YHFlad39DdgUvqDd0WY8/C4Lf2xyo0+gQRZckMKEAId8Fl6/rPN
I/ACP_SDK_LOG( 2709): HsbPRGNIZgE6AByvCRbriiFNFtuXzP4ogG7vilqBckGWfAYaJ5zJpaGlMBOW1Ti3
I/ACP_SDK_LOG( 2709): MVjKg5x8t1/oFBkpFVsBnAeSGPJYrBn0irfnXDhOz7hcIWPbNDoq2bJ9VwbkKhJq
I/ACP_SDK_LOG( 2709): Vz7j7116pziUcLSFJasnWMnp8CrISj52cXzS/Y1kuaIMPP/1B0pcjVqMNJjowooD
I/ACP_SDK_LOG( 2709): OxID3TZGfk5V7S++4FowVwIDAQABo4HoMIHlMB8GA1UdIwQYMBaAFNHb6YiC5d0a
I/ACP_SDK_LOG( 2709): j0yqAIy+fPKrG/bZMEgGA1UdIARBMD8wPQYIYIEchu8qAQEwMTAvBggrBgEFBQcC
I/ACP_SDK_LOG( 2709): ARYjaHR0cDovL3d3dy5jZmNhLmNvbS5jbi91cy91cy0xNC5odG0wNwYDVR0fBDAw
I/ACP_SDK_LOG( 2709): LjAsoCqgKIYmaHR0cDovL2NybC5jZmNhLmNvbS5jbi9SU0EvY3JsMjI3Mi5jcmww
I/ACP_SDK_LOG( 2709): CwYDVR0PBAQDAgPoMB0GA1UdDgQWBBTEIzenf3VR6CZRS61ARrWMto0GODATBgNV
I/ACP_SDK_LOG( 2709): HSUEDDAKBggrBgEFBQcDAjANBgkqhkiG9w0BAQUFAAOCAQEAHMgTi+4Y9g0yvsUA
I/ACP_SDK_LOG( 2709): p7MkdnPtWLS6XwL3IQuXoPInmBSbg2NP8jNhlq8tGL/WJXjycme/8BKu+Hht6lgN
I/ACP_SDK_LOG( 2709): Zhv9STnA59UFo9vxwSQy88bbyui5fKXVliZEiTUhjKM6SOod2Pnp5oWMVjLxujkk
I/ACP_SDK_LOG( 2709): WKjSakPvV6N6H66xhJSCk+Ref59HuFZY4/LqyZysiMua4qyYfEfdKk5h27+z1MWy
I/ACP_SDK_LOG( 2709): nadnxA5QexHHck9Y4ZyisbUubW7wTaaWFd+cZ3P/zmIUskE/dAG0/HEvmOR6CGlM
I/ACP_SDK_LOG( 2709): 55BFCVmJEufHtike3shu7lZGVm2adKNFFTqLoEFkfBO6Y/N6ViraBilcXjmWBJNE
I/ACP_SDK_LOG( 2709): MFF/yA==
I/ACP_SDK_LOG( 2709): -----END CERTIFICATE-----&bizType=000000&txnSubType=07&backUrl=http://www.tcinfo.cn/taxi/cupFront/backRcvResponse&signature=nsyldUrHa9x949pZYz3U9pT5C/ctKKXgq8Blkn/XVqf/6nXDPl3aEtfuhducBzb6ZVXzAN1/fMIw5SVjBBJ7T0V67HWHJGMhCF23j/DG9wphbmZl6QRzk5ngdyqVg65PAXGUQtz/jSfUDnP9/jOsDoj3Kc0LXw3HJoCaFVujxIZZWleIwttKdpHaptaOmrvRGn+FnL1CEudF37BaIcc7lrJ1b6KjYvev7i9nhAF2vRqKF31hiNkOcV7LlOkkxpVYwpSvzl8f6XVglPqukBzpJDYFE6tpcsILw/hEB6/WgbJw7Q+JC7jBTk/3eMKxi1gw8rcRyiWexk7Ec1GA+3by8w==&orderId=866920181019154543525&txnType=01&channelType=08&certId=74665515410&encoding=UTF-8&version=5.1.0&accessType=0&respMsg=[9100004]Signature verification failed&txnTime=20181019154543&merId=996171212768669&currencyCode=156&respCode=11&txnAmt=0001000&signMethod=01]
I/System.out( 2709): result : signPubKeyCert=-----BEGIN CERTIFICATE-----
I/System.out( 2709): MIIEIDCCAwigAwIBAgIFEDRVM3AwDQYJKoZIhvcNAQEFBQAwITELMAkGA1UEBhMC
I/System.out( 2709): Q04xEjAQBgNVBAoTCUNGQ0EgT0NBMTAeFw0xNTEwMjcwOTA2MjlaFw0yMDEwMjIw
I/System.out( 2709): OTU4MjJaMIGWMQswCQYDVQQGEwJjbjESMBAGA1UEChMJQ0ZDQSBPQ0ExMRYwFAYD
I/System.out( 2709): VQQLEw1Mb2NhbCBSQSBPQ0ExMRQwEgYDVQQLEwtFbnRlcnByaXNlczFFMEMGA1UE
I/System.out( 2709): Aww8MDQxQDgzMTAwMDAwMDAwODMwNDBA5Lit5Zu96ZO26IGU6IKh5Lu95pyJ6ZmQ
I/System.out( 2709): 5YWs5Y+4QDAwMDE2NDkzMIIBIjANBgkqhkiG9w0BAQEFAAOCAQ8AMIIBCgKCAQEA
I/System.out( 2709): tXclo3H4pB+Wi4wSd0DGwnyZWni7+22Tkk6lbXQErMNHPk84c8DnjT8CW8jIfv3z
I/System.out( 2709): d5NBpvG3O3jQ/YHFlad39DdgUvqDd0WY8/C4Lf2xyo0+gQRZckMKEAId8Fl6/rPN
I/System.out( 2709): HsbPRGNIZgE6AByvCRbriiFNFtuXzP4ogG7vilqBckGWfAYaJ5zJpaGlMBOW1Ti3
I/System.out( 2709): MVjKg5x8t1/oFBkpFVsBnAeSGPJYrBn0irfnXDhOz7hcIWPbNDoq2bJ9VwbkKhJq
I/System.out( 2709): Vz7j7116pziUcLSFJasnWMnp8CrISj52cXzS/Y1kuaIMPP/1B0pcjVqMNJjowooD
I/System.out( 2709): OxID3TZGfk5V7S++4FowVwIDAQABo4HoMIHlMB8GA1UdIwQYMBaAFNHb6YiC5d0a
I/System.out( 2709): j0yqAIy+fPKrG/bZMEgGA1UdIARBMD8wPQYIYIEchu8qAQEwMTAvBggrBgEFBQcC
I/System.out( 2709): ARYjaHR0cDovL3d3dy5jZmNhLmNvbS5jbi91cy91cy0xNC5odG0wNwYDVR0fBDAw
I/System.out( 2709): LjAsoCqgKIYmaHR0cDovL2NybC5jZmNhLmNvbS5jbi9SU0EvY3JsMjI3Mi5jcmww
I/System.out( 2709): CwYDVR0PBAQDAgPoMB0GA1UdDgQWBBTEIzenf3VR6CZRS61ARrWMto0GODATBgNV
I/System.out( 2709): HSUEDDAKBggrBgEFBQcDAjANBgkqhkiG9w0BAQUFAAOCAQEAHMgTi+4Y9g0yvsUA
I/System.out( 2709): p7MkdnPtWLS6XwL3IQuXoPInmBSbg2NP8jNhlq8tGL/WJXjycme/8BKu+Hht6lgN
I/System.out( 2709): Zhv9STnA59UFo9vxwSQy88bbyui5fKXVliZEiTUhjKM6SOod2Pnp5oWMVjLxujkk
I/System.out( 2709): WKjSakPvV6N6H66xhJSCk+Ref59HuFZY4/LqyZysiMua4qyYfEfdKk5h27+z1MWy
I/System.out( 2709): nadnxA5QexHHck9Y4ZyisbUubW7wTaaWFd+cZ3P/zmIUskE/dAG0/HEvmOR6CGlM
I/System.out( 2709): 55BFCVmJEufHtike3shu7lZGVm2adKNFFTqLoEFkfBO6Y/N6ViraBilcXjmWBJNE
I/System.out( 2709): MFF/yA==
I/System.out( 2709): -----END CERTIFICATE-----&bizType=000000&txnSubType=07&backUrl=http://www.tcinfo.cn/taxi/cupFront/backRcvResponse&signature=nsyldUrHa9x949pZYz3U9pT5C/ctKKXgq8Blkn/XVqf/6nXDPl3aEtfuhducBzb6ZVXzAN1/fMIw5SVjBBJ7T0V67HWHJGMhCF23j/DG9wphbmZl6QRzk5ngdyqVg65PAXGUQtz/jSfUDnP9/jOsDoj3Kc0LXw3HJoCaFVujxIZZWleIwttKdpHaptaOmrvRGn+FnL1CEudF37BaIcc7lrJ1b6KjYvev7i9nhAF2vRqKF31hiNkOcV7LlOkkxpVYwpSvzl8f6XVglPqukBzpJDYFE6tpcsILw/hEB6/WgbJw7Q+JC7jBTk/3eMKxi1gw8rcRyiWexk7Ec1GA+3by8w==&orderId=866920181019154543525&txnType=01&channelType=08&certId=74665515410&encoding=UTF-8&version=5.1.0&accessType=0&respMsg=[9100004]Signature verification failed&txnTime=20181019154543&merId=996171212768669&currencyCode=156&respCode=11&txnAmt=0001000&signMethod=01
I/ACP_SDK_LOG( 2709): ACP_SDK_LOGrspData:{txnType=01, respCode=11, channelType=08, currencyCode=156, merId=996171212768669, txnSubType=07, version=5.1.0, txnAmt=0001000, signPubKeyCert=-----BEGIN CERTIFICATE-----
I/ACP_SDK_LOG( 2709): MIIEIDCCAwigAwIBAgIFEDRVM3AwDQYJKoZIhvcNAQEFBQAwITELMAkGA1UEBhMC
I/ACP_SDK_LOG( 2709): Q04xEjAQBgNVBAoTCUNGQ0EgT0NBMTAeFw0xNTEwMjcwOTA2MjlaFw0yMDEwMjIw
