D/alarmDebug( 2512): setKernel, wakeup at 491
D/alarmDebug( 2512): setKernel, wakeup at 496
D/alarmDebug( 2512): setKernel, wakeup at 501
D/alarmDebug( 2512): setKernel, wakeup at 506
D/alarmDebug( 2512): setKernel, wakeup at 511
D/alarmDebug( 2512): setKernel, wakeup at 516
D/alarmDebug( 2512): setKernel, wakeup at 521
D/alarmDebug( 2512): setKernel, wakeup at 526
D/alarmDebug( 2512): setKernel, wakeup at 531
D/alarmDebug( 2512): setKernel, wakeup at 536
D/alarmDebug( 2512): setKernel, wakeup at 541
D/alarmDebug( 2512): setKernel, wakeup at 546
D/alarmDebug( 2512): setKernel, wakeup at 551
D/alarmDebug( 2512): setKernel, wakeup at 556
D/alarmDebug( 2512): setKernel, wakeup at 561
D/alarmDebug( 2512): setKernel, wakeup at 566
D/alarmDebug( 2512): setKernel, wakeup at 571
D/alarmDebug( 2512): setKernel, wakeup at 576
D/alarmDebug( 2512): setKernel, wakeup at 581
D/alarmDebug( 2512): setKernel, wakeup at 586
D/alarmDebug( 2512): setKernel, wakeup at 591
D/alarmDebug( 2512): setKernel, wakeup at 596
D/alarmDebug( 2512): setKernel, wakeup at 601
D/alarmDebug( 2512): setKernel, wakeup at 606
D/alarmDebug( 2512): setKernel, wakeup at 611
D/alarmDebug( 2512): setKernel, wakeup at 616
D/alarmDebug( 2512): setKernel, wakeup at 621
D/alarmDebug( 2512): setKernel, wakeup at 626
D/alarmDebug( 2512): setKernel, wakeup at 631
D/alarmDebug( 2512): setKernel, wakeup at 636
D/alarmDebug( 2512): setKernel, wakeup at 641
D/alarmDebug( 2512): setKernel, wakeup at 646
D/alarmDebug( 2512): setKernel, wakeup at 651
D/alarmDebug( 2512): setKernel, wakeup at 656
D/alarmDebug( 2512): setKernel, wakeup at 661
D/alarmDebug( 2512): setKernel, wakeup at 666
D/alarmDebug( 2512): setKernel, wakeup at 670
D/alarmDebug( 2512): setKernel, wakeup at 671
D/alarmDebug( 2512): setKernel, wakeup at 676
D/alarmDebug( 2512): setAlarm, packagename = com.iflytek.speechcloud type = 0 after 299 ,interval = 0
D/alarmDebug( 2512): setKernel, wakeup at 681
D/alarmDebug( 2512): setKernel, wakeup at 686
D/alarmDebug( 2512): setKernel, wakeup at 691
D/alarmDebug( 2512): setKernel, wakeup at 696
D/alarmDebug( 2512): setKernel, wakeup at 701
D/alarmDebug( 2512): setKernel, wakeup at 706
D/alarmDebug( 2512): setKernel, wakeup at 711
D/alarmDebug( 2512): setKernel, wakeup at 716
D/alarmDebug( 2512): setKernel, wakeup at 721
D/alarmDebug( 2512): setKernel, wakeup at 726
D/alarmDebug( 2512): setKernel, wakeup at 731
D/alarmDebug( 2512): setKernel, wakeup at 736
D/alarmDebug( 2512): setKernel, wakeup at 741
D/alarmDebug( 2512): setKernel, wakeup at 746
D/alarmDebug( 2512): setKernel, wakeup at 751
D/alarmDebug( 2512): setKernel, wakeup at 756
D/alarmDebug( 2512): setKernel, wakeup at 761
D/alarmDebug( 2512): setKernel, wakeup at 766
D/alarmDebug( 2512): setKernel, wakeup at 771
D/alarmDebug( 2512): setKernel, wakeup at 776
D/alarmDebug( 2512): setKernel, wakeup at 781
D/alarmDebug( 2512): setKernel, wakeup at 786
D/alarmDebug( 2512): setKernel, wakeup at 791
D/alarmDebug( 2512): setKernel, wakeup at 796
D/ConnectivityService( 2512): Sampling interval elapsed, updating statistics ..
D/ConnectivityService( 2512): Done.
D/ConnectivityService( 2512): Setting timer for 720seconds
D/alarmDebug( 2512): setKernel, wakeup at 801
D/alarmDebug( 2512): setKernel, wakeup at 806
D/alarmDebug( 2512): setKernel, wakeup at 811
D/alarmDebug( 2512): setKernel, wakeup at 816
D/alarmDebug( 2512): setKernel, wakeup at 821
D/alarmDebug( 2512): setKernel, wakeup at 826
D/alarmDebug( 2512): setKernel, wakeup at 831
D/alarmDebug( 2512): setKernel, wakeup at 836
D/alarmDebug( 2512): setKernel, wakeup at 841
D/alarmDebug( 2512): setKernel, wakeup at 846
D/alarmDebug( 2512): setKernel, wakeup at 851
D/alarmDebug( 2512): setKernel, wakeup at 856
D/alarmDebug( 2512): setKernel, wakeup at 861
D/alarmDebug( 2512): setKernel, wakeup at 866
D/alarmDebug( 2512): setKernel, wakeup at 871
D/alarmDebug( 2512): setKernel, wakeup at 876
D/alarmDebug( 2512): setKernel, wakeup at 881
D/alarmDebug( 2512): setKernel, wakeup at 886
D/alarmDebug( 2512): setKernel, wakeup at 891
D/alarmDebug( 2512): setKernel, wakeup at 896
D/alarmDebug( 2512): setKernel, wakeup at 901
D/alarmDebug( 2512): setKernel, wakeup at 906
D/alarmDebug( 2512): setKernel, wakeup at 911
D/alarmDebug( 2512): setKernel, wakeup at 916
D/alarmDebug( 2512): setKernel, wakeup at 921
D/alarmDebug( 2512): setKernel, wakeup at 926
D/alarmDebug( 2512): setKernel, wakeup at 931
D/alarmDebug( 2512): setKernel, wakeup at 936
D/alarmDebug( 2512): setKernel, wakeup at 941
D/alarmDebug( 2512): setKernel, wakeup at 946
D/alarmDebug( 2512): setKernel, wakeup at 951
D/alarmDebug( 2512): setKernel, wakeup at 956
D/alarmDebug( 2512): setKernel, wakeup at 961
D/alarmDebug( 2512): setKernel, wakeup at 966
D/alarmDebug( 2512): setKernel, wakeup at 971
D/alarmDebug( 2512): setKernel, wakeup at 973
D/alarmDebug( 2512): setKernel, wakeup at 976
D/alarmDebug( 2512): setAlarm, packagename = com.iflytek.speechcloud type = 0 after 299 ,interval = 0
D/alarmDebug( 2512): setKernel, wakeup at 981
D/alarmDebug( 2512): setKernel, wakeup at 986
D/alarmDebug( 2512): setKernel, wakeup at 991
D/alarmDebug( 2512): setKernel, wakeup at 996
D/alarmDebug( 2512): setKernel, wakeup at 1001
D/alarmDebug( 2512): setKernel, wakeup at 1006
D/alarmDebug( 2512): setKernel, wakeup at 1011
D/alarmDebug( 2512): setKernel, wakeup at 1016
D/alarmDebug( 2512): setKernel, wakeup at 1021
D/alarmDebug( 2512): setKernel, wakeup at 1026
D/alarmDebug( 2512): setKernel, wakeup at 1031
D/alarmDebug( 2512): setKernel, wakeup at 1036
D/alarmDebug( 2512): setKernel, wakeup at 1041
D/alarmDebug( 2512): setKernel, wakeup at 1046
D/alarmDebug( 2512): setKernel, wakeup at 1051
W/ProcessCpuTracker( 2512): Skipping unknown process pid 12762
D/alarmDebug( 2512): setKernel, wakeup at 1056
D/alarmDebug( 2512): setKernel, wakeup at 1061
D/alarmDebug( 2512): setKernel, wakeup at 1066
D/alarmDebug( 2512): setKernel, wakeup at 1071
D/alarmDebug( 2512): setKernel, wakeup at 1076
D/alarmDebug( 2512): setKernel, wakeup at 1081
D/alarmDebug( 2512): setKernel, wakeup at 1086
D/alarmDebug( 2512): setKernel, wakeup at 1091
D/alarmDebug( 2512): setKernel, wakeup at 1096
D/alarmDebug( 2512): setKernel, wakeup at 1101
D/alarmDebug( 2512): setKernel, wakeup at 1106
D/alarmDebug( 2512): setKernel, wakeup at 1111
D/alarmDebug( 2512): setKernel, wakeup at 1116
D/alarmDebug( 2512): setKernel, wakeup at 1121
D/alarmDebug( 2512): setKernel, wakeup at 1126
D/alarmDebug( 2512): setKernel, wakeup at 1131
I/ActivityManager( 2512): START u0 {cmp=com.fleety.ft2016App/.FaceLoginBaiduActivity (has extras)} from pid 2709
D/alarmDebug( 2512): setKernel, wakeup at 1136
W/ProcessCpuTracker( 2512): Skipping unknown process pid 13830
D/alarmDebug( 2512): setKernel, wakeup at 1141
D/alarmDebug( 2512): setKernel, wakeup at 1146
D/alarmDebug( 2512): setKernel, wakeup at 1151
D/alarmDebug( 2512): setKernel, wakeup at 1156
D/alarmDebug( 2512): setKernel, wakeup at 1161
D/alarmDebug( 2512): setKernel, wakeup at 1166
D/alarmDebug( 2512): setKernel, wakeup at 1171
D/alarmDebug( 2512): setKernel, wakeup at 1176
D/alarmDebug( 2512): setKernel, wakeup at 1181
D/alarmDebug( 2512): setKernel, wakeup at 1186
D/alarmDebug( 2512): setKernel, wakeup at 1191
D/alarmDebug( 2512): setKernel, wakeup at 1196
D/alarmDebug( 2512): setKernel, wakeup at 1201
D/alarmDebug( 2512): setKernel, wakeup at 1206
D/alarmDebug( 2512): setKernel, wakeup at 1211
D/alarmDebug( 2512): setKernel, wakeup at 1216
D/alarmDebug( 2512): setKernel, wakeup at 1221
D/alarmDebug( 2512): setKernel, wakeup at 1226
D/alarmDebug( 2512): setKernel, wakeup at 1231
D/alarmDebug( 2512): setKernel, wakeup at 1236
D/alarmDebug( 2512): setKernel, wakeup at 1241
D/alarmDebug( 2512): setKernel, wakeup at 1246
D/alarmDebug( 2512): setKernel, wakeup at 1251
D/alarmDebug( 2512): setKernel, wakeup at 1256
D/alarmDebug( 2512): setKernel, wakeup at 1261
D/alarmDebug( 2512): setKernel, wakeup at 1266
D/alarmDebug( 2512): setKernel, wakeup at 1271
D/alarmDebug( 2512): setKernel, wakeup at 1276
D/alarmDebug( 2512): setKernel, wakeup at 1276
D/alarmDebug( 2512): setKernel, wakeup at 1281
D/alarmDebug( 2512): setAlarm, packagename = com.iflytek.speechcloud type = 0 after 299 ,interval = 0
D/alarmDebug( 2512): setKernel, wakeup at 1286
D/alarmDebug( 2512): setKernel, wakeup at 1291
D/alarmDebug( 2512): setKernel, wakeup at 1296
D/alarmDebug( 2512): setKernel, wakeup at 1301
D/alarmDebug( 2512): setKernel, wakeup at 1306
D/alarmDebug( 2512): setKernel, wakeup at 1311
D/alarmDebug( 2512): setKernel, wakeup at 1316
D/alarmDebug( 2512): setKernel, wakeup at 1321
D/alarmDebug( 2512): setKernel, wakeup at 1326
D/alarmDebug( 2512): setKernel, wakeup at 1331
D/alarmDebug( 2512): setKernel, wakeup at 1336
D/alarmDebug( 2512): setKernel, wakeup at 1341
D/alarmDebug( 2512): setKernel, wakeup at 1346
D/alarmDebug( 2512): setKernel, wakeup at 1351
D/alarmDebug( 2512): setKernel, wakeup at 1356
D/alarmDebug( 2512): setKernel, wakeup at 1361
D/alarmDebug( 2512): setKernel, wakeup at 1366
D/alarmDebug( 2512): setKernel, wakeup at 1371
D/alarmDebug( 2512): setKernel, wakeup at 1376
D/alarmDebug( 2512): setKernel, wakeup at 1381
D/alarmDebug( 2512): setKernel, wakeup at 1386
D/alarmDebug( 2512): setKernel, wakeup at 1391
D/alarmDebug( 2512): setKernel, wakeup at 1396
D/alarmDebug( 2512): setKernel, wakeup at 1401
D/alarmDebug( 2512): setKernel, wakeup at 1406
D/alarmDebug( 2512): setKernel, wakeup at 1411
D/alarmDebug( 2512): setKernel, wakeup at 1416
D/alarmDebug( 2512): setKernel, wakeup at 1421
D/alarmDebug( 2512): setKernel, wakeup at 1426
D/alarmDebug( 2512): setKernel, wakeup at 1431
D/alarmDebug( 2512): setKernel, wakeup at 1436
D/alarmDebug( 2512): setKernel, wakeup at 1441
D/alarmDebug( 2512): setKernel, wakeup at 1446
D/alarmDebug( 2512): setKernel, wakeup at 1451
D/alarmDebug( 2512): setKernel, wakeup at 1456
D/alarmDebug( 2512): setKernel, wakeup at 1461
D/alarmDebug( 2512): setKernel, wakeup at 1466
D/alarmDebug( 2512): setKernel, wakeup at 1471
D/alarmDebug( 2512): setKernel, wakeup at 1476
D/alarmDebug( 2512): setKernel, wakeup at 1481
D/alarmDebug( 2512): setKernel, wakeup at 1486
D/alarmDebug( 2512): setKernel, wakeup at 1491
D/alarmDebug( 2512): setKernel, wakeup at 1496
D/alarmDebug( 2512): setKernel, wakeup at 1501
D/alarmDebug( 2512): setKernel, wakeup at 1506
D/alarmDebug( 2512): setKernel, wakeup at 1511
D/alarmDebug( 2512): setKernel, wakeup at 1516
D/ConnectivityService( 2512): Sampling interval elapsed, updating statistics ..
D/ConnectivityService( 2512): Done.
D/ConnectivityService( 2512): Setting timer for 720seconds
D/alarmDebug( 2512): setKernel, wakeup at 1521
D/alarmDebug( 2512): setKernel, wakeup at 1526
D/alarmDebug( 2512): setKernel, wakeup at 1531
D/alarmDebug( 2512): setKernel, wakeup at 1536
D/alarmDebug( 2512): setKernel, wakeup at 1541
D/alarmDebug( 2512): setKernel, wakeup at 1546
D/alarmDebug( 2512): setKernel, wakeup at 1551
D/alarmDebug( 2512): setKernel, wakeup at 1556
D/alarmDebug( 2512): setKernel, wakeup at 1561
D/alarmDebug( 2512): setKernel, wakeup at 1566
D/alarmDebug( 2512): setKernel, wakeup at 1571
D/alarmDebug( 2512): setKernel, wakeup at 1576
W/ProcessCpuTracker( 2512): Skipping unknown process pid 16529
D/alarmDebug( 2512): setKernel, wakeup at 1579
D/alarmDebug( 2512): setKernel, wakeup at 1581
D/alarmDebug( 2512): setKernel, wakeup at 1586
D/alarmDebug( 2512): setAlarm, packagename = com.iflytek.speechcloud type = 0 after 299 ,interval = 0
D/alarmDebug( 2512): setKernel, wakeup at 1591
D/alarmDebug( 2512): setKernel, wakeup at 1596
D/alarmDebug( 2512): setKernel, wakeup at 1601
D/alarmDebug( 2512): setKernel, wakeup at 1606
D/alarmDebug( 2512): setKernel, wakeup at 1611
I/ActivityManager( 2512): START u0 {cmp=com.fleety.ft2016App/.FaceLoginBaiduActivity (has extras)} from pid 2709
D/alarmDebug( 2512): setKernel, wakeup at 1616
D/alarmDebug( 2512): setKernel, wakeup at 1621
D/alarmDebug( 2512): setKernel, wakeup at 1626
D/alarmDebug( 2512): setKernel, wakeup at 1631
D/alarmDebug( 2512): setKernel, wakeup at 1636
D/alarmDebug( 2512): setKernel, wakeup at 1641
D/alarmDebug( 2512): setKernel, wakeup at 1646
D/alarmDebug( 2512): setKernel, wakeup at 1651
D/alarmDebug( 2512): setKernel, wakeup at 1656
D/alarmDebug( 2512): setKernel, wakeup at 1661
D/alarmDebug( 2512): setKernel, wakeup at 1666
D/alarmDebug( 2512): setKernel, wakeup at 1671
D/alarmDebug( 2512): setKernel, wakeup at 1676
I/ActivityManager( 2512): START u0 {cmp=com.fleety.ft2016App/.FaceLoginBaiduActivity (has extras)} from pid 2709
D/alarmDebug( 2512): setKernel, wakeup at 1681
D/alarmDebug( 2512): setKernel, wakeup at 1686
D/alarmDebug( 2512): setKernel, wakeup at 1691
D/alarmDebug( 2512): setKernel, wakeup at 1696
D/alarmDebug( 2512): setKernel, wakeup at 1701
D/alarmDebug( 2512): setKernel, wakeup at 1706
W/ProcessCpuTracker( 2512): Skipping unknown process pid 20369
D/alarmDebug( 2512): setKernel, wakeup at 1711
D/alarmDebug( 2512): setKernel, wakeup at 1716
D/alarmDebug( 2512): setKernel, wakeup at 1721
D/alarmDebug( 2512): setKernel, wakeup at 1726
D/alarmDebug( 2512): setKernel, wakeup at 1731
D/alarmDebug( 2512): setKernel, wakeup at 1736
D/alarmDebug( 2512): setKernel, wakeup at 1741
D/alarmDebug( 2512): setKernel, wakeup at 1746
D/alarmDebug( 2512): setKernel, wakeup at 1751
D/alarmDebug( 2512): setKernel, wakeup at 1756
D/alarmDebug( 2512): setKernel, wakeup at 1761
D/alarmDebug( 2512): setKernel, wakeup at 1766
D/alarmDebug( 2512): setKernel, wakeup at 1771
D/alarmDebug( 2512): setKernel, wakeup at 1776
D/alarmDebug( 2512): setKernel, wakeup at 1781
D/alarmDebug( 2512): setKernel, wakeup at 1786
D/alarmDebug( 2512): setKernel, wakeup at 1791
D/alarmDebug( 2512): setKernel, wakeup at 1796
D/alarmDebug( 2512): setKernel, wakeup at 1801
W/BatteryStatsImpl( 2512): Couldn't get kernel wake lock stats
D/alarmDebug( 2512): setKernel, wakeup at 1806
D/alarmDebug( 2512): setKernel, wakeup at 1811
D/alarmDebug( 2512): setKernel, wakeup at 1816
I/ProcessStatsService( 2512): Prepared write state in 6ms
D/alarmDebug( 2512): setKernel, wakeup at 1821
D/alarmDebug( 2512): setKernel, wakeup at 1826
D/alarmDebug( 2512): setKernel, wakeup at 1831
D/alarmDebug( 2512): setKernel, wakeup at 1836
D/alarmDebug( 2512): setKernel, wakeup at 1841
D/alarmDebug( 2512): setKernel, wakeup at 1846
D/alarmDebug( 2512): setKernel, wakeup at 1851
D/alarmDebug( 2512): setKernel, wakeup at 1856
D/alarmDebug( 2512): setKernel, wakeup at 1861
D/alarmDebug( 2512): setKernel, wakeup at 1866
D/alarmDebug( 2512): setKernel, wakeup at 1871
D/alarmDebug( 2512): setKernel, wakeup at 1876
D/alarmDebug( 2512): setKernel, wakeup at 1881
D/UsbDeviceManager( 2512): enable UsbDeviceManager wakelock wlref = 0
W/ContextImpl( 2512): Calling a method in the system process without a qualified user: android.app.ContextImpl.sendBroadcast:1186 com.android.server.NotificationManagerService.sendBroadcast:2154 com.android.server.NotificationManagerService$6.run:1762 android.os.Handler.handleCallback:733 android.os.Handler.dispatchMessage:95 
W/ContextImpl( 2512): Calling a method in the system process without a qualified user: android.app.ContextImpl.sendBroadcast:1186 com.android.server.NotificationManagerService.sendBroadcast:2154 com.android.server.NotificationManagerService$6.run:1762 android.os.Handler.handleCallback:733 android.os.Handler.dispatchMessage:95 
W/ContextImpl( 2512): Calling a method in the system process without a qualified user: android.app.ContextImpl.sendBroadcast:1186 com.android.server.NotificationManagerService.sendBroadcast:2154 com.android.server.NotificationManagerService$6.run:1762 android.os.Handler.handleCallback:733 android.os.Handler.dispatchMessage:95 
--------- beginning of /dev/log/main
E/TAG     ( 2579): --------mNotificationPanelMarginPx=24
E/StatusBar( 2579): notification nums = 3
E/TAG     ( 2579): ------------------setMarginStart=0
E/TAG     ( 2579): --------mNotificationPanelMarginPx=24
E/StatusBar( 2579): notification nums = 3
E/TAG     ( 2579): ------------------setMarginStart=0
E/TAG     ( 2579): --------mNotificationPanelMarginPx=24
D/GpsLocationProvider( 2512): gps_ni_notify_callback
I/GpsLocationProvider( 2512): reportNiNotification: entered
I/GpsLocationProvider( 2512): notificationId: 43962, niType: 3, notifyFlags: 0, timeout: 0, defaultResponse: 3
I/GpsLocationProvider( 2512): requestorId: , text: , requestorIdEncoding: 0, textEncoding: 0
D/GpsNetInitiatedHandler( 2512): handleNiNotification notificationId: 43962 requestorId:  text: 
I/System.out( 2709): 安卓屏来请求：N_location_report_notify   参数：{"longitude":121.59476000000001,"gpsTime":1539934890000,"latitude":31.209621666666667,"gpsNum":8,"speed":1.5741986632347107,"direction":217.58999633789063}
I/System.out( 2709): GPS来时间：2018~~~~9~~~~~~19~~~~~15~~~~~41~~~~~0
D/GpsLocationProvider( 2512): gps_ni_notify_callback
I/GpsLocationProvider( 2512): reportNiNotification: entered
I/GpsLocationProvider( 2512): notificationId: 43962, niType: 3, notifyFlags: 0, timeout: 0, defaultResponse: 3
I/GpsLocationProvider( 2512): requestorId: , text: , requestorIdEncoding: 0, textEncoding: 0
D/GpsNetInitiatedHandler( 2512): handleNiNotification notificationId: 43962 requestorId:  text: 
I/System.out( 2709): 安卓屏来请求：N_location_report_notify   参数：{"longitude":121.59475833333333,"gpsTime":1539934891000,"latitude":31.209621666666667,"gpsNum":8,"speed":1.463078820705414,"direction":217.58999633789063}
I/System.out( 2709): GPS来时间：2018~~~~9~~~~~~19~~~~~15~~~~~41~~~~~0
D/alarmDebug( 2512): setKernel, wakeup at 1882
I/test_install( 2709): 进入 StartReceiver
I/chromium( 2709): [INFO:CONSOLE(40)] "FleetyCordova.request", source: file:///android_asset/www/FleetyCordovaInterface.js (40)
I/System.out( 2709): level:info tag=FleetyCordovaPlugin message=action=h5Heart [{"head":{"id":304,"action":"h5Heart","time":1539934892329},"body":{}}]
I/System.out( 2709): heart update:1882076
I/FleetyCordovaPlugin( 2709): action=h5Heart [{"head":{"id":304,"action":"h5Heart","time":1539934892329},"body":{}}]
I/System.out( 2709): json:{"musicJson":{"maxMusic":32,"musicRatio":63,"currentMusic":20},"alarmJson":{"alarmRatio":71,"currentAlarm":6,"maxAlarm":7},"brightnessJson":{"currentBright":204,"maxBright":255,"brightRatio":80},"systemJson":{"systemRatio":71,"maxSystem":7,"currentSystem":5}}
D/GpsLocationProvider( 2512): gps_ni_notify_callback
I/GpsLocationProvider( 2512): reportNiNotification: entered
I/GpsLocationProvider( 2512): notificationId: 43962, niType: 3, notifyFlags: 0, timeout: 0, defaultResponse: 3
I/GpsLocationProvider( 2512): requestorId: , text: , requestorIdEncoding: 0, textEncoding: 0
D/GpsNetInitiatedHandler( 2512): handleNiNotification notificationId: 43962 requestorId:  text: 
I/System.out( 2709): 安卓屏来请求：N_location_report_notify   参数：{"longitude":121.59475833333333,"gpsTime":1539934892000,"latitude":31.209623333333337,"gpsNum":8,"speed":1.2963988423347474,"direction":217.58999633789063}
I/System.out( 2709): GPS来时间：2018~~~~9~~~~~~19~~~~~15~~~~~41~~~~~0
D/alarmDebug( 2512): setKernel, wakeup at 1886
W/PushClient_PushService( 3199): onStartCommand
W/PushClient_PushSDK( 3199): handleHeartbeatAlarm
W/PushClient_RegistrationReceiver( 3199): onReceive | action = com.iflytek.pushclient.action.METHOD
W/PushClient_PushService( 3199): onStartCommand
D/GpsLocationProvider( 2512): gps_ni_notify_callback
I/GpsLocationProvider( 2512): reportNiNotification: entered
I/GpsLocationProvider( 2512): notificationId: 43962, niType: 3, notifyFlags: 0, timeout: 0, defaultResponse: 3
I/GpsLocationProvider( 2512): requestorId: , text: , requestorIdEncoding: 0, textEncoding: 0
D/GpsNetInitiatedHandler( 2512): handleNiNotification notificationId: 43962 requestorId:  text: 
I/System.out( 2709): 安卓屏来请求：N_location_report_notify   参数：{"longitude":121.59475666666667,"gpsTime":1539934893000,"latitude":31.209625,"gpsNum":8,"speed":0.7407993614673615,"direction":217.58999633789063}
I/System.out( 2709): GPS来时间：2018~~~~9~~~~~~19~~~~~15~~~~~41~~~~~0
I/System.out( 2709): data from 570：7e 12 07 1a 00 6e 03 00 00 00 00 00 00 ed 3b 59 04 33 bb 1d 01 08 00 a6 20 18 10 19 15 41 33 09 00 00 00 8c 7e
I/System.out( 2709): 570CostTime[1810]:1
I/System.out( 2709): javascriptNotify:updateVehicleSpeed:{"state":0,"longitude":121.59484833333333,"gpsTime":"20181019154133","latitude":31.209471666666666,"gpsNum":9,"speed":0.800000011920929,"direction":332}
I/System.out( 2709): 安卓屏来请求：Q_device_status_query   参数：{}
I/System.out( 2709): data from 570：7e 07 06 07 00 6f 03 00 00 0b 00 00 00 09 03 04 6f 7e
I/System.out( 2709): 状态--alarmState1:0alarmState2:0
I/System.out( 2709): 设备状态：{"loginState":1,"meter":0,"hechengState":0,"gateway":1,"accState":0,"gps":9,"alermState":0,"gsm":3,"callingUpState":0,"net":4,"connectState":1}
I/System.out( 2709): 570CostTime[1543]:2
I/System.out( 2709): N_device_status_notify:updateTopView:true
I/System.out( 2709): N_device_status_notify:updateTopView:{"loginState":1,"meter":0,"hechengState":0,"gateway":1,"accState":0,"gps":9,"alermState":0,"gsm":3,"callingUpState":0,"net":4,"connectState":1}
I/System.out( 2709): javascriptNotify:setTopView:{"loginState":1,"meter":0,"hechengState":0,"gateway":1,"accState":0,"gps":9,"alermState":0,"gsm":3,"callingUpState":0,"net":4,"connectState":1}
I/chromium( 2709): [INFO:CONSOLE(1244)] "updateScreenDisplay:0", source: file:///android_asset/www/js/controllersBaoDing.js (1244)
D/GpsLocationProvider( 2512): gps_ni_notify_callback
I/GpsLocationProvider( 2512): reportNiNotification: entered
I/GpsLocationProvider( 2512): notificationId: 43962, niType: 3, notifyFlags: 0, timeout: 0, defaultResponse: 3
I/GpsLocationProvider( 2512): requestorId: , text: , requestorIdEncoding: 0, textEncoding: 0
D/GpsNetInitiatedHandler( 2512): handleNiNotification notificationId: 43962 requestorId:  text: 
I/System.out( 2709): 安卓屏来请求：N_location_report_notify   参数：{"longitude":121.59475666666667,"gpsTime":1539934894000,"latitude":31.20962833333333,"gpsNum":8,"speed":0.6667194306850434,"direction":217.58999633789063}
I/System.out( 2709): GPS来时间：2018~~~~9~~~~~~19~~~~~15~~~~~41~~~~~0
D/GpsLocationProvider( 2512): gps_ni_notify_callback
I/GpsLocationProvider( 2512): reportNiNotification: entered
I/GpsLocationProvider( 2512): notificationId: 43962, niType: 3, notifyFlags: 0, timeout: 0, defaultResponse: 3
I/GpsLocationProvider( 2512): requestorId: , text: , requestorIdEncoding: 0, textEncoding: 0
D/GpsNetInitiatedHandler( 2512): handleNiNotification notificationId: 43962 requestorId:  text: 
I/System.out( 2709): 安卓屏来请求：N_location_report_notify   参数：{"longitude":121.59475666666667,"gpsTime":1539934895000,"latitude":31.20962833333333,"gpsNum":8,"speed":0.6481994211673737,"direction":217.58999633789063}
I/System.out( 2709): GPS来时间：2018~~~~9~~~~~~19~~~~~15~~~~~41~~~~~0
W/PushClient_ConnectManager( 3199): handleHeartbeat | it's connected, send heartbeat message
W/PushClient_PushConnection( 3199): isHeartUnReach | currentTime: 1539934895755, lastActiveTime: 1539934592745, lastRecvTime:1539934592903
W/PushClient_PushConnection( 3199): isHeartUnReach | currentTime:2018-10-19 15:41:35.755, lastActiveTime: 2018-10-19 15:36:32.745, lastRecvTime: 2018-10-19 15:36:32.903
W/PushClient_PushConnection( 3199): sendHeartbeatMessage | send heart beat packet
W/PushClient_PushSDK( 3199): cancelAlarm
W/PushClient_PacketWriter( 3199): writePackets | packet = S
W/PushClient_PushSDK( 3199): getInterval | interval = 300000, intervalIndex = 0
W/PushClient_PushSDK( 3199): setHeartbeatAlarm | next alarm time = 2018-10-19 15:46:35.760
D/alarmDebug( 2512): setAlarm, packagename = com.iflytek.speechcloud type = 0 after 299 ,interval = 0
W/PushClient_HttpResponseParser( 3199): readResponse | 65
W/PushClient_HttpResponseParser( 3199): readResponse | packet: A
W/PushClient_PacketReader( 3199): parserPacket | it is heartbeat message
W/PushClient_PacketReader( 3199): processHeartbeatPacket
W/PushClient_HttpResponseParser( 3199): readResponse
D/GpsLocationProvider( 2512): gps_ni_notify_callback
I/GpsLocationProvider( 2512): reportNiNotification: entered
I/GpsLocationProvider( 2512): notificationId: 43962, niType: 3, notifyFlags: 0, timeout: 0, defaultResponse: 3
I/GpsLocationProvider( 2512): requestorId: , text: , requestorIdEncoding: 0, textEncoding: 0
D/GpsNetInitiatedHandler( 2512): handleNiNotification notificationId: 43962 requestorId:  text: 
I/System.out( 2709): 安卓屏来请求：N_location_report_notify   参数：{"longitude":121.59475333333333,"gpsTime":1539934896000,"latitude":31.20962833333333,"gpsNum":8,"speed":0.48151955008506775,"direction":217.58999633789063}
I/System.out( 2709): GPS来时间：2018~~~~9~~~~~~19~~~~~15~~~~~41~~~~~0
D/alarmDebug( 2512): setKernel, wakeup at 1891
I/test_install( 2709): 进入 StartReceiver
D/GpsLocationProvider( 2512): gps_ni_notify_callback
I/GpsLocationProvider( 2512): reportNiNotification: entered
I/GpsLocationProvider( 2512): notificationId: 43962, niType: 3, notifyFlags: 0, timeout: 0, defaultResponse: 3
I/GpsLocationProvider( 2512): requestorId: , text: , requestorIdEncoding: 0, textEncoding: 0
D/GpsNetInitiatedHandler( 2512): handleNiNotification notificationId: 43962 requestorId:  text: 
I/System.out( 2709): 安卓屏来请求：N_location_report_notify   参数：{"longitude":121.59474833333334,"gpsTime":1539934897000,"latitude":31.209625,"gpsNum":8,"speed":0.6481994211673737,"direction":217.58999633789063}
I/System.out( 2709): GPS来时间：2018~~~~9~~~~~~19~~~~~15~~~~~41~~~~~0
D/dalvikvm( 2709): GC_CONCURRENT freed 1933K, 48% free 3721K/7108K, paused 3ms+2ms, total 26ms
I/System.out( 2709): data from 570：7e 12 07 1a 00 70 03 00 00 00 00 00 00 e2 3b 59 04 38 bb 1d 01 00 00 a6 20 18 10 19 15 41 37 09 00 00 00 9a 7e
I/System.out( 2709): 570CostTime[1810]:0
I/System.out( 2709): javascriptNotify:updateVehicleSpeed:{"state":0,"longitude":121.59483,"gpsTime":"20181019154137","latitude":31.20948,"gpsNum":9,"speed":0,"direction":332}
D/GpsLocationProvider( 2512): gps_ni_notify_callback
I/GpsLocationProvider( 2512): reportNiNotification: entered
I/GpsLocationProvider( 2512): notificationId: 43962, niType: 3, notifyFlags: 0, timeout: 0, defaultResponse: 3
I/GpsLocationProvider( 2512): requestorId: , text: , requestorIdEncoding: 0, textEncoding: 0
D/GpsNetInitiatedHandler( 2512): handleNiNotification notificationId: 43962 requestorId:  text: 
I/System.out( 2709): 安卓屏来请求：N_location_report_notify   参数：{"longitude":121.594745,"gpsTime":1539934898000,"latitude":31.209623333333337,"gpsNum":8,"speed":0.7593193173408509,"direction":217.58999633789063}
I/System.out( 2709): GPS来时间：2018~~~~9~~~~~~19~~~~~15~~~~~41~~~~~0
I/System.out( 2709): 安卓屏来请求：Q_device_status_query   参数：{}
I/System.out( 2709): data from 570：7e 07 06 07 00 71 03 00 00 0b 00 00 00 09 03 04 71 7e
I/System.out( 2709): 状态--alarmState1:0alarmState2:0
I/System.out( 2709): 设备状态：{"loginState":1,"meter":0,"hechengState":0,"gateway":1,"accState":0,"gps":9,"alermState":0,"gsm":3,"callingUpState":0,"net":4,"connectState":1}
I/System.out( 2709): 570CostTime[1543]:1
I/System.out( 2709): N_device_status_notify:updateTopView:true
I/System.out( 2709): N_device_status_notify:updateTopView:{"loginState":1,"meter":0,"hechengState":0,"gateway":1,"accState":0,"gps":9,"alermState":0,"gsm":3,"callingUpState":0,"net":4,"connectState":1}
I/System.out( 2709): javascriptNotify:setTopView:{"loginState":1,"meter":0,"hechengState":0,"gateway":1,"accState":0,"gps":9,"alermState":0,"gsm":3,"callingUpState":0,"net":4,"connectState":1}
I/chromium( 2709): [INFO:CONSOLE(1244)] "updateScreenDisplay:0", source: file:///android_asset/www/js/controllersBaoDing.js (1244)
D/GpsLocationProvider( 2512): gps_ni_notify_callback
I/GpsLocationProvider( 2512): reportNiNotification: entered
I/GpsLocationProvider( 2512): notificationId: 43962, niType: 3, notifyFlags: 0, timeout: 0, defaultResponse: 3
I/GpsLocationProvider( 2512): requestorId: , text: , requestorIdEncoding: 0, textEncoding: 0
D/GpsNetInitiatedHandler( 2512): handleNiNotification notificationId: 43962 requestorId:  text: 
I/System.out( 2709): 安卓屏来请求：N_location_report_notify   参数：{"longitude":121.59474833333334,"gpsTime":1539934899000,"latitude":31.20962666666667,"gpsNum":8,"speed":0.8889592230319977,"direction":217.58999633789063}
I/System.out( 2709): GPS来时间：2018~~~~9~~~~~~19~~~~~15~~~~~41~~~~~0
D/hwcomposer( 1627): ### foce-gpu=1, force-frame:10196
D/GpsLocationProvider( 2512): gps_ni_notify_callback
I/GpsLocationProvider( 2512): reportNiNotification: entered
I/GpsLocationProvider( 2512): notificationId: 43962, niType: 3, notifyFlags: 0, timeout: 0, defaultResponse: 3
I/GpsLocationProvider( 2512): requestorId: , text: , requestorIdEncoding: 0, textEncoding: 0
D/GpsNetInitiatedHandler( 2512): handleNiNotification notificationId: 43962 requestorId:  text: 
I/System.out( 2709): 安卓屏来请求：N_location_report_notify   参数：{"longitude":121.59475666666667,"gpsTime":1539934900000,"latitude":31.20963,"gpsNum":8,"speed":0.2963197499513626,"direction":217.58999633789063}
I/System.out( 2709): GPS来时间：2018~~~~9~~~~~~19~~~~~15~~~~~41~~~~~0
D/hwcomposer( 1627): to force gpu, 0
D/hwcomposer( 1627): Force GPU Composer
D/GpsLocationProvider( 2512): gps_ni_notify_callback
I/GpsLocationProvider( 2512): reportNiNotification: entered
I/GpsLocationProvider( 2512): notificationId: 43962, niType: 3, notifyFlags: 0, timeout: 0, defaultResponse: 3
I/GpsLocationProvider( 2512): requestorId: , text: , requestorIdEncoding: 0, textEncoding: 0
D/GpsNetInitiatedHandler( 2512): handleNiNotification notificationId: 43962 requestorId:  text: 
I/System.out( 2709): 安卓屏来请求：N_location_report_notify   参数：{"longitude":121.59476500000001,"gpsTime":1539934901000,"latitude":31.209635000000002,"gpsNum":8,"speed":0.16667985767126084,"direction":217.58999633789063}
I/System.out( 2709): GPS来时间：2018~~~~9~~~~~~19~~~~~15~~~~~41~~~~~0
I/System.out( 2709): data from 570：7e 12 07 1a 00 72 03 00 00 00 00 00 00 e3 3b 59 04 36 bb 1d 01 00 00 a6 20 18 10 19 15 41 41 09 00 00 00 e1 7e
I/System.out( 2709): 570CostTime[1810]:1
I/System.out( 2709): javascriptNotify:updateVehicleSpeed:{"state":0,"longitude":121.59483166666666,"gpsTime":"20181019154141","latitude":31.209476666666667,"gpsNum":9,"speed":0,"direction":332}
D/alarmDebug( 2512): setKernel, wakeup at 1896
I/test_install( 2709): 进入 StartReceiver
I/chromium( 2709): [INFO:CONSOLE(40)] "FleetyCordova.request", source: file:///android_asset/www/FleetyCordovaInterface.js (40)
I/System.out( 2709): level:info tag=FleetyCordovaPlugin message=action=h5Heart [{"head":{"id":305,"action":"h5Heart","time":1539934902338},"body":{}}]
I/System.out( 2709): heart update:1892084
I/FleetyCordovaPlugin( 2709): action=h5Heart [{"head":{"id":305,"action":"h5Heart","time":1539934902338},"body":{}}]
I/System.out( 2709): json:{"musicJson":{"maxMusic":32,"musicRatio":63,"currentMusic":20},"alarmJson":{"alarmRatio":71,"currentAlarm":6,"maxAlarm":7},"brightnessJson":{"currentBright":204,"maxBright":255,"brightRatio":80},"systemJson":{"systemRatio":71,"maxSystem":7,"currentSystem":5}}
D/GpsLocationProvider( 2512): gps_ni_notify_callback
I/GpsLocationProvider( 2512): reportNiNotification: entered
I/GpsLocationProvider( 2512): notificationId: 43962, niType: 3, notifyFlags: 0, timeout: 0, defaultResponse: 3
I/GpsLocationProvider( 2512): requestorId: , text: , requestorIdEncoding: 0, textEncoding: 0
D/GpsNetInitiatedHandler( 2512): handleNiNotification notificationId: 43962 requestorId:  text: 
I/System.out( 2709): 安卓屏来请求：N_location_report_notify   参数：{"longitude":121.59476833333335,"gpsTime":1539934902000,"latitude":31.209636666666665,"gpsNum":8,"speed":0.44447961151599885,"direction":217.58999633789063}
I/System.out( 2709): GPS来时间：2018~~~~9~~~~~~19~~~~~15~~~~~41~~~~~0
D/hwcomposer( 1627): ### foce-gpu=1, force-frame:10198
D/hwcomposer( 1627): to force gpu, 0
D/hwcomposer( 1627): Force GPU Composer
D/GpsLocationProvider( 2512): gps_ni_notify_callback
I/GpsLocationProvider( 2512): reportNiNotification: entered
I/GpsLocationProvider( 2512): notificationId: 43962, niType: 3, notifyFlags: 0, timeout: 0, defaultResponse: 3
I/GpsLocationProvider( 2512): requestorId: , text: , requestorIdEncoding: 0, textEncoding: 0
D/GpsNetInitiatedHandler( 2512): handleNiNotification notificationId: 43962 requestorId:  text: 
I/System.out( 2709): 安卓屏来请求：N_location_report_notify   参数：{"longitude":121.59477,"gpsTime":1539934903000,"latitude":31.209641666666666,"gpsNum":8,"speed":0.5370795249938966,"direction":217.58999633789063}
I/System.out( 2709): GPS来时间：2018~~~~9~~~~~~19~~~~~15~~~~~41~~~~~0
I/System.out( 2709): 安卓屏来请求：Q_device_status_query   参数：{}
I/System.out( 2709): data from 570：7e 07 06 07 00 73 03 00 00 0b 00 00 00 09 03 04 73 7e
I/System.out( 2709): 状态--alarmState1:0alarmState2:0
I/System.out( 2709): 设备状态：{"loginState":1,"meter":0,"hechengState":0,"gateway":1,"accState":0,"gps":9,"alermState":0,"gsm":3,"callingUpState":0,"net":4,"connectState":1}
I/System.out( 2709): 570CostTime[1543]:1
I/System.out( 2709): N_device_status_notify:updateTopView:true
I/System.out( 2709): N_device_status_notify:updateTopView:{"loginState":1,"meter":0,"hechengState":0,"gateway":1,"accState":0,"gps":9,"alermState":0,"gsm":3,"callingUpState":0,"net":4,"connectState":1}
I/System.out( 2709): javascriptNotify:setTopView:{"loginState":1,"meter":0,"hechengState":0,"gateway":1,"accState":0,"gps":9,"alermState":0,"gsm":3,"callingUpState":0,"net":4,"connectState":1}
I/chromium( 2709): [INFO:CONSOLE(1244)] "updateScreenDisplay:0", source: file:///android_asset/www/js/controllersBaoDing.js (1244)
D/GpsLocationProvider( 2512): gps_ni_notify_callback
I/GpsLocationProvider( 2512): reportNiNotification: entered
I/GpsLocationProvider( 2512): notificationId: 43962, niType: 3, notifyFlags: 0, timeout: 0, defaultResponse: 3
I/GpsLocationProvider( 2512): requestorId: , text: , requestorIdEncoding: 0, textEncoding: 0
D/GpsNetInitiatedHandler( 2512): handleNiNotification notificationId: 43962 requestorId:  text: 
I/System.out( 2709): 安卓屏来请求：N_location_report_notify   参数：{"longitude":121.59477333333334,"gpsTime":1539934904000,"latitude":31.20964333333333,"gpsNum":8,"speed":0.9074792861938477,"direction":217.58999633789063}
I/System.out( 2709): GPS来时间：2018~~~~9~~~~~~19~~~~~15~~~~~41~~~~~0
I/System.out( 2709): data from 570：7e 02 06 0c 00 74 03 00 00 01 c7 eb b5 e3 c6 c1 c7 a9 cd cb 00 6b 7e
I/System.out( 2709): isTTS:1
I/System.out( 2709): 570CostTime[1538]:1
I/System.out( 2709):  N_down_message_notify:{"content":"请点屏签退","isTTS":1}
I/System.out( 2709): music:aaaaaaaa-->N_down_message_notify-->{"content":"请点屏签退","level":1}
I/System.out( 2709): javascriptNotify:messageNotife:{"content":"请点屏签退","isTTS":1}
I/System.out( 2709): getTextBybetweenBIGASCII:请点屏签退
I/chromium( 2709): [INFO:CONSOLE(4011)] "报文:{"content":"请点屏签退","isTTS":1}", source: file:///android_asset/www/js/controllersBaoDing.js (4011)
I/System.out( 2709): -----N_tts_start_notify
D/NaviInfo( 2937): Calling process is: com.iflytek.speechcloud:tts_service
D/NaviInfo( 2937): liuliang pid = 2937, name = com.iflytek.speechcloud:tts_service
D/LOGGER  ( 2937): luacFramework_GetEnv() [in]
D/LOGGER  ( 2937): luacFramework_GetEnv() [out]
V/audio_hw_primary( 1630): start_output_stream, line: 1956
D/audio_hw_primary( 1630): line:1766,select_output_device,adev->mode:0, AUDIO_MODE_RINGTONE:1, AUDIO_MODE_NORMAL:0
V/audio_hw_primary( 1630): normal mode, ****LINE:1783,FUNC:select_output_device, adev->out_device:2
V/audio_hw_primary( 1630): use AUDIO_CODEC to playback audio
D/alsa_pcm( 1630): ####@@@@@####@@@@config->raw_flag = 1#####%%
V/audio_hw_primary( 1630): do not use out resampler
V/audio_hw_primary( 1630): use AUDIO_SPDIF to playback audio
D/alsa_pcm( 1630): ####@@@@@####@@@@config->raw_flag = 1#####%%
V/audio_hw_primary( 1630): do not use out resampler
D/dalvikvm( 2937): GC_CONCURRENT freed 1946K, 50% free 3003K/5992K, paused 2ms+2ms, total 16ms
D/LOGGER  ( 2937): gethostbyname(scs.openspeech.cn) start
D/LOGGER  ( 2937): gethostbyname(scs.openspeech.cn) ret=0, errno=0, h_errno=166
D/GpsLocationProvider( 2512): gps_ni_notify_callback
I/GpsLocationProvider( 2512): reportNiNotification: entered
I/GpsLocationProvider( 2512): notificationId: 43962, niType: 3, notifyFlags: 0, timeout: 0, defaultResponse: 3
I/GpsLocationProvider( 2512): requestorId: , text: , requestorIdEncoding: 0, textEncoding: 0
D/GpsNetInitiatedHandler( 2512): handleNiNotification notificationId: 43962 requestorId:  text: 
I/System.out( 2709): 安卓屏来请求：N_location_report_notify   参数：{"longitude":121.59477666666668,"gpsTime":1539934905000,"latitude":31.209648333333334,"gpsNum":8,"speed":0.9630391001701355,"direction":217.58999633789063}
I/System.out( 2709): GPS来时间：2018~~~~9~~~~~~19~~~~~15~~~~~41~~~~~0
D/hwcomposer( 1627): ### foce-gpu=1, force-frame:10202
D/hwcomposer( 1627): to force gpu, 0
D/hwcomposer( 1627): Force GPU Composer
I/[Gralloc]( 2709): ion_alloc from ion_client:134 via heap type DMA/CARVEOUT(mask:0x00000014) for 131072 Bytes cached buffer successfully, usage = 0x00000133
I/System.out( 2709): -----N_tts_end_notify
D/GpsLocationProvider( 2512): gps_ni_notify_callback
I/GpsLocationProvider( 2512): reportNiNotification: entered
I/GpsLocationProvider( 2512): notificationId: 43962, niType: 3, notifyFlags: 0, timeout: 0, defaultResponse: 3
I/GpsLocationProvider( 2512): requestorId: , text: , requestorIdEncoding: 0, textEncoding: 0
D/dalvikvm( 2512): GC_FOR_ALLOC freed 1054K, 36% free 5674K/8784K, paused 46ms, total 46ms
D/GpsNetInitiatedHandler( 2512): handleNiNotification notificationId: 43962 requestorId:  text: 
I/System.out( 2709): 安卓屏来请求：N_location_report_notify   参数：{"longitude":121.59478333333333,"gpsTime":1539934906000,"latitude":31.209651666666666,"gpsNum":8,"speed":1.370478880405426,"direction":217.58999633789063}
I/System.out( 2709): GPS来时间：2018~~~~9~~~~~~19~~~~~15~~~~~41~~~~~0
D/alarmDebug( 2512): setKernel, wakeup at 1901
I/test_install( 2709): 进入 StartReceiver
D/GpsLocationProvider( 2512): gps_ni_notify_callback
I/GpsLocationProvider( 2512): reportNiNotification: entered
I/GpsLocationProvider( 2512): notificationId: 43962, niType: 3, notifyFlags: 0, timeout: 0, defaultResponse: 3
I/GpsLocationProvider( 2512): requestorId: , text: , requestorIdEncoding: 0, textEncoding: 0
D/GpsNetInitiatedHandler( 2512): handleNiNotification notificationId: 43962 requestorId:  text: 
I/System.out( 2709): 安卓屏来请求：N_location_report_notify   参数：{"longitude":121.59478833333333,"gpsTime":1539934907000,"latitude":31.209653333333335,"gpsNum":8,"speed":2.5742777824401855,"direction":217.58999633789063}
I/System.out( 2709): GPS来时间：2018~~~~9~~~~~~19~~~~~15~~~~~41~~~~~0
I/System.out( 2709): 发心跳----
D/GpsLocationProvider( 2512): gps_ni_notify_callback
I/GpsLocationProvider( 2512): reportNiNotification: entered
I/GpsLocationProvider( 2512): notificationId: 43962, niType: 3, notifyFlags: 0, timeout: 0, defaultResponse: 3
I/GpsLocationProvider( 2512): requestorId: , text: , requestorIdEncoding: 0, textEncoding: 0
D/GpsNetInitiatedHandler( 2512): handleNiNotification notificationId: 43962 requestorId:  text: 
I/System.out( 2709): 安卓屏来请求：N_location_report_notify   参数：{"longitude":121.59479000000002,"gpsTime":1539934908000,"latitude":31.209653333333335,"gpsNum":8,"speed":2.5742777824401855,"direction":217.58999633789063}
I/System.out( 2709): GPS来时间：2018~~~~9~~~~~~19~~~~~15~~~~~41~~~~~0
I/System.out( 2709): 收心跳----
I/System.out( 2709): 安卓屏来请求：Q_calibration_time_query   参数：null
I/System.out( 2709): 安卓屏来请求：Q_device_status_query   参数：{}
D/audio_hw_primary( 1630): out_standby
D/GpsLocationProvider( 2512): gps_ni_notify_callback
I/GpsLocationProvider( 2512): reportNiNotification: entered
I/GpsLocationProvider( 2512): notificationId: 43962, niType: 3, notifyFlags: 0, timeout: 0, defaultResponse: 3
I/GpsLocationProvider( 2512): requestorId: , text: , requestorIdEncoding: 0, textEncoding: 0
D/GpsNetInitiatedHandler( 2512): handleNiNotification notificationId: 43962 requestorId:  text: 
I/System.out( 2709): 安卓屏来请求：N_location_report_notify   参数：{"longitude":121.59479333333333,"gpsTime":1539934909000,"latitude":31.209654999999998,"gpsNum":8,"speed":1.3889987826347352,"direction":217.58999633789063}
I/System.out( 2709): GPS来时间：2018~~~~9~~~~~~19~~~~~15~~~~~41~~~~~0
D/InputEventConsistencyVerifier( 2709): TouchEvent: ACTION_DOWN but pointers are already down.  Probably missing ACTION_UP from previous gesture.
D/InputEventConsistencyVerifier( 2709):   in android.view.ScaleGestureDetector@41a815b8
D/InputEventConsistencyVerifier( 2709):   0: sent at 1899938568000, MotionEvent { action=ACTION_DOWN, id[0]=0, x[0]=511.99997, y[0]=249.1847, toolType[0]=TOOL_TYPE_FINGER, buttonState=0, metaState=0, flags=0x0, edgeFlags=0x0, pointerCount=1, historySize=0, eventTime=1899938, downTime=1899938, deviceId=1, source=0x1002 }
D/InputEventConsistencyVerifier( 2709):   -- recent events --
D/InputEventConsistencyVerifier( 2709):   1: sent at 1809748672093, MotionEvent { action=ACTION_MOVE, id[0]=0, x[0]=633.4326, y[0]=203.75795, toolType[0]=TOOL_TYPE_FINGER, buttonState=0, metaState=0, flags=0x0, edgeFlags=0x0, pointerCount=1, historySize=1, eventTime=1809748, downTime=1809520, deviceId=1, source=0x1002 }
D/InputEventConsistencyVerifier( 2709):   2: sent at 1809737845864, MotionEvent { action=ACTION_MOVE, id[0]=0, x[0]=599.7141, y[0]=205.70518, toolType[0]=TOOL_TYPE_FINGER, buttonState=0, metaState=0, flags=0x0, edgeFlags=0x0, pointerCount=1, historySize=1, eventTime=1809737, downTime=1809520, deviceId=1, source=0x1002 }
D/InputEventConsistencyVerifier( 2709):   3: sent at 1809727000000, MotionEvent { action=ACTION_MOVE, id[0]=0, x[0]=565.54626, y[0]=209.55515, toolType[0]=TOOL_TYPE_FINGER, buttonState=0, metaState=0, flags=0x0, edgeFlags=0x0, pointerCount=1, historySize=2, eventTime=1809727, downTime=1809520, deviceId=1, source=0x1002 }
D/InputEventConsistencyVerifier( 2709):   4: sent at 1809705383578, MotionEvent { action=ACTION_MOVE, id[0]=0, x[0]=497.90005, y[0]=218.02289, toolType[0]=TOOL_TYPE_FINGER, buttonState=0, metaState=0, flags=0x0, edgeFlags=0x0, pointerCount=1, historySize=1, eventTime=1809705, downTime=1809520, deviceId=1, source=0x1002 }
D/InputEventConsistencyVerifier( 2709):   5: sent at 1809694000000, MotionEvent { action=ACTION_MOVE, id[0]=0, x[0]=462.98264, y[0]=220.66312, toolType[0]=TOOL_TYPE_FINGER, buttonState=0, metaState=0, flags=0x0, edgeFlags=0x0, pointerCount=1, historySize=2, eventTime=1809694, downTime=1809520, deviceId=1, source=0x1002 }
I/chromium( 2709): [INFO:CONSOLE(40)] "FleetyCordova.request", source: file:///android_asset/www/FleetyCordovaInterface.js (40)
I/System.out( 2709): level:info tag=FleetyCordovaPlugin message=action=setSpeedState [{"head":{"id":306,"action":"setSpeedState","time":1539934910307},"body":{"type":1}}]
I/System.out( 2709): setSpeedState:[{"head":{"id":306,"action":"setSpeedState","time":1539934910307},"body":{"type":1}}]
I/FleetyCordovaPlugin( 2709): action=setSpeedState [{"head":{"id":306,"action":"setSpeedState","time":1539934910307},"body":{"type":1}}]
I/[Gralloc]( 2709): ion_alloc from ion_client:134 via heap type DMA/CARVEOUT(mask:0x00000014) for 131072 Bytes cached buffer successfully, usage = 0x00000133
I/[Gralloc]( 2709): ion_alloc from ion_client:134 via heap type DMA/CARVEOUT(mask:0x00000014) for 16384 Bytes cached buffer successfully, usage = 0x00000133
I/[Gralloc]( 2709): ion_alloc from ion_client:134 via heap type DMA/CARVEOUT(mask:0x00000014) for 131072 Bytes cached buffer successfully, usage = 0x00000133
I/[Gralloc]( 2709): ion_alloc from ion_client:134 via heap type DMA/CARVEOUT(mask:0x00000014) for 131072 Bytes cached buffer successfully, usage = 0x00000133
I/[Gralloc]( 2709): ion_alloc from ion_client:134 via heap type DMA/CARVEOUT(mask:0x00000014) for 131072 Bytes cached buffer successfully, usage = 0x00000133
W/ProcessCpuTracker( 2512): Skipping unknown process pid 21876
D/GpsLocationProvider( 2512): gps_ni_notify_callback
I/GpsLocationProvider( 2512): reportNiNotification: entered
I/GpsLocationProvider( 2512): notificationId: 43962, niType: 3, notifyFlags: 0, timeout: 0, defaultResponse: 3
I/GpsLocationProvider( 2512): requestorId: , text: , requestorIdEncoding: 0, textEncoding: 0
D/GpsNetInitiatedHandler( 2512): handleNiNotification notificationId: 43962 requestorId:  text: 
I/System.out( 2709): 安卓屏来请求：N_location_report_notify   参数：{"longitude":121.59479333333333,"gpsTime":1539934910000,"latitude":31.209656666666667,"gpsNum":8,"speed":1.8705182790756225,"direction":217.58999633789063}
I/System.out( 2709): GPS来时间：2018~~~~9~~~~~~19~~~~~15~~~~~41~~~~~0
D/GpsLocationProvider( 2512): gps_ni_notify_callback
I/GpsLocationProvider( 2512): reportNiNotification: entered
I/GpsLocationProvider( 2512): notificationId: 43962, niType: 3, notifyFlags: 0, timeout: 0, defaultResponse: 3
I/GpsLocationProvider( 2512): requestorId: , text: , requestorIdEncoding: 0, textEncoding: 0
D/GpsNetInitiatedHandler( 2512): handleNiNotification notificationId: 43962 requestorId:  text: 
I/System.out( 2709): 安卓屏来请求：N_location_report_notify   参数：{"longitude":121.59479333333333,"gpsTime":1539934911000,"latitude":31.20965833333333,"gpsNum":8,"speed":1.0000792264938354,"direction":217.58999633789063}
I/System.out( 2709): GPS来时间：2018~~~~9~~~~~~19~~~~~15~~~~~41~~~~~0
I/System.out( 2709): data from 570：7e 12 07 1a 00 75 03 00 00 00 00 00 00 f7 3b 59 04 39 bb 1d 01 00 00 a6 20 18 10 19 15 41 45 08 00 00 00 f8 7e
I/System.out( 2709): 570CostTime[1810]:0
I/System.out( 2709): data from 570：7e 16 06 04 00 76 03 00 00 72 fa a6 4a 05 7e
I/System.out( 2709): 570CostTime[1558]:1
I/System.out( 2709): data from 570：7e 07 06 07 00 77 03 00 00 0b 00 00 00 08 03 04 76 7e
I/System.out( 2709): 状态--alarmState1:0alarmState2:0
I/System.out( 2709): 设备状态：{"loginState":1,"meter":0,"hechengState":0,"gateway":1,"accState":0,"gps":8,"alermState":0,"gsm":3,"callingUpState":0,"net":4,"connectState":1}
I/System.out( 2709): 570CostTime[1543]:1
I/System.out( 2709): N_device_status_notify:updateTopView:true
I/System.out( 2709): N_device_status_notify:updateTopView:{"loginState":1,"meter":0,"hechengState":0,"gateway":1,"accState":0,"gps":8,"alermState":0,"gsm":3,"callingUpState":0,"net":4,"connectState":1}
I/System.out( 2709): javascriptNotify:setTopView:{"loginState":1,"meter":0,"hechengState":0,"gateway":1,"accState":0,"gps":8,"alermState":0,"gsm":3,"callingUpState":0,"net":4,"connectState":1}
I/chromium( 2709): [INFO:CONSOLE(1244)] "updateScreenDisplay:0", source: file:///android_asset/www/js/controllersBaoDing.js (1244)
D/alarmDebug( 2512): setKernel, wakeup at 1906
I/test_install( 2709): 进入 StartReceiver
I/chromium( 2709): [INFO:CONSOLE(40)] "FleetyCordova.request", source: file:///android_asset/www/FleetyCordovaInterface.js (40)
I/System.out( 2709): level:info tag=FleetyCordovaPlugin message=action=h5Heart [{"head":{"id":307,"action":"h5Heart","time":1539934912358},"body":{}}]
I/System.out( 2709): heart update:1902103
I/FleetyCordovaPlugin( 2709): action=h5Heart [{"head":{"id":307,"action":"h5Heart","time":1539934912358},"body":{}}]
I/System.out( 2709): json:{"musicJson":{"maxMusic":32,"musicRatio":63,"currentMusic":20},"alarmJson":{"alarmRatio":71,"currentAlarm":6,"maxAlarm":7},"brightnessJson":{"currentBright":204,"maxBright":255,"brightRatio":80},"systemJson":{"systemRatio":71,"maxSystem":7,"currentSystem":5}}
D/GpsLocationProvider( 2512): gps_ni_notify_callback
I/GpsLocationProvider( 2512): reportNiNotification: entered
I/GpsLocationProvider( 2512): notificationId: 43962, niType: 3, notifyFlags: 0, timeout: 0, defaultResponse: 3
I/GpsLocationProvider( 2512): requestorId: , text: , requestorIdEncoding: 0, textEncoding: 0
D/GpsNetInitiatedHandler( 2512): handleNiNotification notificationId: 43962 requestorId:  text: 
I/System.out( 2709): 安卓屏来请求：N_location_report_notify   参数：{"longitude":121.59479666666667,"gpsTime":1539934912000,"latitude":31.20966,"gpsNum":8,"speed":1.0371191382408143,"direction":217.58999633789063}
I/System.out( 2709): GPS来时间：2018~~~~9~~~~~~19~~~~~15~~~~~41~~~~~0
D/GpsLocationProvider( 2512): gps_ni_notify_callback
I/GpsLocationProvider( 2512): reportNiNotification: entered
I/GpsLocationProvider( 2512): notificationId: 43962, niType: 3, notifyFlags: 0, timeout: 0, defaultResponse: 3
I/GpsLocationProvider( 2512): requestorId: , text: , requestorIdEncoding: 0, textEncoding: 0
D/GpsNetInitiatedHandler( 2512): handleNiNotification notificationId: 43962 requestorId:  text: 
I/System.out( 2709): 安卓屏来请求：N_location_report_notify   参数：{"longitude":121.5948,"gpsTime":1539934913000,"latitude":31.20966333333333,"gpsNum":8,"speed":1.5371586441993714,"direction":217.58999633789063}
I/System.out( 2709): GPS来时间：2018~~~~9~~~~~~19~~~~~15~~~~~41~~~~~0
I/System.out( 2709): 安卓屏来请求：Q_device_status_query   参数：{}
I/System.out( 2709): data from 570：7e 07 06 07 00 78 03 00 00 03 00 00 00 08 03 04 71 7e
I/System.out( 2709): 状态--alarmState1:0alarmState2:0
I/System.out( 2709): 设备状态：{"loginState":0,"meter":0,"hechengState":0,"gateway":1,"accState":0,"gps":8,"alermState":0,"gsm":3,"callingUpState":0,"net":4,"connectState":1}
I/System.out( 2709): 570CostTime[1543]:2
I/System.out( 2709): N_device_status_notify:updateTopView:true
I/System.out( 2709): N_device_status_notify:updateTopView:{"loginState":0,"meter":0,"hechengState":0,"gateway":1,"accState":0,"gps":8,"alermState":0,"gsm":3,"callingUpState":0,"net":4,"connectState":1}
I/System.out( 2709): javascriptNotify:setTopView:{"loginState":0,"meter":0,"hechengState":0,"gateway":1,"accState":0,"gps":8,"alermState":0,"gsm":3,"callingUpState":0,"net":4,"connectState":1}
I/chromium( 2709): [INFO:CONSOLE(1244)] "updateScreenDisplay:0", source: file:///android_asset/www/js/controllersBaoDing.js (1244)
I/[Gralloc]( 2709): ion_alloc from ion_client:134 via heap type DMA/CARVEOUT(mask:0x00000014) for 589824 Bytes cached buffer successfully, usage = 0x00000133
I/[Gralloc]( 2709): ion_alloc from ion_client:134 via heap type DMA/CARVEOUT(mask:0x00000014) for 589824 Bytes cached buffer successfully, usage = 0x00000133
