I/[Gralloc]( 2709): ion_alloc from ion_client:134 via heap type DMA/CARVEOUT(mask:0x00000014) for 32768 Bytes cached buffer successfully, usage = 0x00000133
I/[Gralloc]( 2709): ion_alloc from ion_client:134 via heap type DMA/CARVEOUT(mask:0x00000014) for 32768 Bytes cached buffer successfully, usage = 0x00000133
I/[Gralloc]( 2709): ion_alloc from ion_client:134 via heap type DMA/CARVEOUT(mask:0x00000014) for 32768 Bytes cached buffer successfully, usage = 0x00000133
I/[Gralloc]( 2709): ion_alloc from ion_client:134 via heap type DMA/CARVEOUT(mask:0x00000014) for 32768 Bytes cached buffer successfully, usage = 0x00000133
I/[Gralloc]( 2709): ion_alloc from ion_client:134 via heap type DMA/CARVEOUT(mask:0x00000014) for 32768 Bytes cached buffer successfully, usage = 0x00000133
I/[Gralloc]( 2709): ion_alloc from ion_client:134 via heap type DMA/CARVEOUT(mask:0x00000014) for 32768 Bytes cached buffer successfully, usage = 0x00000133
I/[Gralloc]( 2709): ion_alloc from ion_client:134 via heap type DMA/CARVEOUT(mask:0x00000014) for 32768 Bytes cached buffer successfully, usage = 0x00000133
I/[Gralloc]( 2709): ion_alloc from ion_client:134 via heap type DMA/CARVEOUT(mask:0x00000014) for 32768 Bytes cached buffer successfully, usage = 0x00000133
I/[Gralloc]( 2709): ion_alloc from ion_client:134 via heap type DMA/CARVEOUT(mask:0x00000014) for 32768 Bytes cached buffer successfully, usage = 0x00000133
D/GpsLocationProvider( 2512): gps_ni_notify_callback
I/GpsLocationProvider( 2512): reportNiNotification: entered
I/GpsLocationProvider( 2512): notificationId: 43962, niType: 3, notifyFlags: 0, timeout: 0, defaultResponse: 3
I/GpsLocationProvider( 2512): requestorId: , text: , requestorIdEncoding: 0, textEncoding: 0
D/GpsNetInitiatedHandler( 2512): handleNiNotification notificationId: 43962 requestorId:  text: 
I/System.out( 2709): 安卓屏来请求：N_location_report_notify   参数：{"longitude":121.594805,"gpsTime":1539934914000,"latitude":31.209666666666667,"gpsNum":8,"speed":1.5371586441993714,"direction":217.58999633789063}
I/System.out( 2709): GPS来时间：2018~~~~9~~~~~~19~~~~~15~~~~~41~~~~~0
I/System.out( 2709): data from 570：7e 12 07 1a 00 79 03 00 00 00 00 00 00 f7 3b 59 04 39 bb 1d 01 00 00 a6 20 18 10 19 15 41 54 08 00 00 00 e5 7e
I/System.out( 2709): 570CostTime[1810]:1
I/chromium( 2709): [INFO:CONSOLE(40)] "FleetyCordova.request", source: file:///android_asset/www/FleetyCordovaInterface.js (40)
I/System.out( 2709): level:info tag=FleetyCordovaPlugin message=action=setSpeedState [{"head":{"id":308,"action":"setSpeedState","time":1539934915055},"body":{"type":0}}]
I/System.out( 2709): setSpeedState:[{"head":{"id":308,"action":"setSpeedState","time":1539934915055},"body":{"type":0}}]
I/FleetyCordovaPlugin( 2709): action=setSpeedState [{"head":{"id":308,"action":"setSpeedState","time":1539934915055},"body":{"type":0}}]
I/[Gralloc]( 2709): ion_alloc from ion_client:134 via heap type DMA/CARVEOUT(mask:0x00000014) for 589824 Bytes cached buffer successfully, usage = 0x00000133
I/[Gralloc]( 2709): ion_alloc from ion_client:134 via heap type DMA/CARVEOUT(mask:0x00000014) for 589824 Bytes cached buffer successfully, usage = 0x00000133
I/[Gralloc]( 2709): ion_alloc from ion_client:134 via heap type DMA/CARVEOUT(mask:0x00000014) for 32768 Bytes cached buffer successfully, usage = 0x00000133
I/[Gralloc]( 2709): ion_alloc from ion_client:134 via heap type DMA/CARVEOUT(mask:0x00000014) for 32768 Bytes cached buffer successfully, usage = 0x00000133
I/[Gralloc]( 2709): ion_alloc from ion_client:134 via heap type DMA/CARVEOUT(mask:0x00000014) for 32768 Bytes cached buffer successfully, usage = 0x00000133
I/[Gralloc]( 2709): ion_alloc from ion_client:134 via heap type DMA/CARVEOUT(mask:0x00000014) for 32768 Bytes cached buffer successfully, usage = 0x00000133
I/[Gralloc]( 2709): ion_alloc from ion_client:134 via heap type DMA/CARVEOUT(mask:0x00000014) for 32768 Bytes cached buffer successfully, usage = 0x00000133
I/[Gralloc]( 2709): ion_alloc from ion_client:134 via heap type DMA/CARVEOUT(mask:0x00000014) for 32768 Bytes cached buffer successfully, usage = 0x00000133
I/[Gralloc]( 2709): ion_alloc from ion_client:134 via heap type DMA/CARVEOUT(mask:0x00000014) for 32768 Bytes cached buffer successfully, usage = 0x00000133
I/[Gralloc]( 2709): ion_alloc from ion_client:134 via heap type DMA/CARVEOUT(mask:0x00000014) for 32768 Bytes cached buffer successfully, usage = 0x00000133
I/[Gralloc]( 2709): ion_alloc from ion_client:134 via heap type DMA/CARVEOUT(mask:0x00000014) for 32768 Bytes cached buffer successfully, usage = 0x00000133
I/[Gralloc]( 2709): ion_alloc from ion_client:134 via heap type DMA/CARVEOUT(mask:0x00000014) for 131072 Bytes cached buffer successfully, usage = 0x00000133
I/[Gralloc]( 2709): ion_alloc from ion_client:134 via heap type DMA/CARVEOUT(mask:0x00000014) for 131072 Bytes cached buffer successfully, usage = 0x00000133
D/GpsLocationProvider( 2512): gps_ni_notify_callback
I/GpsLocationProvider( 2512): reportNiNotification: entered
I/GpsLocationProvider( 2512): notificationId: 43962, niType: 3, notifyFlags: 0, timeout: 0, defaultResponse: 3
I/GpsLocationProvider( 2512): requestorId: , text: , requestorIdEncoding: 0, textEncoding: 0
D/GpsNetInitiatedHandler( 2512): handleNiNotification notificationId: 43962 requestorId:  text: 
I/System.out( 2709): 安卓屏来请求：N_location_report_notify   参数：{"longitude":121.59480666666666,"gpsTime":1539934915000,"latitude":31.209668333333337,"gpsNum":8,"speed":1.666798496246338,"direction":217.58999633789063}
I/System.out( 2709): GPS来时间：2018~~~~9~~~~~~19~~~~~15~~~~~41~~~~~0
D/GpsLocationProvider( 2512): gps_ni_notify_callback
I/GpsLocationProvider( 2512): reportNiNotification: entered
I/GpsLocationProvider( 2512): notificationId: 43962, niType: 3, notifyFlags: 0, timeout: 0, defaultResponse: 3
I/GpsLocationProvider( 2512): requestorId: , text: , requestorIdEncoding: 0, textEncoding: 0
D/GpsNetInitiatedHandler( 2512): handleNiNotification notificationId: 43962 requestorId:  text: 
I/System.out( 2709): 安卓屏来请求：N_location_report_notify   参数：{"longitude":121.59481666666667,"gpsTime":1539934916000,"latitude":31.20967333333333,"gpsNum":8,"speed":1.722358524799347,"direction":217.58999633789063}
I/System.out( 2709): GPS来时间：2018~~~~9~~~~~~19~~~~~15~~~~~41~~~~~0
D/alarmDebug( 2512): setKernel, wakeup at 1911
I/test_install( 2709): 进入 StartReceiver
D/GpsLocationProvider( 2512): gps_ni_notify_callback
I/GpsLocationProvider( 2512): reportNiNotification: entered
I/GpsLocationProvider( 2512): notificationId: 43962, niType: 3, notifyFlags: 0, timeout: 0, defaultResponse: 3
I/GpsLocationProvider( 2512): requestorId: , text: , requestorIdEncoding: 0, textEncoding: 0
D/GpsNetInitiatedHandler( 2512): handleNiNotification notificationId: 43962 requestorId:  text: 
I/System.out( 2709): 安卓屏来请求：N_location_report_notify   参数：{"longitude":121.594825,"gpsTime":1539934917000,"latitude":31.209676666666663,"gpsNum":8,"speed":4.1114363193511965,"direction":64.5999984741211}
I/System.out( 2709): GPS来时间：2018~~~~9~~~~~~19~~~~~15~~~~~41~~~~~0
D/GpsLocationProvider( 2512): gps_ni_notify_callback
I/GpsLocationProvider( 2512): reportNiNotification: entered
I/GpsLocationProvider( 2512): notificationId: 43962, niType: 3, notifyFlags: 0, timeout: 0, defaultResponse: 3
I/GpsLocationProvider( 2512): requestorId: , text: , requestorIdEncoding: 0, textEncoding: 0
D/GpsNetInitiatedHandler( 2512): handleNiNotification notificationId: 43962 requestorId:  text: 
I/System.out( 2709): 安卓屏来请求：N_location_report_notify   参数：{"longitude":121.59483,"gpsTime":1539934918000,"latitude":31.209678333333333,"gpsNum":8,"speed":3.222477149963379,"direction":64.5999984741211}
I/System.out( 2709): GPS来时间：2018~~~~9~~~~~~19~~~~~15~~~~~41~~~~~0
I/System.out( 2709): 安卓屏来请求：Q_device_status_query   参数：{}
I/System.out( 2709): data from 570：7e 07 06 07 00 7a 03 00 00 03 00 00 00 08 03 04 73 7e
I/System.out( 2709): 状态--alarmState1:0alarmState2:0
I/System.out( 2709): 设备状态：{"loginState":0,"meter":0,"hechengState":0,"gateway":1,"accState":0,"gps":8,"alermState":0,"gsm":3,"callingUpState":0,"net":4,"connectState":1}
I/System.out( 2709): 570CostTime[1543]:1
I/System.out( 2709): N_device_status_notify:updateTopView:true
I/System.out( 2709): N_device_status_notify:updateTopView:{"loginState":0,"meter":0,"hechengState":0,"gateway":1,"accState":0,"gps":8,"alermState":0,"gsm":3,"callingUpState":0,"net":4,"connectState":1}
I/System.out( 2709): javascriptNotify:setTopView:{"loginState":0,"meter":0,"hechengState":0,"gateway":1,"accState":0,"gps":8,"alermState":0,"gsm":3,"callingUpState":0,"net":4,"connectState":1}
I/chromium( 2709): [INFO:CONSOLE(1244)] "updateScreenDisplay:0", source: file:///android_asset/www/js/controllersBaoDing.js (1244)
D/GpsLocationProvider( 2512): gps_ni_notify_callback
I/GpsLocationProvider( 2512): reportNiNotification: entered
I/GpsLocationProvider( 2512): notificationId: 43962, niType: 3, notifyFlags: 0, timeout: 0, defaultResponse: 3
I/GpsLocationProvider( 2512): requestorId: , text: , requestorIdEncoding: 0, textEncoding: 0
D/GpsNetInitiatedHandler( 2512): handleNiNotification notificationId: 43962 requestorId:  text: 
I/System.out( 2709): 安卓屏来请求：N_location_report_notify   参数：{"longitude":121.59483833333334,"gpsTime":1539934919000,"latitude":31.209680000000002,"gpsNum":8,"speed":2.277958059310913,"direction":64.5999984741211}
I/System.out( 2709): GPS来时间：2018~~~~9~~~~~~19~~~~~15~~~~~41~~~~~0
E/su-binary(22061): ----su-----
V/su-binary(22061): argv[1]=-c
V/su-binary(22061): argv[2]=id
I/System.out( 2709): data from 570：7e 12 07 1a 00 7b 03 00 00 00 00 00 00 f7 3b 59 04 39 bb 1d 01 00 00 a6 20 18 10 19 15 41 59 08 00 00 00 ea 7e
I/System.out( 2709): 570CostTime[1810]:0
I/System.out( 2709): javascriptNotify:updateVehicleSpeed:{"state":0,"longitude":121.594865,"gpsTime":"20181019154159","latitude":31.209481666666665,"gpsNum":8,"speed":0,"direction":332}
D/AndroidRuntime(22064): 
D/AndroidRuntime(22064): >>>>>> AndroidRuntime START com.android.internal.os.RuntimeInit <<<<<<
D/AndroidRuntime(22064): CheckJNI is OFF
D/dalvikvm(22064): Trying to load lib libjavacore.so 0x0
D/dalvikvm(22064): Added shared lib libjavacore.so 0x0
D/dalvikvm(22064): Trying to load lib libnativehelper.so 0x0
D/dalvikvm(22064): Added shared lib libnativehelper.so 0x0
D/dalvikvm(22064): No JNI_OnLoad found in libnativehelper.so 0x0, skipping init
D/dalvikvm(22064): Note: class Landroid/app/ActivityManagerNative; has 180 unimplemented (abstract) methods
E/memtrack(22064): Couldn't load memtrack module (No such file or directory)
E/android.os.Debug(22064): failed to load memtrack module: -2
D/AndroidRuntime(22064): Calling main entry com.android.commands.settings.SettingsCmd
D/AndroidRuntime(22064): Shutting down VM
D/dalvikvm(22064): GC_CONCURRENT freed 97K, 15% free 568K/668K, paused 1ms+0ms, total 3ms
D/hwcomposer( 1627): ### foce-gpu=1, force-frame:10399
D/hwcomposer( 1627): to force gpu, 0
D/hwcomposer( 1627): Force GPU Composer
D/GpsLocationProvider( 2512): gps_ni_notify_callback
I/GpsLocationProvider( 2512): reportNiNotification: entered
I/GpsLocationProvider( 2512): notificationId: 43962, niType: 3, notifyFlags: 0, timeout: 0, defaultResponse: 3
I/GpsLocationProvider( 2512): requestorId: , text: , requestorIdEncoding: 0, textEncoding: 0
D/GpsNetInitiatedHandler( 2512): handleNiNotification notificationId: 43962 requestorId:  text: 
I/System.out( 2709): 安卓屏来请求：N_location_report_notify   参数：{"longitude":121.59484333333333,"gpsTime":1539934920000,"latitude":31.209680000000002,"gpsNum":8,"speed":3.481757068634033,"direction":64.5999984741211}
I/System.out( 2709): GPS来时间：2018~~~~9~~~~~~19~~~~~15~~~~~42~~~~~0
D/AndroidRuntime(22076): 
D/AndroidRuntime(22076): >>>>>> AndroidRuntime START com.android.internal.os.RuntimeInit <<<<<<
D/AndroidRuntime(22076): CheckJNI is OFF
D/dalvikvm(22076): Trying to load lib libjavacore.so 0x0
D/dalvikvm(22076): Added shared lib libjavacore.so 0x0
D/dalvikvm(22076): Trying to load lib libnativehelper.so 0x0
D/dalvikvm(22076): Added shared lib libnativehelper.so 0x0
D/dalvikvm(22076): No JNI_OnLoad found in libnativehelper.so 0x0, skipping init
D/dalvikvm(22076): Note: class Landroid/app/ActivityManagerNative; has 180 unimplemented (abstract) methods
E/memtrack(22076): Couldn't load memtrack module (No such file or directory)
E/android.os.Debug(22076): failed to load memtrack module: -2
D/AndroidRuntime(22076): Calling main entry com.android.commands.settings.SettingsCmd
D/AndroidRuntime(22076): Shutting down VM
D/dalvikvm(22076): GC_CONCURRENT freed 97K, 15% free 568K/668K, paused 1ms+0ms, total 3ms
I/System.out( 2709): data from 570：7e 02 06 16 00 7c 03 00 00 01 c7 eb cb a2 bf a8 bb f2 c8 cb c1 b3 ca b6 b1 f0 c7 a9 b5 bd 00 5d 7e
I/System.out( 2709): isTTS:1
I/System.out( 2709): 570CostTime[1538]:1
I/System.out( 2709):  N_down_message_notify:{"content":"请刷卡或人脸识别签到","isTTS":1}
I/System.out( 2709): music:aaaaaaaa-->N_down_message_notify-->{"content":"请刷卡或人脸识别签到","level":1}
I/System.out( 2709): javascriptNotify:messageNotife:{"content":"请刷卡或人脸识别签到","isTTS":1}
I/System.out( 2709): getTextBybetweenBIGASCII:请刷卡或人脸识别签到
I/chromium( 2709): [INFO:CONSOLE(4011)] "报文:{"content":"请刷卡或人脸识别签到","isTTS":1}", source: file:///android_asset/www/js/controllersBaoDing.js (4011)
I/System.out( 2709): -----N_tts_start_notify
D/NaviInfo( 2937): Calling process is: com.iflytek.speechcloud:tts_service
D/NaviInfo( 2937): liuliang pid = 2937, name = com.iflytek.speechcloud:tts_service
D/LOGGER  ( 2937): luacFramework_GetEnv() [in]
D/LOGGER  ( 2937): luacFramework_GetEnv() [out]
V/audio_hw_primary( 1630): start_output_stream, line: 1956
D/audio_hw_primary( 1630): line:1766,select_output_device,adev->mode:0, AUDIO_MODE_RINGTONE:1, AUDIO_MODE_NORMAL:0
V/audio_hw_primary( 1630): normal mode, ****LINE:1783,FUNC:select_output_device, adev->out_device:2
V/audio_hw_primary( 1630): use AUDIO_CODEC to playback audio
D/alsa_pcm( 1630): ####@@@@@####@@@@config->raw_flag = 1#####%%
V/audio_hw_primary( 1630): do not use out resampler
V/audio_hw_primary( 1630): use AUDIO_SPDIF to playback audio
D/alsa_pcm( 1630): ####@@@@@####@@@@config->raw_flag = 1#####%%
V/audio_hw_primary( 1630): do not use out resampler
D/LOGGER  ( 2937): gethostbyname(scs.openspeech.cn) start
D/LOGGER  ( 2937): gethostbyname(scs.openspeech.cn) ret=0, errno=0, h_errno=166
I/[Gralloc]( 2709): ion_alloc from ion_client:134 via heap type DMA/CARVEOUT(mask:0x00000014) for 131072 Bytes cached buffer successfully, usage = 0x00000133
D/GpsLocationProvider( 2512): gps_ni_notify_callback
I/GpsLocationProvider( 2512): reportNiNotification: entered
I/GpsLocationProvider( 2512): notificationId: 43962, niType: 3, notifyFlags: 0, timeout: 0, defaultResponse: 3
I/GpsLocationProvider( 2512): requestorId: , text: , requestorIdEncoding: 0, textEncoding: 0
D/GpsNetInitiatedHandler( 2512): handleNiNotification notificationId: 43962 requestorId:  text: 
I/System.out( 2709): 安卓屏来请求：N_location_report_notify   参数：{"longitude":121.59484833333333,"gpsTime":1539934921000,"latitude":31.209678333333333,"gpsNum":8,"speed":1.481598722934723,"direction":64.5999984741211}
I/System.out( 2709): GPS来时间：2018~~~~9~~~~~~19~~~~~15~~~~~42~~~~~0
D/AndroidRuntime(22119): 
D/AndroidRuntime(22119): >>>>>> AndroidRuntime START com.android.internal.os.RuntimeInit <<<<<<
D/AndroidRuntime(22119): CheckJNI is OFF
D/dalvikvm(22119): Trying to load lib libjavacore.so 0x0
D/dalvikvm(22119): Added shared lib libjavacore.so 0x0
D/dalvikvm(22119): Trying to load lib libnativehelper.so 0x0
D/dalvikvm(22119): Added shared lib libnativehelper.so 0x0
D/dalvikvm(22119): No JNI_OnLoad found in libnativehelper.so 0x0, skipping init
I/test_install( 2709): 进入 StartReceiver
D/alarmDebug( 2512): setKernel, wakeup at 1916
D/dalvikvm(22119): Note: class Landroid/app/ActivityManagerNative; has 180 unimplemented (abstract) methods
I/chromium( 2709): [INFO:CONSOLE(40)] "FleetyCordova.request", source: file:///android_asset/www/FleetyCordovaInterface.js (40)
I/System.out( 2709): level:info tag=FleetyCordovaPlugin message=action=h5Heart [{"head":{"id":309,"action":"h5Heart","time":1539934922364},"body":{}}]
I/System.out( 2709): heart update:1912107
I/System.out( 2709): json:{"musicJson":{"maxMusic":32,"musicRatio":63,"currentMusic":20},"alarmJson":{"alarmRatio":71,"currentAlarm":6,"maxAlarm":7},"brightnessJson":{"currentBright":204,"maxBright":255,"brightRatio":80},"systemJson":{"systemRatio":71,"maxSystem":7,"currentSystem":5}}
I/FleetyCordovaPlugin( 2709): action=h5Heart [{"head":{"id":309,"action":"h5Heart","time":1539934922364},"body":{}}]
I/[Gralloc]( 2709): ion_alloc from ion_client:134 via heap type DMA/CARVEOUT(mask:0x00000014) for 131072 Bytes cached buffer successfully, usage = 0x00000133
I/[Gralloc]( 2709): ion_alloc from ion_client:134 via heap type DMA/CARVEOUT(mask:0x00000014) for 131072 Bytes cached buffer successfully, usage = 0x00000133
E/memtrack(22119): Couldn't load memtrack module (No such file or directory)
E/android.os.Debug(22119): failed to load memtrack module: -2
D/GpsLocationProvider( 2512): gps_ni_notify_callback
I/GpsLocationProvider( 2512): reportNiNotification: entered
I/GpsLocationProvider( 2512): notificationId: 43962, niType: 3, notifyFlags: 0, timeout: 0, defaultResponse: 3
I/GpsLocationProvider( 2512): requestorId: , text: , requestorIdEncoding: 0, textEncoding: 0
D/GpsNetInitiatedHandler( 2512): handleNiNotification notificationId: 43962 requestorId:  text: 
I/System.out( 2709): 安卓屏来请求：N_location_report_notify   参数：{"longitude":121.59485166666667,"gpsTime":1539934922000,"latitude":31.209676666666663,"gpsNum":8,"speed":1.481598722934723,"direction":64.5999984741211}
I/System.out( 2709): GPS来时间：2018~~~~9~~~~~~19~~~~~15~~~~~42~~~~~0
D/AndroidRuntime(22119): Calling main entry com.android.commands.settings.SettingsCmd
D/AndroidRuntime(22119): Shutting down VM
D/dalvikvm(22119): GC_CONCURRENT freed 97K, 15% free 568K/668K, paused 0ms+0ms, total 3ms
D/AndroidRuntime(22144): 
D/AndroidRuntime(22144): >>>>>> AndroidRuntime START com.android.internal.os.RuntimeInit <<<<<<
D/AndroidRuntime(22144): CheckJNI is OFF
D/dalvikvm(22144): Trying to load lib libjavacore.so 0x0
D/dalvikvm(22144): Added shared lib libjavacore.so 0x0
D/dalvikvm(22144): Trying to load lib libnativehelper.so 0x0
D/dalvikvm(22144): Added shared lib libnativehelper.so 0x0
D/dalvikvm(22144): No JNI_OnLoad found in libnativehelper.so 0x0, skipping init
D/dalvikvm(22144): Note: class Landroid/app/ActivityManagerNative; has 180 unimplemented (abstract) methods
E/memtrack(22144): Couldn't load memtrack module (No such file or directory)
E/android.os.Debug(22144): failed to load memtrack module: -2
D/AndroidRuntime(22144): Calling main entry com.android.commands.pm.Pm
D/AndroidRuntime(22144): Shutting down VM
D/dalvikvm(22144): GC_CONCURRENT freed 94K, 15% free 562K/660K, paused 1ms+0ms, total 3ms
D/GpsLocationProvider( 2512): gps_ni_notify_callback
I/GpsLocationProvider( 2512): reportNiNotification: entered
I/GpsLocationProvider( 2512): notificationId: 43962, niType: 3, notifyFlags: 0, timeout: 0, defaultResponse: 3
I/GpsLocationProvider( 2512): requestorId: , text: , requestorIdEncoding: 0, textEncoding: 0
D/GpsNetInitiatedHandler( 2512): handleNiNotification notificationId: 43962 requestorId:  text: 
I/System.out( 2709): 安卓屏来请求：N_location_report_notify   参数：{"longitude":121.59485500000001,"gpsTime":1539934923000,"latitude":31.209675,"gpsNum":8,"speed":0.9815591096878052,"direction":64.5999984741211}
I/System.out( 2709): GPS来时间：2018~~~~9~~~~~~19~~~~~15~~~~~42~~~~~0
I/System.out( 2709): -----N_tts_end_notify
I/System.out( 2709): 安卓屏来请求：Q_device_status_query   参数：{}
D/GpsLocationProvider( 2512): gps_ni_notify_callback
I/GpsLocationProvider( 2512): reportNiNotification: entered
I/GpsLocationProvider( 2512): notificationId: 43962, niType: 3, notifyFlags: 0, timeout: 0, defaultResponse: 3
I/GpsLocationProvider( 2512): requestorId: , text: , requestorIdEncoding: 0, textEncoding: 0
D/GpsNetInitiatedHandler( 2512): handleNiNotification notificationId: 43962 requestorId:  text: 
I/System.out( 2709): 安卓屏来请求：N_location_report_notify   参数：{"longitude":121.59485833333335,"gpsTime":1539934924000,"latitude":31.20967333333333,"gpsNum":8,"speed":1.370478880405426,"direction":64.5999984741211}
I/System.out( 2709): GPS来时间：2018~~~~9~~~~~~19~~~~~15~~~~~42~~~~~0
D/GpsLocationProvider( 2512): gps_ni_notify_callback
I/GpsLocationProvider( 2512): reportNiNotification: entered
I/GpsLocationProvider( 2512): notificationId: 43962, niType: 3, notifyFlags: 0, timeout: 0, defaultResponse: 3
I/GpsLocationProvider( 2512): requestorId: , text: , requestorIdEncoding: 0, textEncoding: 0
D/GpsNetInitiatedHandler( 2512): handleNiNotification notificationId: 43962 requestorId:  text: 
I/System.out( 2709): 安卓屏来请求：N_location_report_notify   参数：{"longitude":121.59486166666666,"gpsTime":1539934925000,"latitude":31.20967,"gpsNum":8,"speed":1.3519588708877563,"direction":64.5999984741211}
I/System.out( 2709): GPS来时间：2018~~~~9~~~~~~19~~~~~15~~~~~42~~~~~0
D/GpsLocationProvider( 2512): gps_ni_notify_callback
I/GpsLocationProvider( 2512): reportNiNotification: entered
I/GpsLocationProvider( 2512): notificationId: 43962, niType: 3, notifyFlags: 0, timeout: 0, defaultResponse: 3
I/GpsLocationProvider( 2512): requestorId: , text: , requestorIdEncoding: 0, textEncoding: 0
D/GpsNetInitiatedHandler( 2512): handleNiNotification notificationId: 43962 requestorId:  text: 
I/System.out( 2709): 安卓屏来请求：N_location_report_notify   参数：{"longitude":121.594865,"gpsTime":1539934926000,"latitude":31.209666666666667,"gpsNum":8,"speed":1.4075187921524048,"direction":64.5999984741211}
I/System.out( 2709): GPS来时间：2018~~~~9~~~~~~19~~~~~15~~~~~42~~~~~0
D/audio_hw_primary( 1630): out_standby
D/alarmDebug( 2512): setKernel, wakeup at 1921
I/test_install( 2709): 进入 StartReceiver
D/GpsLocationProvider( 2512): gps_ni_notify_callback
I/GpsLocationProvider( 2512): reportNiNotification: entered
I/GpsLocationProvider( 2512): notificationId: 43962, niType: 3, notifyFlags: 0, timeout: 0, defaultResponse: 3
I/GpsLocationProvider( 2512): requestorId: , text: , requestorIdEncoding: 0, textEncoding: 0
D/GpsNetInitiatedHandler( 2512): handleNiNotification notificationId: 43962 requestorId:  text: 
I/System.out( 2709): 安卓屏来请求：N_location_report_notify   参数：{"longitude":121.59486666666665,"gpsTime":1539934927000,"latitude":31.209661666666662,"gpsNum":8,"speed":1.4075187921524048,"direction":64.5999984741211}
I/System.out( 2709): GPS来时间：2018~~~~9~~~~~~19~~~~~15~~~~~42~~~~~0
I/System.out( 2709): data from 570：7e 12 07 1a 00 7d 01 03 00 00 00 00 00 00 f7 3b 59 04 39 bb 1d 01 00 00 a6 20 18 10 19 15 42 01 08 00 00 00 b7 7e
I/System.out( 2709): 570CostTime[1810]:1
I/System.out( 2709): javascriptNotify:updateVehicleSpeed:{"state":0,"longitude":121.594865,"gpsTime":"20181019154201","latitude":31.209481666666665,"gpsNum":8,"speed":0,"direction":332}
I/System.out( 2709): data from 570：7e 07 06 07 00 7d 02 03 00 00 03 00 00 00 08 03 04 77 7e
I/System.out( 2709): 状态--alarmState1:0alarmState2:0
I/System.out( 2709): 设备状态：{"loginState":0,"meter":0,"hechengState":0,"gateway":1,"accState":0,"gps":8,"alermState":0,"gsm":3,"callingUpState":0,"net":4,"connectState":1}
I/System.out( 2709): 570CostTime[1543]:2
I/System.out( 2709): N_device_status_notify:updateTopView:true
I/System.out( 2709): N_device_status_notify:updateTopView:{"loginState":0,"meter":0,"hechengState":0,"gateway":1,"accState":0,"gps":8,"alermState":0,"gsm":3,"callingUpState":0,"net":4,"connectState":1}
I/System.out( 2709): javascriptNotify:setTopView:{"loginState":0,"meter":0,"hechengState":0,"gateway":1,"accState":0,"gps":8,"alermState":0,"gsm":3,"callingUpState":0,"net":4,"connectState":1}
I/chromium( 2709): [INFO:CONSOLE(1244)] "updateScreenDisplay:0", source: file:///android_asset/www/js/controllersBaoDing.js (1244)
D/GpsLocationProvider( 2512): gps_ni_notify_callback
I/GpsLocationProvider( 2512): reportNiNotification: entered
I/GpsLocationProvider( 2512): notificationId: 43962, niType: 3, notifyFlags: 0, timeout: 0, defaultResponse: 3
I/GpsLocationProvider( 2512): requestorId: , text: , requestorIdEncoding: 0, textEncoding: 0
D/GpsNetInitiatedHandler( 2512): handleNiNotification notificationId: 43962 requestorId:  text: 
I/System.out( 2709): 安卓屏来请求：N_location_report_notify   参数：{"longitude":121.59486999999999,"gpsTime":1539934928000,"latitude":31.209656666666667,"gpsNum":8,"speed":1.1852789998054505,"direction":64.5999984741211}
I/System.out( 2709): GPS来时间：2018~~~~9~~~~~~19~~~~~15~~~~~42~~~~~0
I/System.out( 2709): data from 570：7e 09 06 7f 00 7f 03 00 00 cd f5 d6 d2 ba e9 00 00 00 00 00 00 33 35 30 31 30 33 31 39 36 38 30 34 30 34 30 32 33 38 b8 a3 d6 dd ca d0 bd bb cd a8 d4 cb ca e4 ce af d4 b1 bb e1 00 00 00 00 00 00 00 00 00 00 00 00 00 00 00 00 00 00 00 00 00 00 00 00 00 00 00 00 20 21 04 04 31 32 30 30 30 30 00 00 00 03 06 0a bb aa e9 c5 b3 f6 d7 e2 b3 b5 07 04 20 18 07 19 08 0f 39 39 36 31 37 31 32 31 32 37 36 38 36 36 39 3a 7e
I/dalvikvm( 2709): Jit: resizing JitTable from 8192 to 16384
I/System.out( 2709): 登陆消息组装:{"loginState":true,"certificateNumber":"350103196804040238","carNo":"120000","servicationStartDate":"20180719","expiryDate":"20210404","name":"王忠洪","complainPhone":"","merId":"996171212768669","absolutePath":"\/mnt\/sdcard\/driverPhoto","carCompany":"福州市交通运输委员会","serviceCompane":"华榕出租车","extensionNumber":3}
I/System.out( 2709): 570CostTime[1545]:6
I/System.out( 2709): N_login_info_notify:{"loginState":true,"certificateNumber":"350103196804040238","carNo":"120000","servicationStartDate":"20180719","expiryDate":"20210404","name":"王忠洪","complainPhone":"","merId":"996171212768669","absolutePath":"\/mnt\/sdcard\/driverPhoto","carCompany":"福州市交通运输委员会","serviceCompane":"华榕出租车","extensionNumber":3}
I/System.out( 2709): javascriptNotify:setLoginInfo:{"loginState":true,"certificateNumber":"350103196804040238","carNo":"120000","servicationStartDate":"20180719","expiryDate":"20210404","name":"王忠洪","complainPhone":"","merId":"996171212768669","absolutePath":"\/mnt\/sdcard\/driverPhoto","carCompany":"福州市交通运输委员会","serviceCompane":"华榕出租车","extensionNumber":3}
I/chromium( 2709): [INFO:CONSOLE(2124)] "{"loginState":true,"certificateNumber":"350103196804040238","carNo":"120000","servicationStartDate":"20180719","expiryDate":"20210404","name":"王忠洪","complainPhone":"","merId":"996171212768669","absolutePath":"/mnt/sdcard/driverPhoto","carCompany":"福州市交通运输委员会","serviceCompane":"华榕出租车","extensionNumber":3}", source: file:///android_asset/www/js/controllersBaoDing.js (2124)
I/[Gralloc]( 2709): ion_alloc from ion_client:134 via heap type DMA/CARVEOUT(mask:0x00000014) for 32768 Bytes cached buffer successfully, usage = 0x00000133
I/System.out( 2709): 安卓屏来请求：Q_calibration_time_query   参数：null
I/System.out( 2709): data from 570：7e 16 06 04 00 80 03 00 00 87 fa a6 4a 06 7e
I/System.out( 2709): 570CostTime[1558]:0
I/System.out( 2709): 安卓屏来请求：Q_device_status_query   参数：{}
I/System.out( 2709): data from 570：7e 07 06 07 00 81 03 00 00 0b 00 00 00 08 03 04 80 7e
I/System.out( 2709): 状态--alarmState1:0alarmState2:0
I/System.out( 2709): 设备状态：{"loginState":1,"meter":0,"hechengState":0,"gateway":1,"accState":0,"gps":8,"alermState":0,"gsm":3,"callingUpState":0,"net":4,"connectState":1}
I/System.out( 2709): 570CostTime[1543]:1
I/System.out( 2709): N_device_status_notify:updateTopView:true
I/System.out( 2709): N_device_status_notify:updateTopView:{"loginState":1,"meter":0,"hechengState":0,"gateway":1,"accState":0,"gps":8,"alermState":0,"gsm":3,"callingUpState":0,"net":4,"connectState":1}
I/System.out( 2709): javascriptNotify:setTopView:{"loginState":1,"meter":0,"hechengState":0,"gateway":1,"accState":0,"gps":8,"alermState":0,"gsm":3,"callingUpState":0,"net":4,"connectState":1}
I/chromium( 2709): [INFO:CONSOLE(40)] "FleetyCordova.request", source: file:///android_asset/www/FleetyCordovaInterface.js (40)
I/System.out( 2709): level:info tag=FleetyCordovaPlugin message=action=queryLogin [{"head":{"id":310,"action":"queryLogin","time":1539934929048},"body":{}}]
I/System.out( 2709): queryLogin:[{"head":{"id":310,"action":"queryLogin","time":1539934929048},"body":{}}]
I/System.out( 2709): 安卓屏来请求：Q_login_info_query   参数：null
I/chromium( 2709): [INFO:CONSOLE(1244)] "updateScreenDisplay:0", source: file:///android_asset/www/js/controllersBaoDing.js (1244)
I/System.out( 2709): data from 570：7e 09 06 7f 00 82 03 00 00 cd f5 d6 d2 ba e9 00 00 00 00 00 00 33 35 30 31 30 33 31 39 36 38 30 34 30 34 30 32 33 38 b8 a3 d6 dd ca d0 bd bb cd a8 d4 cb ca e4 ce af d4 b1 bb e1 00 00 00 00 00 00 00 00 00 00 00 00 00 00 00 00 00 00 00 00 00 00 00 00 00 00 00 00 20 21 04 04 31 32 30 30 30 30 00 00 00 03 06 0a bb aa e9 c5 b3 f6 d7 e2 b3 b5 07 04 20 18 07 19 08 0f 39 39 36 31 37 31 32 31 32 37 36 38 36 36 39 c7 7e
I/FleetyCordovaPlugin( 2709): action=queryLogin [{"head":{"id":310,"action":"queryLogin","time":1539934929048},"body":{}}]
I/System.out( 2709): 登陆消息组装:{"loginState":true,"certificateNumber":"350103196804040238","carNo":"120000","servicationStartDate":"20180719","expiryDate":"20210404","name":"王忠洪","complainPhone":"","merId":"996171212768669","absolutePath":"\/mnt\/sdcard\/driverPhoto","carCompany":"福州市交通运输委员会","serviceCompane":"华榕出租车","extensionNumber":3}
I/System.out( 2709): 570CostTime[1545]:2
I/System.out( 2709): N_login_info_notify:{"loginState":true,"certificateNumber":"350103196804040238","carNo":"120000","servicationStartDate":"20180719","expiryDate":"20210404","name":"王忠洪","complainPhone":"","merId":"996171212768669","absolutePath":"\/mnt\/sdcard\/driverPhoto","carCompany":"福州市交通运输委员会","serviceCompane":"华榕出租车","extensionNumber":3}
I/System.out( 2709): javascriptNotify:setLoginInfo:{"loginState":true,"certificateNumber":"350103196804040238","carNo":"120000","servicationStartDate":"20180719","expiryDate":"20210404","name":"王忠洪","complainPhone":"","merId":"996171212768669","absolutePath":"\/mnt\/sdcard\/driverPhoto","carCompany":"福州市交通运输委员会","serviceCompane":"华榕出租车","extensionNumber":3}
I/chromium( 2709): [INFO:CONSOLE(2124)] "{"loginState":true,"certificateNumber":"350103196804040238","carNo":"120000","servicationStartDate":"20180719","expiryDate":"20210404","name":"王忠洪","complainPhone":"","merId":"996171212768669","absolutePath":"/mnt/sdcard/driverPhoto","carCompany":"福州市交通运输委员会","serviceCompane":"华榕出租车","extensionNumber":3}", source: file:///android_asset/www/js/controllersBaoDing.js (2124)
D/GpsLocationProvider( 2512): gps_ni_notify_callback
I/GpsLocationProvider( 2512): reportNiNotification: entered
I/GpsLocationProvider( 2512): notificationId: 43962, niType: 3, notifyFlags: 0, timeout: 0, defaultResponse: 3
I/GpsLocationProvider( 2512): requestorId: , text: , requestorIdEncoding: 0, textEncoding: 0
D/GpsNetInitiatedHandler( 2512): handleNiNotification notificationId: 43962 requestorId:  text: 
I/System.out( 2709): 安卓屏来请求：N_location_report_notify   参数：{"longitude":121.59487166666668,"gpsTime":1539934929000,"latitude":31.209651666666666,"gpsNum":8,"speed":0.8889592230319977,"direction":64.5999984741211}
I/System.out( 2709): GPS来时间：2018~~~~9~~~~~~19~~~~~15~~~~~42~~~~~0
I/chromium( 2709): [INFO:CONSOLE(40)] "FleetyCordova.request", source: file:///android_asset/www/FleetyCordovaInterface.js (40)
I/System.out( 2709): level:info tag=FleetyCordovaPlugin message=action=setSpeedState [{"head":{"id":311,"action":"setSpeedState","time":1539934929567},"body":{"type":1}}]
I/System.out( 2709): setSpeedState:[{"head":{"id":311,"action":"setSpeedState","time":1539934929567},"body":{"type":1}}]
I/FleetyCordovaPlugin( 2709): action=setSpeedState [{"head":{"id":311,"action":"setSpeedState","time":1539934929567},"body":{"type":1}}]
I/[Gralloc]( 2709): ion_alloc from ion_client:134 via heap type DMA/CARVEOUT(mask:0x00000014) for 16384 Bytes cached buffer successfully, usage = 0x00000133
I/[Gralloc]( 2709): ion_alloc from ion_client:134 via heap type DMA/CARVEOUT(mask:0x00000014) for 589824 Bytes cached buffer successfully, usage = 0x00000133
I/[Gralloc]( 2709): ion_alloc from ion_client:134 via heap type DMA/CARVEOUT(mask:0x00000014) for 32768 Bytes cached buffer successfully, usage = 0x00000133
I/[Gralloc]( 2709): ion_alloc from ion_client:134 via heap type DMA/CARVEOUT(mask:0x00000014) for 32768 Bytes cached buffer successfully, usage = 0x00000133
I/[Gralloc]( 2709): ion_alloc from ion_client:134 via heap type DMA/CARVEOUT(mask:0x00000014) for 32768 Bytes cached buffer successfully, usage = 0x00000133
I/[Gralloc]( 2709): ion_alloc from ion_client:134 via heap type DMA/CARVEOUT(mask:0x00000014) for 32768 Bytes cached buffer successfully, usage = 0x00000133
I/[Gralloc]( 2709): ion_alloc from ion_client:134 via heap type DMA/CARVEOUT(mask:0x00000014) for 32768 Bytes cached buffer successfully, usage = 0x00000133
I/[Gralloc]( 2709): ion_alloc from ion_client:134 via heap type DMA/CARVEOUT(mask:0x00000014) for 32768 Bytes cached buffer successfully, usage = 0x00000133
I/[Gralloc]( 2709): ion_alloc from ion_client:134 via heap type DMA/CARVEOUT(mask:0x00000014) for 32768 Bytes cached buffer successfully, usage = 0x00000133
I/[Gralloc]( 2709): ion_alloc from ion_client:134 via heap type DMA/CARVEOUT(mask:0x00000014) for 32768 Bytes cached buffer successfully, usage = 0x00000133
I/[Gralloc]( 2709): ion_alloc from ion_client:134 via heap type DMA/CARVEOUT(mask:0x00000014) for 131072 Bytes cached buffer successfully, usage = 0x00000133
I/[Gralloc]( 2709): ion_alloc from ion_client:134 via heap type DMA/CARVEOUT(mask:0x00000014) for 131072 Bytes cached buffer successfully, usage = 0x00000133
D/GpsLocationProvider( 2512): gps_ni_notify_callback
I/GpsLocationProvider( 2512): reportNiNotification: entered
I/GpsLocationProvider( 2512): notificationId: 43962, niType: 3, notifyFlags: 0, timeout: 0, defaultResponse: 3
I/GpsLocationProvider( 2512): requestorId: , text: , requestorIdEncoding: 0, textEncoding: 0
D/GpsNetInitiatedHandler( 2512): handleNiNotification notificationId: 43962 requestorId:  text: 
I/System.out( 2709): 安卓屏来请求：N_location_report_notify   参数：{"longitude":121.59487499999999,"gpsTime":1539934930000,"latitude":31.20964333333333,"gpsNum":8,"speed":0.8148792922496796,"direction":64.5999984741211}
I/System.out( 2709): GPS来时间：2018~~~~9~~~~~~19~~~~~15~~~~~42~~~~~0
D/UsbDeviceManager( 2512): disable UsbDeviceManager wakelock wlref = 1
I/System.out( 2709): data from 570：7e 12 07 1a 00 83 03 00 00 00 00 00 00 f7 3b 59 04 39 bb 1d 01 00 00 a6 20 18 10 19 15 42 10 08 00 00 00 58 7e
I/System.out( 2709): 570CostTime[1810]:1
D/GpsLocationProvider( 2512): gps_ni_notify_callback
I/GpsLocationProvider( 2512): reportNiNotification: entered
I/GpsLocationProvider( 2512): notificationId: 43962, niType: 3, notifyFlags: 0, timeout: 0, defaultResponse: 3
I/GpsLocationProvider( 2512): requestorId: , text: , requestorIdEncoding: 0, textEncoding: 0
D/GpsNetInitiatedHandler( 2512): handleNiNotification notificationId: 43962 requestorId:  text: 
I/System.out( 2709): 安卓屏来请求：N_location_report_notify   参数：{"longitude":121.59487833333333,"gpsTime":1539934931000,"latitude":31.209636666666665,"gpsNum":8,"speed":0.7963593363761902,"direction":64.5999984741211}
I/System.out( 2709): GPS来时间：2018~~~~9~~~~~~19~~~~~15~~~~~42~~~~~0
D/alarmDebug( 2512): setKernel, wakeup at 1926
I/test_install( 2709): 进入 StartReceiver
I/chromium( 2709): [INFO:CONSOLE(40)] "FleetyCordova.request", source: file:///android_asset/www/FleetyCordovaInterface.js (40)
I/System.out( 2709): level:info tag=FleetyCordovaPlugin message=action=h5Heart [{"head":{"id":312,"action":"h5Heart","time":1539934932375},"body":{}}]
I/System.out( 2709): heart update:1922120
I/FleetyCordovaPlugin( 2709): action=h5Heart [{"head":{"id":312,"action":"h5Heart","time":1539934932375},"body":{}}]
I/System.out( 2709): json:{"musicJson":{"maxMusic":32,"musicRatio":63,"currentMusic":20},"alarmJson":{"alarmRatio":71,"currentAlarm":6,"maxAlarm":7},"brightnessJson":{"currentBright":204,"maxBright":255,"brightRatio":80},"systemJson":{"systemRatio":71,"maxSystem":7,"currentSystem":5}}
D/GpsLocationProvider( 2512): gps_ni_notify_callback
I/GpsLocationProvider( 2512): reportNiNotification: entered
I/GpsLocationProvider( 2512): notificationId: 43962, niType: 3, notifyFlags: 0, timeout: 0, defaultResponse: 3
I/GpsLocationProvider( 2512): requestorId: , text: , requestorIdEncoding: 0, textEncoding: 0
D/GpsNetInitiatedHandler( 2512): handleNiNotification notificationId: 43962 requestorId:  text: 
I/System.out( 2709): 安卓屏来请求：N_location_report_notify   参数：{"longitude":121.59488000000002,"gpsTime":1539934932000,"latitude":31.20963,"gpsNum":8,"speed":0.8889592230319977,"direction":64.5999984741211}
I/System.out( 2709): GPS来时间：2018~~~~9~~~~~~19~~~~~15~~~~~42~~~~~0
D/InputEventConsistencyVerifier( 2709): TouchEvent: ACTION_DOWN but pointers are already down.  Probably missing ACTION_UP from previous gesture.
D/InputEventConsistencyVerifier( 2709):   in android.view.ScaleGestureDetector@41a815b8
D/InputEventConsistencyVerifier( 2709):   0: sent at 1922450267000, MotionEvent { action=ACTION_DOWN, id[0]=0, x[0]=187.31706, y[0]=314.67554, toolType[0]=TOOL_TYPE_FINGER, buttonState=0, metaState=0, flags=0x0, edgeFlags=0x0, pointerCount=1, historySize=0, eventTime=1922450, downTime=1922450, deviceId=1, source=0x1002 }
D/InputEventConsistencyVerifier( 2709):   -- recent events --
D/InputEventConsistencyVerifier( 2709):   1: sent at 1900002000000, MotionEvent { action=ACTION_MOVE, id[0]=0, x[0]=380.87802, y[0]=301.89682, toolType[0]=TOOL_TYPE_FINGER, buttonState=0, metaState=0, flags=0x0, edgeFlags=0x0, pointerCount=1, historySize=2, eventTime=1900002, downTime=1899938, deviceId=1, source=0x1002 }
D/InputEventConsistencyVerifier( 2709):   2: sent at 1899988902724, MotionEvent { action=ACTION_MOVE, id[0]=0, x[0]=444.52127, y[0]=275.59302, toolType[0]=TOOL_TYPE_FINGER, buttonState=0, metaState=0, flags=0x0, edgeFlags=0x0, pointerCount=1, historySize=1, eventTime=1899988, downTime=1899938, deviceId=1, source=0x1002 }
D/InputEventConsistencyVerifier( 2709):   3: sent at 1899978076716, MotionEvent { action=ACTION_MOVE, id[0]=0, x[0]=483.36523, y[0]=260.97238, toolType[0]=TOOL_TYPE_FINGER, buttonState=0, metaState=0, flags=0x0, edgeFlags=0x0, pointerCount=1, historySize=1, eventTime=1899978, downTime=1899938, deviceId=1, source=0x1002 }
D/InputEventConsistencyVerifier( 2709):   4: sent at 1899967250708, MotionEvent { action=ACTION_MOVE, id[0]=0, x[0]=505.49194, y[0]=253.06946, toolType[0]=TOOL_TYPE_FINGER, buttonState=0, metaState=0, flags=0x0, edgeFlags=0x0, pointerCount=1, historySize=1, eventTime=1899967, downTime=1899938, deviceId=1, source=0x1002 }
D/InputEventConsistencyVerifier( 2709):   5: sent at 1899938568000, MotionEvent { action=ACTION_DOWN, id[0]=0, x[0]=511.99997, y[0]=249.1847, toolType[0]=TOOL_TYPE_FINGER, buttonState=0, metaState=0, flags=0x80000000, edgeFlags=0x0, pointerCount=1, historySize=0, eventTime=1899938, downTime=1899938, deviceId=1, source=0x1002 }
I/chromium( 2709): [INFO:CONSOLE(40)] "FleetyCordova.request", source: file:///android_asset/www/FleetyCordovaInterface.js (40)
I/System.out( 2709): level:info tag=FleetyCordovaPlugin message=action=setSpeedState [{"head":{"id":313,"action":"setSpeedState","time":1539934932793},"body":{"type":0}}]
I/System.out( 2709): setSpeedState:[{"head":{"id":313,"action":"setSpeedState","time":1539934932793},"body":{"type":0}}]
I/FleetyCordovaPlugin( 2709): action=setSpeedState [{"head":{"id":313,"action":"setSpeedState","time":1539934932793},"body":{"type":0}}]
I/[Gralloc]( 2709): ion_alloc from ion_client:134 via heap type DMA/CARVEOUT(mask:0x00000014) for 589824 Bytes cached buffer successfully, usage = 0x00000133
D/GpsLocationProvider( 2512): gps_ni_notify_callback
I/GpsLocationProvider( 2512): reportNiNotification: entered
I/GpsLocationProvider( 2512): notificationId: 43962, niType: 3, notifyFlags: 0, timeout: 0, defaultResponse: 3
I/GpsLocationProvider( 2512): requestorId: , text: , requestorIdEncoding: 0, textEncoding: 0
D/GpsNetInitiatedHandler( 2512): handleNiNotification notificationId: 43962 requestorId:  text: 
I/System.out( 2709): 安卓屏来请求：N_location_report_notify   参数：{"longitude":121.59488000000002,"gpsTime":1539934933000,"latitude":31.209625,"gpsNum":8,"speed":0.8704392671585083,"direction":64.5999984741211}
I/System.out( 2709): GPS来时间：2018~~~~9~~~~~~19~~~~~15~~~~~42~~~~~0
I/System.out( 2709): 安卓屏来请求：Q_device_status_query   参数：{}
I/System.out( 2709): data from 570：7e 07 06 07 00 84 03 00 00 0b 00 00 00 08 03 04 85 7e
I/System.out( 2709): 状态--alarmState1:0alarmState2:0
I/System.out( 2709): 设备状态：{"loginState":1,"meter":0,"hechengState":0,"gateway":1,"accState":0,"gps":8,"alermState":0,"gsm":3,"callingUpState":0,"net":4,"connectState":1}
I/System.out( 2709): 570CostTime[1543]:1
I/System.out( 2709): N_device_status_notify:updateTopView:true
I/System.out( 2709): N_device_status_notify:updateTopView:{"loginState":1,"meter":0,"hechengState":0,"gateway":1,"accState":0,"gps":8,"alermState":0,"gsm":3,"callingUpState":0,"net":4,"connectState":1}
I/System.out( 2709): javascriptNotify:setTopView:{"loginState":1,"meter":0,"hechengState":0,"gateway":1,"accState":0,"gps":8,"alermState":0,"gsm":3,"callingUpState":0,"net":4,"connectState":1}
I/chromium( 2709): [INFO:CONSOLE(1244)] "updateScreenDisplay:0", source: file:///android_asset/www/js/controllersBaoDing.js (1244)
D/hwcomposer( 1627): ### foce-gpu=1, force-frame:10604
D/hwcomposer( 1627): to force gpu, 0
D/hwcomposer( 1627): Force GPU Composer
D/GpsLocationProvider( 2512): gps_ni_notify_callback
I/GpsLocationProvider( 2512): reportNiNotification: entered
I/GpsLocationProvider( 2512): notificationId: 43962, niType: 3, notifyFlags: 0, timeout: 0, defaultResponse: 3
I/GpsLocationProvider( 2512): requestorId: , text: , requestorIdEncoding: 0, textEncoding: 0
D/GpsNetInitiatedHandler( 2512): handleNiNotification notificationId: 43962 requestorId:  text: 
I/System.out( 2709): 安卓屏来请求：N_location_report_notify   参数：{"longitude":121.59484166666668,"gpsTime":1539934934000,"latitude":31.20958166666667,"gpsNum":8,"speed":0.9445191979408264,"direction":64.5999984741211}
I/System.out( 2709): GPS来时间：2018~~~~9~~~~~~19~~~~~15~~~~~42~~~~~0
I/System.out( 2709): data from 570：7e 02 06 4f 00 85 03 00 00 01 b3 cb bf cd c4 fa ba c3 a3 ac bb b6 d3 ad c4 fa b3 cb d7 f8 b8 a3 d6 dd b3 f6 d7 e2 b3 b5 a3 ac b1 be b3 b5 bd ab bd df b3 cf ce aa c4 fa cc e1 b9 a9 b7 fe ce f1 2c c7 eb b6 d4 ce d2 c3 c7 b5 c4 b7 fe ce f1 bd f8 d0 d0 bc e0 b6 bd 00 82 7e
I/System.out( 2709): isTTS:1
I/System.out( 2709): 570CostTime[1538]:2
I/System.out( 2709):  N_down_message_notify:{"content":"乘客您好，欢迎您乘坐福州出租车，本车将竭诚为您提供服务,请对我们的服务进行监督","isTTS":1}
I/System.out( 2709): music:aaaaaaaa-->N_down_message_notify-->{"content":"乘客您好，欢迎您乘坐福州出租车，本车将竭诚为您提供服务,请对我们的服务进行监督","level":1}
I/System.out( 2709): javascriptNotify:messageNotife:{"content":"乘客您好，欢迎您乘坐福州出租车，本车将竭诚为您提供服务,请对我们的服务进行监督","isTTS":1}
I/System.out( 2709): getTextBybetweenBIGASCII:乘客您好，欢迎您乘坐福州出租车，本车将竭诚为您提供服务,请对我们的服务进行监督
I/System.out( 2709): -----N_tts_start_notify
I/chromium( 2709): [INFO:CONSOLE(4011)] "报文:{"content":"乘客您好，欢迎您乘坐福州出租车，本车将竭诚为您提供服务,请对我们的服务进行监督","isTTS":1}", source: file:///android_asset/www/js/controllersBaoDing.js (4011)
D/NaviInfo( 2937): Calling process is: com.iflytek.speechcloud:tts_service
D/NaviInfo( 2937): liuliang pid = 2937, name = com.iflytek.speechcloud:tts_service
D/LOGGER  ( 2937): luacFramework_GetEnv() [in]
D/LOGGER  ( 2937): luacFramework_GetEnv() [out]
V/audio_hw_primary( 1630): start_output_stream, line: 1956
D/audio_hw_primary( 1630): line:1766,select_output_device,adev->mode:0, AUDIO_MODE_RINGTONE:1, AUDIO_MODE_NORMAL:0
V/audio_hw_primary( 1630): normal mode, ****LINE:1783,FUNC:select_output_device, adev->out_device:2
V/audio_hw_primary( 1630): use AUDIO_CODEC to playback audio
D/alsa_pcm( 1630): ####@@@@@####@@@@config->raw_flag = 1#####%%
V/audio_hw_primary( 1630): do not use out resampler
V/audio_hw_primary( 1630): use AUDIO_SPDIF to playback audio
D/alsa_pcm( 1630): ####@@@@@####@@@@config->raw_flag = 1#####%%
V/audio_hw_primary( 1630): do not use out resampler
I/System.out( 2709): data from 570：7e 12 07 1a 00 86 03 00 00 00 00 00 00 f7 3b 59 04 39 bb 1d 01 00 00 a6 20 18 10 19 15 42 14 08 00 00 00 59 7e
I/System.out( 2709): 570CostTime[1810]:0
I/System.out( 2709): javascriptNotify:updateVehicleSpeed:{"state":0,"longitude":121.594865,"gpsTime":"20181019154214","latitude":31.209481666666665,"gpsNum":8,"speed":0,"direction":332}
D/LOGGER  ( 2937): gethostbyname(scs.openspeech.cn) start
D/LOGGER  ( 2937): gethostbyname(scs.openspeech.cn) ret=0, errno=0, h_errno=166
D/hwcomposer( 1627): ### foce-gpu=1, force-frame:10606
D/hwcomposer( 1627): to force gpu, 0
D/hwcomposer( 1627): Force GPU Composer
D/GpsLocationProvider( 2512): gps_ni_notify_callback
I/GpsLocationProvider( 2512): reportNiNotification: entered
I/GpsLocationProvider( 2512): notificationId: 43962, niType: 3, notifyFlags: 0, timeout: 0, defaultResponse: 3
I/GpsLocationProvider( 2512): requestorId: , text: , requestorIdEncoding: 0, textEncoding: 0
D/GpsNetInitiatedHandler( 2512): handleNiNotification notificationId: 43962 requestorId:  text: 
I/System.out( 2709): 安卓屏来请求：N_location_report_notify   参数：{"longitude":121.59483166666665,"gpsTime":1539934935000,"latitude":31.20958333333333,"gpsNum":8,"speed":0,"direction":64.5999984741211}
I/System.out( 2709): GPS来时间：2018~~~~9~~~~~~19~~~~~15~~~~~42~~~~~0
I/[Gralloc]( 2709): ion_alloc from ion_client:134 via heap type DMA/CARVEOUT(mask:0x00000014) for 131072 Bytes cached buffer successfully, usage = 0x00000133
I/[Gralloc]( 2709): ion_alloc from ion_client:134 via heap type DMA/CARVEOUT(mask:0x00000014) for 32768 Bytes cached buffer successfully, usage = 0x00000133
I/[Gralloc]( 2709): ion_alloc from ion_client:134 via heap type DMA/CARVEOUT(mask:0x00000014) for 32768 Bytes cached buffer successfully, usage = 0x00000133
E/StatusBar( 2579): notification nums = 2
E/TAG     ( 2579): ------------------setMarginStart=0
E/TAG     ( 2579): --------mNotificationPanelMarginPx=24
W/ContextImpl( 2512): Calling a method in the system process without a qualified user: android.app.ContextImpl.sendBroadcast:1186 com.android.server.NotificationManagerService.sendBroadcast:2154 com.android.server.NotificationManagerService$7.run:2087 android.os.Handler.handleCallback:733 android.os.Handler.dispatchMessage:95 
W/ContextImpl( 2512): Calling a method in the system process without a qualified user: android.app.ContextImpl.sendBroadcast:1186 com.android.server.NotificationManagerService.sendBroadcast:2154 com.android.server.NotificationManagerService$7.run:2087 android.os.Handler.handleCallback:733 android.os.Handler.dispatchMessage:95 
E/StatusBar( 2579): notification nums = 1
E/TAG     ( 2579): ------------------setMarginStart=0
E/TAG     ( 2579): --------mNotificationPanelMarginPx=24
W/ContextImpl( 2512): Calling a method in the system process without a qualified user: android.app.ContextImpl.sendBroadcast:1186 com.android.server.NotificationManagerService.sendBroadcast:2154 com.android.server.NotificationManagerService$7.run:2087 android.os.Handler.handleCallback:733 android.os.Handler.dispatchMessage:95 
E/StatusBar( 2579): notification nums = 0
E/TAG     ( 2579): ------------------setMarginStart=0
E/TAG     ( 2579): --------mNotificationPanelMarginPx=24
D/GpsLocationProvider( 2512): gps_ni_notify_callback
I/GpsLocationProvider( 2512): reportNiNotification: entered
I/GpsLocationProvider( 2512): notificationId: 43962, niType: 3, notifyFlags: 0, timeout: 0, defaultResponse: 3
I/GpsLocationProvider( 2512): requestorId: , text: , requestorIdEncoding: 0, textEncoding: 0
D/GpsNetInitiatedHandler( 2512): handleNiNotification notificationId: 43962 requestorId:  text: 
I/System.out( 2709): 安卓屏来请求：N_location_report_notify   参数：{"longitude":121.59480333333335,"gpsTime":1539934936000,"latitude":31.20959833333333,"gpsNum":8,"speed":0,"direction":64.5999984741211}
I/System.out( 2709): GPS来时间：2018~~~~9~~~~~~19~~~~~15~~~~~42~~~~~0
D/alarmDebug( 2512): setKernel, wakeup at 1931
I/test_install( 2709): 进入 StartReceiver
D/GpsLocationProvider( 2512): gps_ni_notify_callback
I/GpsLocationProvider( 2512): reportNiNotification: entered
I/GpsLocationProvider( 2512): notificationId: 43962, niType: 3, notifyFlags: 0, timeout: 0, defaultResponse: 3
I/GpsLocationProvider( 2512): requestorId: , text: , requestorIdEncoding: 0, textEncoding: 0
D/GpsNetInitiatedHandler( 2512): handleNiNotification notificationId: 43962 requestorId:  text: 
I/System.out( 2709): 安卓屏来请求：N_location_report_notify   参数：{"longitude":121.59479000000002,"gpsTime":1539934937000,"latitude":31.209605000000003,"gpsNum":8,"speed":0,"direction":64.5999984741211}
I/System.out( 2709): GPS来时间：2018~~~~9~~~~~~19~~~~~15~~~~~42~~~~~0
I/[Gralloc]( 2709): ion_alloc from ion_client:134 via heap type DMA/CARVEOUT(mask:0x00000014) for 131072 Bytes cached buffer successfully, usage = 0x00000133
I/[Gralloc]( 2709): ion_alloc from ion_client:134 via heap type DMA/CARVEOUT(mask:0x00000014) for 131072 Bytes cached buffer successfully, usage = 0x00000133
D/GpsLocationProvider( 2512): gps_ni_notify_callback
I/GpsLocationProvider( 2512): reportNiNotification: entered
I/GpsLocationProvider( 2512): notificationId: 43962, niType: 3, notifyFlags: 0, timeout: 0, defaultResponse: 3
I/GpsLocationProvider( 2512): requestorId: , text: , requestorIdEncoding: 0, textEncoding: 0
D/dalvikvm( 2512): GC_FOR_ALLOC freed 1583K, 36% free 5674K/8784K, paused 44ms, total 44ms
D/GpsNetInitiatedHandler( 2512): handleNiNotification notificationId: 43962 requestorId:  text: 
I/System.out( 2709): 安卓屏来请求：N_location_report_notify   参数：{"longitude":121.59478166666668,"gpsTime":1539934938000,"latitude":31.209608333333335,"gpsNum":8,"speed":0,"direction":64.5999984741211}
I/System.out( 2709): GPS来时间：2018~~~~9~~~~~~19~~~~~15~~~~~42~~~~~0
I/System.out( 2709): data from 570：7e 12 07 1a 00 87 03 00 00 00 00 00 00 f7 3b 59 04 39 bb 1d 01 00 00 a6 20 18 10 19 15 42 18 08 00 00 00 54 7e
I/System.out( 2709): 570CostTime[1810]:0
