I/MountService( 2512): onEvent:: raw= 613 sdcard /mnt/sdcard "608E-07B2" cooked =  613 sdcard /mnt/sdcard 608E-07B2
E/VoldConnector( 2512): NDC Command {4 volume mount /mnt/sdcard} took too long (544ms)
I/MountService( 2512): onEvent:: raw= 614 sdcard /mnt/sdcard "T3" cooked =  614 sdcard /mnt/sdcard T3
I/MountService( 2512): onEvent:: raw= 605 Volume sdcard /mnt/sdcard state changed from 3 (Checking) to 4 (Mounted) cooked =  605 Volume sdcard /mnt/sdcard state changed from 3 (Checking) to 4 (Mounted)
E/MountService( 2512): *****VolumeStateChange:sdcard /mnt/sdcard 3 4
D/MountService( 2512): volume state changed for /mnt/sdcard (checking -> mounted)
D/MountService( 2512): sendStorageIntent Intent { act=android.intent.action.MEDIA_MOUNTED dat=file:///mnt/sdcard (has extras) } to UserHandle{-1}
W/PackageManager( 2512): Unknown permission com.google.android.googleapps.permission.GOOGLE_AUTH in package com.android.settings
W/PackageManager( 2512): Not granting permission android.permission.MOUNT_UNMOUNT_FILESYSTEMS to package com.iflytek.speechcloud (protectionLevel=18 flags=0x883e44)
W/PackageManager( 2512): Not granting permission android.permission.READ_LOGS to package com.iflytek.speechcloud (protectionLevel=50 flags=0x883e44)
W/PackageManager( 2512): Unknown permission com.android.smspush.WAPPUSH_MANAGER_BIND in package com.android.phone
W/PackageManager( 2512): Unknown permission giuz.permission.SEE in package com.example.b_activity
W/PackageManager( 2512): Not granting permission android.permission.READ_LOGS to package com.sohu.inputmethod.sogou (protectionLevel=50 flags=0x83e44)
W/PackageManager( 2512): Unknown permission sogou.mobile.explorer.permission.ACTIVATION in package com.sohu.inputmethod.sogou
W/PackageManager( 2512): Unknown permission android.permission.BLUETOOTH_MAP in package com.android.bluetooth
W/PackageManager( 2512): Unknown permission android.permission.NFC_HANDOVER_STATUS in package com.android.bluetooth
W/PackageManager( 2512): Unknown permission com.google.android.gallery3d.permission.GALLERY_PROVIDER in package com.android.bluetooth
W/PackageManager( 2512): Unknown permission android.permission.MMS_SEND_OUTBOX_MSG in package com.android.bluetooth
W/PackageManager( 2512): Not granting permission android.permission.ACCESS_SURFACE_FLINGER to package com.autonavi.amapauto (protectionLevel=2 flags=0x487e44)
W/PackageManager( 2512): Unknown permission android.permission.SYSTEM_OVERLAY_WINDOW in package com.autonavi.amapauto
W/PackageManager( 2512): Unknown permission com.autonavi.permission.ACCESS_LOCATION in package com.autonavi.amapauto
W/PackageManager( 2512): Not granting permission android.permission.MOUNT_UNMOUNT_FILESYSTEMS to package com.autonavi.amapauto (protectionLevel=18 flags=0x487e44)
W/PackageManager( 2512): Not granting permission android.permission.READ_LOGS to package com.autonavi.amapauto (protectionLevel=50 flags=0x487e44)
W/PackageManager( 2512): Unknown permission android.permission.ACCESS_FIND_LOCATION in package com.autonavi.amapauto
W/PackageManager( 2512): Unknown permission android.permission.BROADCAST_PACKAGE_ADDED in package com.autonavi.amapauto
W/PackageManager( 2512): Unknown permission android.permission.BROADCAST_PACKAGE_CHANGED in package com.autonavi.amapauto
W/PackageManager( 2512): Unknown permission android.permission.BROADCAST_PACKAGE_INSTALL in package com.autonavi.amapauto
W/PackageManager( 2512): Unknown permission android.permission.BROADCAST_PACKAGE_REPLACED in package com.autonavi.amapauto
W/PackageManager( 2512): Not granting permission android.permission.UPDATE_APP_OPS_STATS to package com.autonavi.amapauto (protectionLevel=18 flags=0x487e44)
W/PackageManager( 2512): Unknown permission desay.svautomotive.permission.MESSAGE in package com.autonavi.amapauto
W/PackageManager( 2512): Unknown permission coagent.permission.SEND_PROTOCOL in package com.autonavi.amapauto
W/PackageManager( 2512): Unknown permission android.Manifest.permission.ACCESS_COARSE_LOCATION in package com.autonavi.amapauto
W/PackageManager( 2512): Unknown permission android.Manifest.permission.ACCESS_FINE_LOCATION in package com.autonavi.amapauto
W/PackageManager( 2512): Unknown permission android.Manifest.permission.READ_PHONE_STATE in package com.autonavi.amapauto
W/PackageManager( 2512): Unknown permission android.Manifest.permission.WRITE_SETTINGS in package com.autonavi.amapauto
W/PackageManager( 2512): Unknown permission android.permission.ACCESS_GPS in package com.baidu.BaiduMap
W/PackageManager( 2512): Unknown permission com.sonyericsson.home.permission.BROADCAST_BADGE in package com.baidu.BaiduMap
W/PackageManager( 2512): Unknown permission com.htc.launcher.permission.READ_SETTINGS in package com.baidu.BaiduMap
W/PackageManager( 2512): Unknown permission com.htc.launcher.permission.UPDATE_SHORTCUT in package com.baidu.BaiduMap
W/PackageManager( 2512): Unknown permission com.samsung.android.providers.context.permission.WRITE_USE_APP_FEATURE_SURVEY in package com.baidu.BaiduMap
W/PackageManager( 2512): Unknown permission android.hardware.camera in package com.baidu.BaiduMap
W/PackageManager( 2512): Unknown permission org.fidoalliance.uaf.permissions.FIDO_CLIENT in package com.baidu.BaiduMap
W/PackageManager( 2512): Unknown permission android.permission.USE_FINGERPRINT in package com.baidu.BaiduMap
W/PackageManager( 2512): Unknown permission com.fingerprints.service.ACCESS_FINGERPRINT_MANAGER in package com.baidu.BaiduMap
W/PackageManager( 2512): Unknown permission com.sec.feature.fingerprint_manager_service in package com.baidu.BaiduMap
W/PackageManager( 2512): Unknown permission android.webkit.permission.PLUGIN in package com.baidu.BaiduMap
W/PackageManager( 2512): Not granting permission android.permission.MOUNT_UNMOUNT_FILESYSTEMS to package com.yho.ym7001a (protectionLevel=18 flags=0x88be46)
W/PackageManager( 2512): Unknown permission android.permission.PERMISSION_NAME in package com.fleety.ft2016App
W/PackageManager( 2512): Unknown permission android.permission.BAIDU_LOCATION_SERVICE in package com.fleety.ft2016App
W/PackageManager( 2512): Unknown permission android.permission.ACCESS_GPS in package com.fleety.ft2016App
W/InputMethodManagerService( 2512): Ignoring setImeWindowStatus of uid 1000 token: null
I/ActivityThread( 2655): Switching default density from 160 to 120
I/ActivityManager( 2512): Start proc com.android.inputmethod.latin for service com.android.inputmethod.latin/.LatinIME: pid=2678 uid=10024 gids={50024, 1028, 1015}
V/InputMethodManagerService( 2512): Adding window token: android.os.Binder@41c2ad60
W/LocationManagerService( 2512): no network location provider found
E/LocationManagerService( 2512): no geocoder provider found
E/LocationManagerService( 2512): No FusedProvider found.
I/ActivityThread( 2678): Switching default density from 160 to 120
E/LocationManagerService( 2512): no geofence provider found
I/ActivityManager( 2512): Start proc com.android.phone for added application com.android.phone: pid=2696 uid=1001 gids={41001, 3002, 3001, 3003, 1028, 1015}
I/ActivityManager( 2512): default packageName = no, default className = no
I/ActivityManager( 2512): START u0 {act=android.intent.action.MAIN cat=[android.intent.category.HOME] flg=0x10000000 cmp=com.fleety.ft2016App/.H5UIActivity} from pid 0
I/ActivityManager( 2512): Start proc com.fleety.ft2016App for activity com.fleety.ft2016App/.H5UIActivity: pid=2709 uid=10006 gids={50006, 1028, 1015, 3003, 1007}
I/ActivityThread( 2512): Switching default density from 160 to 120
I/ActivityManager( 2512): Start proc com.android.printspooler for service com.android.printspooler/.PrintSpoolerService: pid=2722 uid=10028 gids={50028}
I/ActivityThread( 2696): Switching default density from 160 to 120
W/InputMethodManagerService( 2512): Focus gain on non-focused client android.view.inputmethod.InputMethodManager$1@41c2cd48 (uid=1000 pid=2512)
I/ActivityThread( 2709): Switching default density from 160 to 120
I/ActivityThread( 2722): Switching default density from 160 to 120
I/ActivityManager( 2512): Start proc android.process.acore for content provider com.android.providers.contacts/.ContactsProvider2: pid=2751 uid=10001 gids={50001}
D/UsbDeviceManager( 2512): mBootFastReceiver reveived ACTION_BATTERY_CHANGE
D/UsbDeviceManager( 2512): connect status chaged
V/BackupManagerService( 2512): Connected to transport ComponentInfo{android/com.android.internal.backup.LocalTransportService}
V/BackupManagerService( 2512): Registering transport android/com.android.internal.backup.LocalTransportService::android/com.android.internal.backup.LocalTransport = com.android.internal.backup.LocalTransport@41afc0a0
W/ContextImpl( 2512): Calling a method in the system process without a qualified user: android.app.ContextImpl.sendBroadcast:1186 com.android.server.usb.UsbSettingsManager.deviceAttached:621 com.android.server.usb.UsbHostManager.usbDeviceAdded:156 com.android.server.usb.UsbHostManager.monitorUsbHostBus:-2 com.android.server.usb.UsbHostManager.access$000:38 
I/ActivityThread( 2751): Switching default density from 160 to 120
W/ContextImpl( 2512): Calling a method in the system process without a qualified user: android.app.ContextImpl.sendBroadcast:1186 com.android.server.usb.UsbSettingsManager.deviceAttached:621 com.android.server.usb.UsbHostManager.usbDeviceAdded:156 com.android.server.usb.UsbHostManager.monitorUsbHostBus:-2 com.android.server.usb.UsbHostManager.access$000:38 
I/ActivityManager( 2512): Start proc com.android.externalstorage for broadcast com.android.externalstorage/.MountReceiver: pid=2789 uid=10005 gids={50005, 1028, 1015, 1023}
I/ActivityThread( 2789): Switching default density from 160 to 120
D/alarmDebug( 2512): setAlarm, packagename = com.fleety.ft2016App type = 2 after 4 ,interval = 5
D/alarmDebug( 2512): setKernel, wakeup at 21
V/KeyguardViewManager( 2579): send wm null token: host was null
D/MobileDataStateTracker( 2512): fota: Broadcast received: android.intent.action.ANY_DATA_STATE apnType=fota
D/MobileDataStateTracker( 2512): fota: Received state=DISCONNECTED, old=DISCONNECTED, reason=radioTurnedOff
D/MobileDataStateTracker( 2512): ia: Broadcast received: android.intent.action.ANY_DATA_STATE apnType=ia
D/MobileDataStateTracker( 2512): ia: Received state=DISCONNECTED, old=DISCONNECTED, reason=radioTurnedOff
D/MobileDataStateTracker( 2512): supl: Broadcast received: android.intent.action.ANY_DATA_STATE apnType=supl
D/MobileDataStateTracker( 2512): supl: Received state=DISCONNECTED, old=DISCONNECTED, reason=radioTurnedOff
D/MobileDataStateTracker( 2512): hipri: Broadcast received: android.intent.action.ANY_DATA_STATE apnType=hipri
D/MobileDataStateTracker( 2512): hipri: Received state=DISCONNECTED, old=DISCONNECTED, reason=radioTurnedOff
D/MobileDataStateTracker( 2512): ims: Broadcast received: android.intent.action.ANY_DATA_STATE apnType=ims
D/MobileDataStateTracker( 2512): ims: Received state=DISCONNECTED, old=DISCONNECTED, reason=radioTurnedOff
D/MobileDataStateTracker( 2512): default: Broadcast received: android.intent.action.ANY_DATA_STATE apnType=default
D/MobileDataStateTracker( 2512): default: Received state=DISCONNECTED, old=DISCONNECTED, reason=radioTurnedOff
D/MobileDataStateTracker( 2512): mms: Broadcast received: android.intent.action.ANY_DATA_STATE apnType=mms
D/MobileDataStateTracker( 2512): mms: Received state=DISCONNECTED, old=DISCONNECTED, reason=radioTurnedOff
D/MobileDataStateTracker( 2512): cbs: Broadcast received: android.intent.action.ANY_DATA_STATE apnType=cbs
D/MobileDataStateTracker( 2512): cbs: Received state=DISCONNECTED, old=DISCONNECTED, reason=radioTurnedOff
D/MobileDataStateTracker( 2512): fota: Broadcast received: android.intent.action.ANY_DATA_STATE apnType=fota
D/MobileDataStateTracker( 2512): fota: Received state=DISCONNECTED, old=DISCONNECTED, reason=radioTurnedOff
D/MobileDataStateTracker( 2512): ia: Broadcast received: android.intent.action.ANY_DATA_STATE apnType=ia
D/MobileDataStateTracker( 2512): ia: Received state=DISCONNECTED, old=DISCONNECTED, reason=radioTurnedOff
D/MobileDataStateTracker( 2512): supl: Broadcast received: android.intent.action.ANY_DATA_STATE apnType=supl
D/MobileDataStateTracker( 2512): supl: Received state=DISCONNECTED, old=DISCONNECTED, reason=radioTurnedOff
D/MobileDataStateTracker( 2512): hipri: Broadcast received: android.intent.action.ANY_DATA_STATE apnType=hipri
D/MobileDataStateTracker( 2512): hipri: Received state=DISCONNECTED, old=DISCONNECTED, reason=radioTurnedOff
D/MobileDataStateTracker( 2512): ims: Broadcast received: android.intent.action.ANY_DATA_STATE apnType=ims
D/MobileDataStateTracker( 2512): ims: Received state=DISCONNECTED, old=DISCONNECTED, reason=radioTurnedOff
D/MobileDataStateTracker( 2512): default: Broadcast received: android.intent.action.ANY_DATA_STATE apnType=default
D/MobileDataStateTracker( 2512): default: Received state=DISCONNECTED, old=DISCONNECTED, reason=radioTurnedOff
D/MobileDataStateTracker( 2512): mms: Broadcast received: android.intent.action.ANY_DATA_STATE apnType=mms
D/MobileDataStateTracker( 2512): mms: Received state=DISCONNECTED, old=DISCONNECTED, reason=radioTurnedOff
D/MobileDataStateTracker( 2512): cbs: Broadcast received: android.intent.action.ANY_DATA_STATE apnType=cbs
D/MobileDataStateTracker( 2512): cbs: Received state=DISCONNECTED, old=DISCONNECTED, reason=radioTurnedOff
D/MobileDataStateTracker( 2512): fota: Broadcast received: android.intent.action.ANY_DATA_STATE apnType=fota
D/MobileDataStateTracker( 2512): fota: Received state=DISCONNECTED, old=DISCONNECTED, reason=dataDetached
D/MobileDataStateTracker( 2512): ia: Broadcast received: android.intent.action.ANY_DATA_STATE apnType=ia
D/MobileDataStateTracker( 2512): ia: Received state=DISCONNECTED, old=DISCONNECTED, reason=dataDetached
D/MobileDataStateTracker( 2512): supl: Broadcast received: android.intent.action.ANY_DATA_STATE apnType=supl
D/MobileDataStateTracker( 2512): supl: Received state=DISCONNECTED, old=DISCONNECTED, reason=dataDetached
D/MobileDataStateTracker( 2512): hipri: Broadcast received: android.intent.action.ANY_DATA_STATE apnType=hipri
D/MobileDataStateTracker( 2512): hipri: Received state=DISCONNECTED, old=DISCONNECTED, reason=dataDetached
D/MobileDataStateTracker( 2512): ims: Broadcast received: android.intent.action.ANY_DATA_STATE apnType=ims
D/MobileDataStateTracker( 2512): ims: Received state=DISCONNECTED, old=DISCONNECTED, reason=dataDetached
D/MobileDataStateTracker( 2512): default: Broadcast received: android.intent.action.ANY_DATA_STATE apnType=default
D/MobileDataStateTracker( 2512): default: Received state=DISCONNECTED, old=DISCONNECTED, reason=dataDetached
D/MobileDataStateTracker( 2512): mms: Broadcast received: android.intent.action.ANY_DATA_STATE apnType=mms
D/MobileDataStateTracker( 2512): mms: Received state=DISCONNECTED, old=DISCONNECTED, reason=dataDetached
D/MobileDataStateTracker( 2512): cbs: Broadcast received: android.intent.action.ANY_DATA_STATE apnType=cbs
D/MobileDataStateTracker( 2512): cbs: Received state=DISCONNECTED, old=DISCONNECTED, reason=dataDetached
D/MobileDataStateTracker( 2512): fota: Broadcast received: android.intent.action.ANY_DATA_STATE apnType=fota
D/MobileDataStateTracker( 2512): fota: Received state=DISCONNECTED, old=DISCONNECTED, reason=roamingOff
D/MobileDataStateTracker( 2512): ia: Broadcast received: android.intent.action.ANY_DATA_STATE apnType=ia
D/MobileDataStateTracker( 2512): ia: Received state=DISCONNECTED, old=DISCONNECTED, reason=roamingOff
D/MobileDataStateTracker( 2512): supl: Broadcast received: android.intent.action.ANY_DATA_STATE apnType=supl
D/MobileDataStateTracker( 2512): supl: Received state=DISCONNECTED, old=DISCONNECTED, reason=roamingOff
D/MobileDataStateTracker( 2512): hipri: Broadcast received: android.intent.action.ANY_DATA_STATE apnType=hipri
D/MobileDataStateTracker( 2512): hipri: Received state=DISCONNECTED, old=DISCONNECTED, reason=roamingOff
D/MobileDataStateTracker( 2512): ims: Broadcast received: android.intent.action.ANY_DATA_STATE apnType=ims
D/MobileDataStateTracker( 2512): ims: Received state=DISCONNECTED, old=DISCONNECTED, reason=roamingOff
D/MobileDataStateTracker( 2512): default: Broadcast received: android.intent.action.ANY_DATA_STATE apnType=default
D/MobileDataStateTracker( 2512): default: Received state=DISCONNECTED, old=DISCONNECTED, reason=roamingOff
D/MobileDataStateTracker( 2512): mms: Broadcast received: android.intent.action.ANY_DATA_STATE apnType=mms
D/MobileDataStateTracker( 2512): mms: Received state=DISCONNECTED, old=DISCONNECTED, reason=roamingOff
D/MobileDataStateTracker( 2512): cbs: Broadcast received: android.intent.action.ANY_DATA_STATE apnType=cbs
D/MobileDataStateTracker( 2512): cbs: Received state=DISCONNECTED, old=DISCONNECTED, reason=roamingOff
D/MobileDataStateTracker( 2512): fota: Broadcast received: android.intent.action.ANY_DATA_STATE apnType=fota
D/MobileDataStateTracker( 2512): fota: Received state=DISCONNECTED, old=DISCONNECTED, reason=roamingOff
D/MobileDataStateTracker( 2512): ia: Broadcast received: android.intent.action.ANY_DATA_STATE apnType=ia
D/MobileDataStateTracker( 2512): ia: Received state=DISCONNECTED, old=DISCONNECTED, reason=roamingOff
D/MobileDataStateTracker( 2512): supl: Broadcast received: android.intent.action.ANY_DATA_STATE apnType=supl
D/MobileDataStateTracker( 2512): supl: Received state=DISCONNECTED, old=DISCONNECTED, reason=roamingOff
D/MobileDataStateTracker( 2512): hipri: Broadcast received: android.intent.action.ANY_DATA_STATE apnType=hipri
D/MobileDataStateTracker( 2512): hipri: Received state=DISCONNECTED, old=DISCONNECTED, reason=roamingOff
D/MobileDataStateTracker( 2512): ims: Broadcast received: android.intent.action.ANY_DATA_STATE apnType=ims
D/MobileDataStateTracker( 2512): ims: Received state=DISCONNECTED, old=DISCONNECTED, reason=roamingOff
D/MobileDataStateTracker( 2512): default: Broadcast received: android.intent.action.ANY_DATA_STATE apnType=default
D/MobileDataStateTracker( 2512): default: Received state=DISCONNECTED, old=DISCONNECTED, reason=roamingOff
D/MobileDataStateTracker( 2512): mms: Broadcast received: android.intent.action.ANY_DATA_STATE apnType=mms
D/MobileDataStateTracker( 2512): mms: Received state=DISCONNECTED, old=DISCONNECTED, reason=roamingOff
D/MobileDataStateTracker( 2512): cbs: Broadcast received: android.intent.action.ANY_DATA_STATE apnType=cbs
D/MobileDataStateTracker( 2512): cbs: Received state=DISCONNECTED, old=DISCONNECTED, reason=roamingOff
W/ContextImpl( 2512): Calling a method in the system process without a qualified user: android.app.ContextImpl.sendBroadcast:1186 com.android.server.NotificationManagerService.sendBroadcast:2154 com.android.server.NotificationManagerService$7.run:2087 android.os.Handler.handleCallback:733 android.os.Handler.dispatchMessage:95 
W/ContextImpl( 2512): Calling a method in the system process without a qualified user: android.app.ContextImpl.sendBroadcast:1186 com.android.server.NotificationManagerService.sendBroadcast:2154 com.android.server.NotificationManagerService$7.run:2087 android.os.Handler.handleCallback:733 android.os.Handler.dispatchMessage:95 
W/ContextImpl( 2512): Calling a method in the system process without a qualified user: android.app.ContextImpl.sendBroadcast:1186 com.android.server.NotificationManagerService.sendBroadcast:2154 com.android.server.NotificationManagerService$7.run:2087 android.os.Handler.handleCallback:733 android.os.Handler.dispatchMessage:95 
W/ContextImpl( 2512): Calling a method in the system process without a qualified user: android.app.ContextImpl.sendBroadcast:1186 com.android.server.NotificationManagerService.sendBroadcast:2154 com.android.server.NotificationManagerService$7.run:2087 android.os.Handler.handleCallback:733 android.os.Handler.dispatchMessage:95 
W/ContextImpl( 2512): Calling a method in the system process without a qualified user: android.app.ContextImpl.sendBroadcast:1186 com.android.server.NotificationManagerService.sendBroadcast:2154 com.android.server.NotificationManagerService$7.run:2087 android.os.Handler.handleCallback:733 android.os.Handler.dispatchMessage:95 
W/ContextImpl( 2512): Calling a method in the system process without a qualified user: android.app.ContextImpl.sendBroadcast:1186 com.android.server.NotificationManagerService.sendBroadcast:2154 com.android.server.NotificationManagerService$7.run:2087 android.os.Handler.handleCallback:733 android.os.Handler.dispatchMessage:95 
W/ContextImpl( 2512): Calling a method in the system process without a qualified user: android.app.ContextImpl.sendBroadcast:1186 com.android.server.NotificationManagerService.sendBroadcast:2154 com.android.server.NotificationManagerService$7.run:2087 android.os.Handler.handleCallback:733 android.os.Handler.dispatchMessage:95 
W/ContextImpl( 2512): Calling a method in the system process without a qualified user: android.app.ContextImpl.sendBroadcast:1186 com.android.server.NotificationManagerService.sendBroadcast:2154 com.android.server.NotificationManagerService$7.run:2087 android.os.Handler.handleCallback:733 android.os.Handler.dispatchMessage:95 
W/ContextImpl( 2512): Calling a method in the system process without a qualified user: android.app.ContextImpl.sendBroadcast:1186 com.android.server.NotificationManagerService.sendBroadcast:2154 com.android.server.NotificationManagerService$7.run:2087 android.os.Handler.handleCallback:733 android.os.Handler.dispatchMessage:95 
W/ContextImpl( 2512): Calling a method in the system process without a qualified user: android.app.ContextImpl.sendBroadcast:1186 com.android.server.NotificationManagerService.sendBroadcast:2154 com.android.server.NotificationManagerService$7.run:2087 android.os.Handler.handleCallback:733 android.os.Handler.dispatchMessage:95 
W/ContextImpl( 2512): Calling a method in the system process without a qualified user: android.app.ContextImpl.sendBroadcast:1186 com.android.server.NotificationManagerService.sendBroadcast:2154 com.android.server.NotificationManagerService$7.run:2087 android.os.Handler.handleCallback:733 android.os.Handler.dispatchMessage:95 
W/ContextImpl( 2512): Calling a method in the system process without a qualified user: android.app.ContextImpl.sendBroadcast:1186 com.android.server.NotificationManagerService.sendBroadcast:2154 com.android.server.NotificationManagerService$7.run:2087 android.os.Handler.handleCallback:733 android.os.Handler.dispatchMessage:95 
W/ContextImpl( 2512): Calling a method in the system process without a qualified user: android.app.ContextImpl.sendBroadcast:1186 com.android.server.NotificationManagerService.sendBroadcast:2154 com.android.server.NotificationManagerService$7.run:2087 android.os.Handler.handleCallback:733 android.os.Handler.dispatchMessage:95 
W/ContextImpl( 2512): Calling a method in the system process without a qualified user: android.app.ContextImpl.sendBroadcast:1186 com.android.server.NotificationManagerService.sendBroadcast:2154 com.android.server.NotificationManagerService$7.run:2087 android.os.Handler.handleCallback:733 android.os.Handler.dispatchMessage:95 
W/ContextImpl( 2512): Calling a method in the system process without a qualified user: android.app.ContextImpl.sendBroadcast:1186 com.android.server.NotificationManagerService.sendBroadcast:2154 com.android.server.NotificationManagerService$7.run:2087 android.os.Handler.handleCallback:733 android.os.Handler.dispatchMessage:95 
W/ContextImpl( 2512): Calling a method in the system process without a qualified user: android.app.ContextImpl.sendBroadcast:1186 com.android.server.NotificationManagerService.sendBroadcast:2154 com.android.server.NotificationManagerService$7.run:2087 android.os.Handler.handleCallback:733 android.os.Handler.dispatchMessage:95 
W/ContextImpl( 2512): Calling a method in the system process without a qualified user: android.app.ContextImpl.sendBroadcast:1186 com.android.server.NotificationManagerService.sendBroadcast:2154 com.android.server.NotificationManagerService$7.run:2087 android.os.Handler.handleCallback:733 android.os.Handler.dispatchMessage:95 
W/ContextImpl( 2512): Calling a method in the system process without a qualified user: android.app.ContextImpl.sendBroadcast:1186 com.android.server.NotificationManagerService.sendBroadcast:2154 com.android.server.NotificationManagerService$7.run:2087 android.os.Handler.handleCallback:733 android.os.Handler.dispatchMessage:95 
W/ContextImpl( 2512): Calling a method in the system process without a qualified user: android.app.ContextImpl.sendBroadcast:1186 com.android.server.NotificationManagerService.sendBroadcast:2154 com.android.server.NotificationManagerService$7.run:2087 android.os.Handler.handleCallback:733 android.os.Handler.dispatchMessage:95 
W/ContextImpl( 2512): Calling a method in the system process without a qualified user: android.app.ContextImpl.sendBroadcast:1186 com.android.server.NotificationManagerService.sendBroadcast:2154 com.android.server.NotificationManagerService$7.run:2087 android.os.Handler.handleCallback:733 android.os.Handler.dispatchMessage:95 
W/ContextImpl( 2512): Calling a method in the system process without a qualified user: android.app.ContextImpl.sendBroadcast:1186 com.android.server.NotificationManagerService.sendBroadcast:2154 com.android.server.NotificationManagerService$7.run:2087 android.os.Handler.handleCallback:733 android.os.Handler.dispatchMessage:95 
W/ContextImpl( 2512): Calling a method in the system process without a qualified user: android.app.ContextImpl.sendBroadcast:1186 com.android.server.NotificationManagerService.sendBroadcast:2154 com.android.server.NotificationManagerService$7.run:2087 android.os.Handler.handleCallback:733 android.os.Handler.dispatchMessage:95 
W/ContextImpl( 2512): Calling a method in the system process without a qualified user: android.app.ContextImpl.sendBroadcast:1186 com.android.server.NotificationManagerService.sendBroadcast:2154 com.android.server.NotificationManagerService$7.run:2087 android.os.Handler.handleCallback:733 android.os.Handler.dispatchMessage:95 
W/ContextImpl( 2512): Calling a method in the system process without a qualified user: android.app.ContextImpl.sendBroadcast:1186 com.android.server.NotificationManagerService.sendBroadcast:2154 com.android.server.NotificationManagerService$7.run:2087 android.os.Handler.handleCallback:733 android.os.Handler.dispatchMessage:95 
W/ContextImpl( 2512): Calling a method in the system process without a qualified user: android.app.ContextImpl.sendBroadcast:1186 com.android.server.NotificationManagerService.sendBroadcast:2154 com.android.server.NotificationManagerService$7.run:2087 android.os.Handler.handleCallback:733 android.os.Handler.dispatchMessage:95 
W/ContextImpl( 2512): Calling a method in the system process without a qualified user: android.app.ContextImpl.sendBroadcast:1186 com.android.server.NotificationManagerService.sendBroadcast:2154 com.android.server.NotificationManagerService$7.run:2087 android.os.Handler.handleCallback:733 android.os.Handler.dispatchMessage:95 
W/ContextImpl( 2512): Calling a method in the system process without a qualified user: android.app.ContextImpl.sendBroadcast:1186 com.android.server.NotificationManagerService.sendBroadcast:2154 com.android.server.NotificationManagerService$7.run:2087 android.os.Handler.handleCallback:733 android.os.Handler.dispatchMessage:95 
W/ContextImpl( 2512): Calling a method in the system process without a qualified user: android.app.ContextImpl.sendBroadcast:1186 com.android.server.NotificationManagerService.sendBroadcast:2154 com.android.server.NotificationManagerService$7.run:2087 android.os.Handler.handleCallback:733 android.os.Handler.dispatchMessage:95 
W/ContextImpl( 2512): Calling a method in the system process without a qualified user: android.app.ContextImpl.sendBroadcast:1186 com.android.server.NotificationManagerService.sendBroadcast:2154 com.android.server.NotificationManagerService$7.run:2087 android.os.Handler.handleCallback:733 android.os.Handler.dispatchMessage:95 
W/ContextImpl( 2512): Calling a method in the system process without a qualified user: android.app.ContextImpl.sendBroadcast:1186 com.android.server.NotificationManagerService.sendBroadcast:2154 com.android.server.NotificationManagerService$7.run:2087 android.os.Handler.handleCallback:733 android.os.Handler.dispatchMessage:95 
W/ContextImpl( 2512): Calling a method in the system process without a qualified user: android.app.ContextImpl.sendBroadcast:1186 com.android.server.NotificationManagerService.sendBroadcast:2154 com.android.server.NotificationManagerService$7.run:2087 android.os.Handler.handleCallback:733 android.os.Handler.dispatchMessage:95 
W/ContextImpl( 2512): Calling a method in the system process without a qualified user: android.app.ContextImpl.sendBroadcast:1186 com.android.server.NotificationManagerService.sendBroadcast:2154 com.android.server.NotificationManagerService$7.run:2087 android.os.Handler.handleCallback:733 android.os.Handler.dispatchMessage:95 
W/ContextImpl( 2512): Calling a method in the system process without a qualified user: android.app.ContextImpl.sendBroadcast:1186 com.android.server.NotificationManagerService.sendBroadcast:2154 com.android.server.NotificationManagerService$7.run:2087 android.os.Handler.handleCallback:733 android.os.Handler.dispatchMessage:95 
W/ContextImpl( 2512): Calling a method in the system process without a qualified user: android.app.ContextImpl.sendBroadcast:1186 com.android.server.NotificationManagerService.sendBroadcast:2154 com.android.server.NotificationManagerService$7.run:2087 android.os.Handler.handleCallback:733 android.os.Handler.dispatchMessage:95 
W/ContextImpl( 2512): Calling a method in the system process without a qualified user: android.app.ContextImpl.sendBroadcast:1186 com.android.server.NotificationManagerService.sendBroadcast:2154 com.android.server.NotificationManagerService$7.run:2087 android.os.Handler.handleCallback:733 android.os.Handler.dispatchMessage:95 
W/ContextImpl( 2512): Calling a method in the system process without a qualified user: android.app.ContextImpl.sendBroadcast:1186 com.android.server.NotificationManagerService.sendBroadcast:2154 com.android.server.NotificationManagerService$7.run:2087 android.os.Handler.handleCallback:733 android.os.Handler.dispatchMessage:95 
W/ContextImpl( 2512): Calling a method in the system process without a qualified user: android.app.ContextImpl.sendBroadcast:1186 com.android.server.NotificationManagerService.sendBroadcast:2154 com.android.server.NotificationManagerService$7.run:2087 android.os.Handler.handleCallback:733 android.os.Handler.dispatchMessage:95 
W/ContextImpl( 2512): Calling a method in the system process without a qualified user: android.app.ContextImpl.sendBroadcast:1186 com.android.server.NotificationManagerService.sendBroadcast:2154 com.android.server.NotificationManagerService$7.run:2087 android.os.Handler.handleCallback:733 android.os.Handler.dispatchMessage:95 
W/ContextImpl( 2512): Calling a method in the system process without a qualified user: android.app.ContextImpl.sendBroadcast:1186 com.android.server.NotificationManagerService.sendBroadcast:2154 com.android.server.NotificationManagerService$7.run:2087 android.os.Handler.handleCallback:733 android.os.Handler.dispatchMessage:95 
W/ContextImpl( 2512): Calling a method in the system process without a qualified user: android.app.ContextImpl.sendBroadcast:1186 com.android.server.NotificationManagerService.sendBroadcast:2154 com.android.server.NotificationManagerService$7.run:2087 android.os.Handler.handleCallback:733 android.os.Handler.dispatchMessage:95 
W/ContextImpl( 2512): Calling a method in the system process without a qualified user: android.app.ContextImpl.sendBroadcast:1186 com.android.server.NotificationManagerService.sendBroadcast:2154 com.android.server.NotificationManagerService$7.run:2087 android.os.Handler.handleCallback:733 android.os.Handler.dispatchMessage:95 
W/ContextImpl( 2512): Calling a method in the system process without a qualified user: android.app.ContextImpl.sendBroadcast:1186 com.android.server.NotificationManagerService.sendBroadcast:2154 com.android.server.NotificationManagerService$7.run:2087 android.os.Handler.handleCallback:733 android.os.Handler.dispatchMessage:95 
I/ActivityManager( 2512): Start proc com.example.b_activity for broadcast com.example.b_activity/.SetEthnetBroadcastReceiver: pid=2919 uid=1000 gids={41000, 1028, 1015, 3002, 3001, 3003, 2001, 1023}
I/ActivityManager( 2512): Start proc com.iflytek.speechcloud:tts_service for service com.iflytek.speechcloud/.TtsService: pid=2937 uid=10037 gids={50037, 3003, 1028, 1015}
I/ActivityThread( 2919): Switching default density from 160 to 120
I/ActivityThread( 2937): Switching default density from 160 to 120
I/ActivityManager( 2512): Start proc com.android.settings for broadcast com.android.settings/.widget.SettingsAppWidgetProvider: pid=2963 uid=1000 gids={41000, 1028, 1015, 3002, 3001, 3003, 2001, 1023}
I/ActivityThread( 2963): Switching default density from 160 to 120
W/ContextImpl( 2512): Calling a method in the system process without a qualified user: android.app.ContextImpl.sendBroadcast:1186 com.android.server.wm.WindowManagerService.performEnableScreen:5388 com.android.server.wm.WindowManagerService.enableScreenAfterBoot:5251 com.android.server.am.ActivityManagerService.enableScreenAfterBoot:5213 com.android.server.am.ActivityStackSupervisor.activityIdleInternalLocked:1932 
V/WiredAccessoryManager( 2512): init()
I/ActivityManager( 2512): Start proc com.softwinner.update for broadcast com.softwinner.update/.LoaderReceiver: pid=3034 uid=1000 gids={41000, 1028, 1015, 3002, 3001, 3003, 2001, 1023}
D/alarmDebug( 2512): setAlarm, packagename = android type = 0 after 300 ,interval = 300
W/ActivityThread( 2937): ClassLoader.loadClass: The class loader returned by Thread.getContextClassLoader() may fail for processes that host multiple applications. You should explicitly specify a context class loader. For example: Thread.setContextClassLoader(getClass().getClassLoader());
I/ActivityManager( 2512): Start proc com.iflytek.speechcloud for service com.iflytek.speechcloud/com.iflytek.common.LaunchService: pid=3067 uid=10037 gids={50037, 3003, 1028, 1015}
I/ActivityThread( 3034): Switching default density from 160 to 120
I/ActivityThread( 3067): Switching default density from 160 to 120
W/ContextImpl( 3034): Calling a method in the system process without a qualified user: android.app.ContextImpl.startService:1542 android.content.ContextWrapper.startService:494 android.content.ContextWrapper.startService:494 com.softwinner.update.LoaderReceiver.startService:51 com.softwinner.update.LoaderReceiver.onReceive:76 
W/ActivityThread( 3067): ClassLoader.loadClass: The class loader returned by Thread.getContextClassLoader() may fail for processes that host multiple applications. You should explicitly specify a context class loader. For example: Thread.setContextClassLoader(getClass().getClassLoader());
D/alarmDebug( 2512): setAlarm, packagename = com.iflytek.speechcloud type = 0 after 7199 ,interval = 0
I/ActivityManager( 2512): Start proc com.iflytek.speechcloud:xpush for broadcast com.iflytek.speechcloud/com.iflytek.pushclient.manager.PushServiceReceiver: pid=3199 uid=10037 gids={50037, 3003, 1028, 1015}
I/ActivityThread( 3199): Switching default density from 160 to 120
D/alarmDebug( 2512): setAlarm, packagename = android type = 2 after 7200 ,interval = 0
E/AudioDeviceManagerObserver( 2512): Could not parse switch state for /sys/devices/virtual/switch/h2w/state ,fail because /sys/devices/virtual/switch/h2w/state: open failed: ENOENT (No such file or directory)
W/ActivityThread( 3199): ClassLoader.loadClass: The class loader returned by Thread.getContextClassLoader() may fail for processes that host multiple applications. You should explicitly specify a context class loader. For example: Thread.setContextClassLoader(getClass().getClassLoader());
D/alarmDebug( 2512): setAlarm, packagename = com.iflytek.speechcloud type = 0 after 299 ,interval = 0
I/PowerManagerService( 2512): Boot animation finished.
D/DynamicPManagerService( 2512): mMaxPowerEnable = false
D/DynamicPManagerService( 2512): updateDynamicPower
I/BootReceiver( 2512): Copying audit failures to DropBox
I/BootReceiver( 2512): Checking for fsck errors
I/ActivityManager( 2512): Start proc com.android.onetimeinitializer for broadcast com.android.onetimeinitializer/.OneTimeInitializerReceiver: pid=3275 uid=10011 gids={50011}
I/ActivityThread( 3275): Switching default density from 160 to 120
I/ActivityManager( 2512): Delay finish: com.android.onetimeinitializer/.OneTimeInitializerReceiver
I/ActivityManager( 2512): Resuming delayed broadcast
W/ContextImpl( 3034): Calling a method in the system process without a qualified user: android.app.ContextImpl.startService:1542 android.content.ContextWrapper.startService:494 android.content.ContextWrapper.startService:494 com.softwinner.update.LoaderReceiver.startServiceFromBootComplet:60 com.softwinner.update.LoaderReceiver.onReceive:81 
D/alarmDebug( 2512): setAlarm, packagename = com.iflytek.speechcloud type = 0 after 299 ,interval = 0
D/alarmDebug( 2512): setAlarm, packagename = com.iflytek.speechcloud type = 0 after 299 ,interval = 0
D/alarmDebug( 2512): setAlarm, packagename = com.iflytek.speechcloud type = 0 after 299 ,interval = 0
D/alarmDebug( 2512): setAlarm, packagename = com.iflytek.speechcloud type = 0 after 299 ,interval = 0
D/alarmDebug( 2512): setKernel, wakeup at 26
D/alarmDebug( 2512): setAlarm, packagename = com.iflytek.speechcloud type = 0 after 299 ,interval = 0
W/ProcessCpuTracker( 2512): Skipping unknown process pid 3867
W/ProcessCpuTracker( 2512): Skipping unknown process pid 3908
W/ProcessCpuTracker( 2512): Skipping unknown process pid 3909
D/alarmDebug( 2512): setAlarm, packagename = android type = 2 after 41472 ,interval = 0
D/ConnectivityService( 2512): handleCaptivePortalTrackerCheck11111
D/ConnectivityService( 2512): Captive portal check NetworkInfo: type: WIFI[], state: CONNECTING/CAPTIVE_PORTAL_CHECK, reason: (unspecified), extra: "fleety_qrsrjb", roaming: false, failover: false, isAvailable: true, isConnectedToProvisioningNetwork: false
D/ConnectivityService( 2512): Captive check on WIFI
D/ConnectivityService( 2512): captivePortalCheckComplete: ni=NetworkInfo: type: WIFI[], state: CONNECTING/CAPTIVE_PORTAL_CHECK, reason: (unspecified), extra: "fleety_qrsrjb", roaming: false, failover: false, isAvailable: true, isConnectedToProvisioningNetwork: false
D/ConnectivityService( 2512): ConnectivityChange for WIFI: CONNECTED/CONNECTED
D/ConnectivityService( 2512): Connected type: 1
D/ConnectivityService( 2512): Current preferred type: 0
D/ConnectivityService( 2512): Policy requires ETHERNET teardown
D/ConnectivityService( 2512): yangkang111
E/ConnectivityService( 2512): Unexpected mtu value: android.net.wifi.WifiStateTracker@41b53890
D/ConnectivityService( 2512): handleDnsConfigurationChange: netType(1)
D/ConnectivityService( 2512): dnses:[/114.114.114.114, /211.136.150.66]
D/ConnectivityService( 2512): mActiveDefaultNetwork:1
D/ConnectivityService( 2512): newLp.InterfaceName:wlan0
D/ConnectivityService( 2512): mActiveDefaultNetwork:1
D/ConnectivityService( 2512): newLp.InterfaceName:wlan0
D/Nat464Xlat( 2512): requiresClat: netType=1, hasIPv4Address=true
D/alarmDebug( 2512): setKernel, wakeup at 31
W/InputMethodManagerService( 2512): Window already focused, ignoring focus gain of: com.android.internal.view.IInputMethodClient$Stub$Proxy@41ab58a0 attribute=null, token = android.os.BinderProxy@41b1ce90
D/ConnectivityService( 2512): handleDnsConfigurationChange: netType(1)
D/ConnectivityService( 2512): dnses:[/114.114.114.114, /211.136.150.66]
D/ConnectivityService( 2512): handleConnectivityChange: addresses changed linkProperty[1]: resetMask=0
D/ConnectivityService( 2512):    car=removed=[] added=[fe80::8620:96ff:fe2b:d673/64,]
D/ConnectivityService( 2512): renew ip, routesChanged is false.
D/ConnectivityService( 2512): renew ip, newLp != null 
D/ConnectivityService( 2512): mActiveDefaultNetwork:1
D/ConnectivityService( 2512): newLp.InterfaceName:wlan0
D/ConnectivityService( 2512): mActiveDefaultNetwork:1
D/ConnectivityService( 2512): newLp.InterfaceName:wlan0
D/Nat464Xlat( 2512): requiresClat: netType=1, hasIPv4Address=true
W/ContextImpl( 3034): Calling a method in the system process without a qualified user: android.app.ContextImpl.startService:1542 android.content.ContextWrapper.startService:494 android.content.ContextWrapper.startService:494 com.softwinner.update.LoaderReceiver.startService:51 com.softwinner.update.LoaderReceiver.onReceive:76 
D/alarmDebug( 2512): setKernel, wakeup at 36
D/alarmDebug( 2512): setAlarm, packagename = com.iflytek.speechcloud type = 0 after 299 ,interval = 0
I/ActivityManager( 2512): Waited long enough for: ServiceRecord{41baa288 u0 com.softwinner.update/.UpdateService}
D/alarmDebug( 2512): setKernel, wakeup at 41
D/ConnectivityService( 2512): setProvNotificationVisible: E visible=false networkType=1 extraInfo=null url=null
W/ContextImpl( 2512): Calling a method in the system process without a qualified user: android.app.ContextImpl.sendBroadcast:1186 com.android.server.NotificationManagerService.sendBroadcast:2154 com.android.server.NotificationManagerService$7.run:2087 android.os.Handler.handleCallback:733 android.os.Handler.dispatchMessage:95 
D/alarmDebug( 2512): setKernel, wakeup at 46
D/alarmDebug( 2512): setKernel, wakeup at 51
D/alarmDebug( 2512): setKernel, wakeup at 56
D/alarmDebug( 2512): setKernel, wakeup at 61
D/Nat464Xlat( 2512): requiresClat: netType=9, hasIPv4Address=false
D/ConnectivityService( 2512): ConnectivityChange for ETHERNET: DISCONNECTED/DISCONNECTED
D/ConnectivityService( 2512): Attempting to switch to mobile
D/ConnectivityService( 2512): Attempting to switch to WIFI
D/ConnectivityService( 2512): renew ip, routesChanged is false.
D/Nat464Xlat( 2512): requiresClat: netType=9, hasIPv4Address=false
D/ConnectivityService( 2512): ConnectivityChange for ETHERNET: CONNECTED/CONNECTED
D/ConnectivityService( 2512): Connected type: 9
D/ConnectivityService( 2512): Current preferred type: 0
D/ConnectivityService( 2512): yangkang112
W/ActivityThread( 2512): ClassLoader.loadClass: The class loader returned by Thread.getContextClassLoader() may fail for processes that host multiple applications. You should explicitly specify a context class loader. For example: Thread.setContextClassLoader(getClass().getClassLoader());
W/ContextImpl( 3034): Calling a method in the system process without a qualified user: android.app.ContextImpl.startService:1542 android.content.ContextWrapper.startService:494 android.content.ContextWrapper.startService:494 com.softwinner.update.LoaderReceiver.startService:51 com.softwinner.update.LoaderReceiver.onReceive:76 
W/ContextImpl( 3034): Calling a method in the system process without a qualified user: android.app.ContextImpl.startService:1542 android.content.ContextWrapper.startService:494 android.content.ContextWrapper.startService:494 com.softwinner.update.LoaderReceiver.startService:51 com.softwinner.update.LoaderReceiver.onReceive:76 
W/ActivityThread( 3034): ClassLoader.loadClass: The class loader returned by Thread.getContextClassLoader() may fail for processes that host multiple applications. You should explicitly specify a context class loader. For example: Thread.setContextClassLoader(getClass().getClassLoader());
D/ConnectivityService( 2512): renew ip, routesChanged is false.
D/Nat464Xlat( 2512): requiresClat: netType=9, hasIPv4Address=false
D/ConnectivityService( 2512): ConnectivityChange for ETHERNET: DISCONNECTED/DISCONNECTED
D/ConnectivityService( 2512): Attempting to switch to mobile
D/ConnectivityService( 2512): Attempting to switch to WIFI
D/ConnectivityService( 2512): renew ip, routesChanged is false.
D/Nat464Xlat( 2512): requiresClat: netType=9, hasIPv4Address=false
D/alarmDebug( 2512): setKernel, wakeup at 66
D/ConnectivityService( 2512): ConnectivityChange for ETHERNET: CONNECTED/CONNECTED
D/ConnectivityService( 2512): Connected type: 9
D/ConnectivityService( 2512): Current preferred type: 0
D/ConnectivityService( 2512): yangkang112
D/alarmDebug( 2512): setAlarm, packagename = com.iflytek.speechcloud type = 0 after 299 ,interval = 0
W/ContextImpl( 3034): Calling a method in the system process without a qualified user: android.app.ContextImpl.startService:1542 android.content.ContextWrapper.startService:494 android.content.ContextWrapper.startService:494 com.softwinner.update.LoaderReceiver.startService:51 com.softwinner.update.LoaderReceiver.onReceive:76 
W/ContextImpl( 3034): Calling a method in the system process without a qualified user: android.app.ContextImpl.startService:1542 android.content.ContextWrapper.startService:494 android.content.ContextWrapper.startService:494 com.softwinner.update.LoaderReceiver.startService:51 com.softwinner.update.LoaderReceiver.onReceive:76 
D/alarmDebug( 2512): setKernel, wakeup at 71
W/ProcessCpuTracker( 2512): Skipping unknown process pid 4351
D/alarmDebug( 2512): setAlarm, packagename = com.iflytek.speechcloud type = 0 after 299 ,interval = 0
D/ConnectivityService( 2512): captivePortalCheckCompleted: ni=NetworkInfo: type: WIFI[], state: CONNECTED/CONNECTED, reason: (unspecified), extra: "fleety_qrsrjb", roaming: false, failover: false, isAvailable: true, isConnectedToProvisioningNetwork: false captive=false
D/alarmDebug( 2512): setKernel, wakeup at 76
D/ConnectivityService( 2512): Sampling interval elapsed, updating statistics ..
D/ConnectivityService( 2512): Done.
D/ConnectivityService( 2512): Setting timer for 720seconds
D/alarmDebug( 2512): setKernel, wakeup at 81
D/alarmDebug( 2512): setKernel, wakeup at 86
D/alarmDebug( 2512): setKernel, wakeup at 91
D/alarmDebug( 2512): setKernel, wakeup at 96
D/alarmDebug( 2512): setKernel, wakeup at 101
D/alarmDebug( 2512): setKernel, wakeup at 106
D/alarmDebug( 2512): setKernel, wakeup at 111
D/alarmDebug( 2512): setKernel, wakeup at 116
D/alarmDebug( 2512): setKernel, wakeup at 121
D/alarmDebug( 2512): setKernel, wakeup at 126
D/alarmDebug( 2512): setKernel, wakeup at 131
D/alarmDebug( 2512): setKernel, wakeup at 136
D/alarmDebug( 2512): setKernel, wakeup at 141
D/alarmDebug( 2512): setKernel, wakeup at 146
D/alarmDebug( 2512): setKernel, wakeup at 151
D/alarmDebug( 2512): setKernel, wakeup at 156
D/alarmDebug( 2512): setKernel, wakeup at 161
D/alarmDebug( 2512): setKernel, wakeup at 166
D/alarmDebug( 2512): setKernel, wakeup at 171
D/alarmDebug( 2512): setKernel, wakeup at 176
D/alarmDebug( 2512): setKernel, wakeup at 181
D/alarmDebug( 2512): setKernel, wakeup at 186
D/alarmDebug( 2512): setKernel, wakeup at 191
D/alarmDebug( 2512): setKernel, wakeup at 196
D/alarmDebug( 2512): setKernel, wakeup at 201
D/alarmDebug( 2512): setKernel, wakeup at 206
D/alarmDebug( 2512): setKernel, wakeup at 211
D/alarmDebug( 2512): setKernel, wakeup at 216
D/alarmDebug( 2512): setKernel, wakeup at 221
D/alarmDebug( 2512): setKernel, wakeup at 226
D/alarmDebug( 2512): setKernel, wakeup at 231
D/alarmDebug( 2512): setKernel, wakeup at 236
D/alarmDebug( 2512): setKernel, wakeup at 241
D/alarmDebug( 2512): setKernel, wakeup at 246
D/alarmDebug( 2512): setKernel, wakeup at 251
D/alarmDebug( 2512): setKernel, wakeup at 256
D/alarmDebug( 2512): setKernel, wakeup at 261
D/alarmDebug( 2512): setKernel, wakeup at 266
D/alarmDebug( 2512): setKernel, wakeup at 271
D/alarmDebug( 2512): setKernel, wakeup at 276
D/alarmDebug( 2512): setKernel, wakeup at 281
D/alarmDebug( 2512): setKernel, wakeup at 286
D/alarmDebug( 2512): setKernel, wakeup at 291
D/alarmDebug( 2512): setKernel, wakeup at 296
D/alarmDebug( 2512): setKernel, wakeup at 301
D/alarmDebug( 2512): setKernel, wakeup at 306
D/alarmDebug( 2512): setKernel, wakeup at 311
D/alarmDebug( 2512): setKernel, wakeup at 316
D/alarmDebug( 2512): setKernel, wakeup at 321
D/alarmDebug( 2512): setKernel, wakeup at 326
D/alarmDebug( 2512): setKernel, wakeup at 331
D/alarmDebug( 2512): setKernel, wakeup at 336
D/alarmDebug( 2512): setKernel, wakeup at 341
D/alarmDebug( 2512): setKernel, wakeup at 346
D/alarmDebug( 2512): setKernel, wakeup at 351
D/alarmDebug( 2512): setKernel, wakeup at 356
D/alarmDebug( 2512): setKernel, wakeup at 361
D/alarmDebug( 2512): setKernel, wakeup at 366
D/alarmDebug( 2512): setKernel, wakeup at 367
D/alarmDebug( 2512): setKernel, wakeup at 371
D/alarmDebug( 2512): setAlarm, packagename = com.iflytek.speechcloud type = 0 after 299 ,interval = 0
D/alarmDebug( 2512): setKernel, wakeup at 376
D/alarmDebug( 2512): setKernel, wakeup at 381
D/alarmDebug( 2512): setKernel, wakeup at 386
I/ActivityManager( 2512): START u0 {cmp=com.fleety.ft2016App/.FaceLoginBaiduActivity (has extras)} from pid 2709
I/UsageStats( 2512): No package stats for pkg:com.fleety.ft2016App
W/ProcessCpuTracker( 2512): Skipping unknown process pid 6306
D/alarmDebug( 2512): setKernel, wakeup at 391
D/alarmDebug( 2512): setKernel, wakeup at 396
D/alarmDebug( 2512): setKernel, wakeup at 401
W/ProcessCpuTracker( 2512): Skipping unknown process pid 7454
D/alarmDebug( 2512): setKernel, wakeup at 406
D/alarmDebug( 2512): setKernel, wakeup at 411
D/alarmDebug( 2512): setKernel, wakeup at 416
D/alarmDebug( 2512): setKernel, wakeup at 421
D/alarmDebug( 2512): setKernel, wakeup at 426
D/alarmDebug( 2512): setKernel, wakeup at 431
W/ProcessCpuTracker( 2512): Skipping unknown process pid 9483
D/alarmDebug( 2512): setKernel, wakeup at 436
D/alarmDebug( 2512): setKernel, wakeup at 441
D/alarmDebug( 2512): setKernel, wakeup at 446
D/alarmDebug( 2512): setKernel, wakeup at 451
D/alarmDebug( 2512): setKernel, wakeup at 456
D/alarmDebug( 2512): setKernel, wakeup at 461
D/alarmDebug( 2512): setKernel, wakeup at 466
D/alarmDebug( 2512): setKernel, wakeup at 471
D/alarmDebug( 2512): setKernel, wakeup at 476
D/alarmDebug( 2512): setKernel, wakeup at 481
D/alarmDebug( 2512): setKernel, wakeup at 486
